Archive member included to satisfy reference by file (symbol)

/Users/coleman/Library/Developer/Toolchains/swift-6.3.2-RELEASE.xctoolchain/usr/lib/swift/embedded/armv4t-none-none-eabi/libswiftUnicodeDataTables.a(UnicodeEmoji.cpp.o)
                              build/junkbot.swift.o (_swift_stdlib_isExtendedPictographic)
/Users/coleman/Library/Developer/Toolchains/swift-6.3.2-RELEASE.xctoolchain/usr/lib/swift/embedded/armv4t-none-none-eabi/libswiftUnicodeDataTables.a(UnicodeGrapheme.cpp.o)
                              build/junkbot.swift.o (_swift_stdlib_getGraphemeBreakProperty)
/Users/coleman/Library/Developer/Toolchains/swift-6.3.2-RELEASE.xctoolchain/usr/lib/swift/embedded/armv4t-none-none-eabi/libswiftUnicodeDataTables.a(UnicodeNormalization.cpp.o)
                              build/junkbot.swift.o (_swift_stdlib_getNormData)
/Users/coleman/Library/Developer/Toolchains/swift-6.3.2-RELEASE.xctoolchain/usr/lib/swift/embedded/armv4t-none-none-eabi/libswiftUnicodeDataTables.a(UnicodeScalarProps.cpp.o)
                              build/junkbot.swift.o (_swift_stdlib_getBinaryProperties)
/Users/coleman/Library/Developer/Toolchains/swift-6.3.2-RELEASE.xctoolchain/usr/lib/swift/embedded/armv4t-none-none-eabi/libswiftUnicodeDataTables.a(UnicodeData.cpp.o)
                              /Users/coleman/Library/Developer/Toolchains/swift-6.3.2-RELEASE.xctoolchain/usr/lib/swift/embedded/armv4t-none-none-eabi/libswiftUnicodeDataTables.a(UnicodeNormalization.cpp.o) (_swift_stdlib_getMphIdx)
/opt/devkitpro/libnds/lib/libnds9.a(background.o)
                              build/junkbot.swift.o (bgState)
/opt/devkitpro/libnds/lib/libnds9.a(console.o)
                              build/junkbot.swift.o (consoleDemoInit)
/opt/devkitpro/libnds/lib/libnds9.a(keys.o)
                              build/junkbot.swift.o (scanKeys)
/opt/devkitpro/libnds/lib/libnds9.a(sprite.o)
                              build/shim.o (oamInit)
/opt/devkitpro/libnds/lib/libnds9.a(trig.o)
                              /opt/devkitpro/libnds/lib/libnds9.a(background.o) (sinLerp)
/opt/devkitpro/libnds/lib/libnds9.a(video.o)
                              build/junkbot.swift.o (vramSetPrimaryBanks)
/opt/devkitpro/libnds/lib/libnds9.a(default_font.bin.o)
                              /opt/devkitpro/libnds/lib/libnds9.a(console.o) (default_font_bin)
/opt/devkitpro/libnds/lib/libnds9.a(sprite_alloc.o)
                              /opt/devkitpro/libnds/lib/libnds9.a(sprite.o) (oamAllocReset)
/opt/devkitpro/calico/lib/libcalico_ds9.a(thread_cold.o)
                              build/junkbot.swift.o (threadIrqWait)
/opt/devkitpro/calico/lib/libcalico_ds9.a(thread_hot.32.o)
                              /opt/devkitpro/calico/lib/libcalico_ds9.a(thread_cold.o) (threadSwitchTo)
/opt/devkitpro/calico/lib/libcalico_ds9.a(mutex.o)
                              /opt/devkitpro/calico/lib/libcalico_ds9.a(thread_cold.o) (threadUpdateDynamicPrio)
/opt/devkitpro/calico/lib/libcalico_ds9.a(arm-copy-fill.32.o)
                              /opt/devkitpro/calico/lib/libcalico_ds9.a(thread_cold.o) (armCopyMem32)
/opt/devkitpro/calico/lib/libcalico_ds9.a(arm-context.32.o)
                              /opt/devkitpro/calico/lib/libcalico_ds9.a(thread_hot.32.o) (armContextSave)
/opt/devkitpro/calico/lib/libcalico_ds9.a(arm-shims.32.o)
                              /opt/devkitpro/calico/lib/libcalico_ds9.a(thread_cold.o) (armWaitForIrq)
/opt/devkitpro/calico/lib/libcalico_ds9.a(arm-cache.32.o)
                              /opt/devkitpro/libnds/lib/libnds9.a(sprite.o) (armDCacheFlush)
/opt/devkitpro/calico/lib/libcalico_ds9.a(keypad.o)
                              /opt/devkitpro/libnds/lib/libnds9.a(keys.o) (keypadGetState)
/opt/devkitpro/calico/lib/libcalico_ds9.a(pm.o)
                              build/junkbot.swift.o (pmMainLoop)
/opt/devkitpro/calico/lib/libcalico_ds9.a(bootstub_arm9.o)
                              (__ds9_bootstub)
/opt/devkitpro/calico/lib/libcalico_ds9.a(excpt_handler.32.o)
                              /opt/devkitpro/calico/lib/libcalico_ds9.a(bootstub_arm9.o) (__arm_excpt_rst)
/opt/devkitpro/calico/lib/libcalico_ds9.a(touch.o)
                              build/junkbot.swift.o (touchRead)
/opt/devkitpro/calico/lib/libcalico_ds9.a(tick.o)
                              /opt/devkitpro/calico/lib/libcalico_ds9.a(thread_cold.o) (tickTaskStart)
/opt/devkitpro/calico/lib/libcalico_ds9.a(mailbox.o)
                              /opt/devkitpro/calico/lib/libcalico_ds9.a(pm.o) (mailboxRecv)
/opt/devkitpro/calico/lib/libcalico_ds9.a(newlib_syscalls.o)
                              /opt/devkitpro/calico/lib/libcalico_ds9.a(bootstub_arm9.o) (__newlib_syscalls)
/opt/devkitpro/calico/lib/libcalico_ds9.a(startup.crt0.o)
                              /opt/devkitpro/calico/lib/libcalico_ds9.a(bootstub_arm9.o) (crt0Startup)
/opt/devkitpro/calico/lib/libcalico_ds9.a(utils.crt0.o)
[...]
Memory Configuration

Name             Origin             Length             Attributes
lma9             0x02004000         0x0027c000
lma9i            0x02400000         0x00280000
vectors          0x00000000         0x00000020
itcm             0x01ff8020         0x00007fe0
main             0x02001000         0x00f7f000
dtcm             0x02ff0000         0x00003e80
dldi             0x0380b000         0x00004000
stub             0x0e000000         0x00004000
tls              0x00000000         0x00000400
*default*        0x00000000         0xffffffff

Linker script and memory map

                0x00000000                        __sync_synchronize = __sync_synchronize_none
LOAD /opt/devkitpro/devkitARM/lib/gcc/arm-none-eabi/16.1.0/thumb/crti.o
LOAD /opt/devkitpro/devkitARM/lib/gcc/arm-none-eabi/16.1.0/thumb/crtbegin.o
LOAD build/junkbot.swift.o
LOAD build/shim.o
LOAD build/sprites_bin.o
LOAD build/levels_bin.o
LOAD /Users/coleman/Library/Developer/Toolchains/swift-6.3.2-RELEASE.xctoolchain/usr/lib/swift/embedded/armv4t-none-none-eabi/libswiftUnicodeDataTables.a
LOAD /opt/devkitpro/libnds/lib/libnds9.a
LOAD /opt/devkitpro/calico/lib/libcalico_ds9.a
LOAD /opt/devkitpro/devkitARM/lib/gcc/arm-none-eabi/16.1.0/../../../../arm-none-eabi/lib/thumb/libm.a
START GROUP
LOAD /opt/devkitpro/devkitARM/lib/gcc/arm-none-eabi/16.1.0/thumb/libgcc.a
LOAD /opt/devkitpro/devkitARM/lib/gcc/arm-none-eabi/16.1.0/../../../../arm-none-eabi/lib/thumb/libg.a
LOAD /opt/devkitpro/devkitARM/lib/gcc/arm-none-eabi/16.1.0/../../../../arm-none-eabi/lib/thumb/libc.a
LOAD /opt/devkitpro/devkitARM/lib/gcc/arm-none-eabi/16.1.0/../../../../arm-none-eabi/lib/thumb/libsysbase.a
END GROUP
LOAD /opt/devkitpro/devkitARM/lib/gcc/arm-none-eabi/16.1.0/thumb/crtend.o
LOAD /opt/devkitpro/devkitARM/lib/gcc/arm-none-eabi/16.1.0/thumb/crtn.o
                0x02ff3e80                        PROVIDE (__sp_usr = (ORIGIN (dtcm) + LENGTH (dtcm)))
                0x02ff3f80                        PROVIDE (__sp_irq = (__sp_usr + 0x100))
                0x02ff3fc0                        PROVIDE (__sp_svc = (__sp_irq + 0x40))
                0x02ff3ff8                        PROVIDE (__irq_flags = (__sp_svc + 0x38))
                [!provide]                        PROVIDE (__irq_vector = (__sp_svc + 0x3c))
                [!provide]                        PROVIDE (__arm_excpt_rst = 0xffff0000)
                [!provide]                        PROVIDE (__arm_excpt_und = 0xffff0004)
                0xffff0008                        PROVIDE (__arm_excpt_svc = 0xffff0008)
                [!provide]                        PROVIDE (__arm_excpt_pabt = 0xffff000c)
                [!provide]                        PROVIDE (__arm_excpt_dabt = 0xffff0010)
                [!provide]                        PROVIDE (__arm_excpt_irq = 0xffff0018)
                [!provide]                        PROVIDE (__arm_excpt_fiq = 0xffff001c)
                0x00000000                        PROVIDE (__end__ = 0x0)

.secure         0x0e000000      0x800 load address 0x02004000
                0x0e0007fc                        . = (. + 0x7fc)
 *fill*         0x0e000000      0x7fc 00000000
                0x0e0007fc        0x4 LONG 0x0

.bootstub       0x0e000800      0x198 load address 0x02004800
 *(.bootstub .bootstub.*)
 .bootstub.__ds9_bootstub
                0x0e000800      0x198 /opt/devkitpro/calico/lib/libcalico_ds9.a(bootstub_arm9.o)
                0x0e000800                __ds9_bootstub
                0x0e000998                        . = ALIGN (0x4)

.crt0           0x02001000      0x3c0 load address 0x02004998
 *(.crt0 .crt0.*)
 .crt0.__ds9_bootstub_trampoline
                0x02001000       0x60 /opt/devkitpro/calico/lib/libcalico_ds9.a(bootstub_arm9.o)
 *.crt0.*(.text .stub .text.* .gnu.linkonce.t.*)
 .text.crt0ProcessLoadList
                0x02001060       0x74 /opt/devkitpro/calico/lib/libcalico_ds9.a(startup.crt0.o)
                0x02001060                crt0ProcessLoadList
 .text.crt0Startup
                0x020010d4      0x180 /opt/devkitpro/calico/lib/libcalico_ds9.a(startup.crt0.o)
                0x020010d4                crt0Startup
 .text.crt0CopyMem32
                0x02001254       0x4c /opt/devkitpro/calico/lib/libcalico_ds9.a(utils.crt0.o)
                0x02001254                crt0CopyMem32
 .text.crt0FillMem32
                0x020012a0       0x58 /opt/devkitpro/calico/lib/libcalico_ds9.a(utils.crt0.o)
                0x020012a0                crt0FillMem32
 .text.crt0SetupMPU
                0x020012f8       0xb4 /opt/devkitpro/calico/lib/libcalico_ds9.a(mpu_setup.crt0.o)
                0x020012f8                crt0SetupMPU
 *.crt0.*(.glue_7t .glue_7 .vfp11_veneer .v4_bx)
 *.crt0.*(.rodata .rodata.* .gnu.linkonce.r.*)
 *.crt0.*(.rodata1)
                0x020013c0                        . = ALIGN (0x20)
 *fill*         0x020013ac       0x14 ff
                0x02004998                        PROVIDE (__crt0_lma = LOADADDR (.crt0))
                0x02001000                        PROVIDE (__crt0_start = ADDR (.crt0))
                0x020013c0                        PROVIDE (__crt0_end = (ADDR (.crt0) + SIZEOF (.crt0)))
                0x00000001                        ASSERT (((__crt0_end <= LOADADDR (.bootstub)) || (__crt0_start >= (LOADADDR (.bootstub) + SIZEOF (.bootstub)))), Error: crt0 section overlaps initial bootstrap)

.dldi           0x0380b000        0x0 load address 0x02004d58
 *(.dldi)
                0x00000000                        PROVIDE (__dldi_lma = SIZEOF (.dldi)?LOADADDR (.dldi):0x0)

.vectors        0x00000000       0x20 load address 0x02004d58
 *(.vectors)
 .vectors       0x00000000       0x20 /opt/devkitpro/calico/lib/libcalico_ds9.a(bootstub_arm9.o)

.itcm           0x01ff8020      0x66c load address 0x02004d78
 *(.itcm .itcm.*)
 .itcm          0x01ff8020       0x30 /opt/devkitpro/calico/lib/libcalico_ds9.a(bootstub_arm9.o)
                0x01ff8038                __excpt_vectors
 *.itcm.*(.text .stub .text.* .gnu.linkonce.t.*)
 *.32.o(.text .stub .text.* .gnu.linkonce.t.*)
 .text.threadSwitchTo
                0x01ff8050       0x7c /opt/devkitpro/calico/lib/libcalico_ds9.a(thread_hot.32.o)
                0x01ff8050                threadSwitchTo
 .text.threadBlock
                0x01ff80cc       0xd4 /opt/devkitpro/calico/lib/libcalico_ds9.a(thread_hot.32.o)
                0x01ff80cc                threadBlock
 .text.threadUnblockOneByValue
                0x01ff81a0       0xd4 /opt/devkitpro/calico/lib/libcalico_ds9.a(thread_hot.32.o)
                0x01ff81a0                threadUnblockOneByValue
 .text.threadUnblockAllByValue
                0x01ff8274      0x138 /opt/devkitpro/calico/lib/libcalico_ds9.a(thread_hot.32.o)
                0x01ff8274                threadUnblockAllByValue
 .text.threadUnblockAllByMask
                0x01ff83ac       0xf0 /opt/devkitpro/calico/lib/libcalico_ds9.a(thread_hot.32.o)
                0x01ff83ac                threadUnblockAllByMask
 .text.armContextSave
                0x01ff849c       0x2c /opt/devkitpro/calico/lib/libcalico_ds9.a(arm-context.32.o)
                0x01ff849c                armContextSave
 .text.armContextLoad
                0x01ff84c8       0x20 /opt/devkitpro/calico/lib/libcalico_ds9.a(arm-context.32.o)
                0x01ff84c8                armContextLoad
                0x01ff84cc                armContextLoadFromSvc
 .text.armWaitForIrq
                0x01ff84e8        0x8 /opt/devkitpro/calico/lib/libcalico_ds9.a(arm-shims.32.o)
                0x01ff84e8                armWaitForIrq
 .text.armIrqLockByPsr
                0x01ff84f0       0x14 /opt/devkitpro/calico/lib/libcalico_ds9.a(arm-shims.32.o)
                0x01ff84f0                armIrqLockByPsr
 .text.armIrqUnlockByPsr
                0x01ff8504       0x14 /opt/devkitpro/calico/lib/libcalico_ds9.a(arm-shims.32.o)
                0x01ff8504                armIrqUnlockByPsr
 .text.armDrainWriteBuffer
                0x01ff8518        0xc /opt/devkitpro/calico/lib/libcalico_ds9.a(arm-cache.32.o)
                0x01ff8518                armDrainWriteBuffer
 .text.armDCacheFlushAll
                0x01ff8524       0x28 /opt/devkitpro/calico/lib/libcalico_ds9.a(arm-cache.32.o)
                0x01ff8524                armDCacheFlushAll
 .text.armICacheInvalidateAll
                0x01ff854c        0xc /opt/devkitpro/calico/lib/libcalico_ds9.a(arm-cache.32.o)
                0x01ff854c                armICacheInvalidateAll
 .text.__excpt_entry
                0x01ff8558       0x50 /opt/devkitpro/calico/lib/libcalico_ds9.a(excpt_handler.32.o)
                0x01ff8558                __arm_excpt_rst
                0x01ff855c                __arm_excpt_pabt
                0x01ff8560                __arm_excpt_und
                0x01ff856c                __arm_excpt_dabt
 .text.__arm_excpt_irq
                0x01ff85a8       0xe4 /opt/devkitpro/calico/lib/libcalico_ds9.a(irq_handler.32.o)
                0x01ff85a8                __arm_excpt_irq
 *.itcm.*(.glue_7t .glue_7 .vfp11_veneer .v4_bx)
 *.32.o(.glue_7t .glue_7 .vfp11_veneer .v4_bx)
 *.itcm.*(.rodata .rodata.* .gnu.linkonce.r.*)
 *.32.o(.rodata .rodata.* .gnu.linkonce.r.*)
 *.itcm.*(.rodata1)
 *.32.o(.rodata1)
                0x01ff868c                        . = ALIGN (0x4)
                0x02004d58                        PROVIDE (__itcm_lma = LOADADDR (.vectors))
                0x01ff8000                        PROVIDE (__itcm_start = (ADDR (.itcm) - SIZEOF (.vectors)))
                0x01ff868c                        PROVIDE (__itcm_end = (ADDR (.itcm) + SIZEOF (.itcm)))
                0x00000001                        ASSERT (((__itcm_lma + SIZEOF (.vectors)) == LOADADDR (.itcm)), Error: gap between vectors and itcm)

.dtcm           0x02ff0000        0x0 load address 0x020053e4
 *(.dtcm .dtcm.*)
 *.32.o(.data .data.* .gnu.linkonce.d.*)
 *.32.o(.data1)
                0x02ff0000                        . = ALIGN (0x4)
                [!provide]                        PROVIDE (__dtcm_lma = LOADADDR (.dtcm))
                0x02ff0000                        PROVIDE (__dtcm_start = ADDR (.dtcm))
                0x02ff0000                        PROVIDE (__dtcm_end = (ADDR (.dtcm) + SIZEOF (.dtcm)))

.dtcm.bss       0x02ff0000       0x98 load address 0x020053e4
 *(.sbss .sbss.*)
 *.32.o(.dynbss)
 *.32.o(.bss .bss.* .gnu.linkonce.b.*)
 .bss.__irq_table
                0x02ff0000       0x80 /opt/devkitpro/calico/lib/libcalico_ds9.a(thread_hot.32.o)
                0x02ff0000                __irq_table
 .bss.__sched_state
                0x02ff0080       0x18 /opt/devkitpro/calico/lib/libcalico_ds9.a(thread_hot.32.o)
                0x02ff0080                __sched_state
 *.32.o(COMMON)
                0x02ff0098                        . = ALIGN (0x4)
                [!provide]                        PROVIDE (__dtcm_bss_start = ADDR (.dtcm.bss))
                0x02ff0098                        PROVIDE (__dtcm_bss_end = (ADDR (.dtcm.bss) + SIZEOF (.dtcm.bss)))

.main           0x020013c0   0x1d9d24 load address 0x020053e4
 *(SORT_NONE(.init))
 .init          0x020013c0        0x4 /opt/devkitpro/devkitARM/lib/gcc/arm-none-eabi/16.1.0/thumb/crti.o
                0x020013c0                _init
 .init          0x020013c4        0x8 /opt/devkitpro/devkitARM/lib/gcc/arm-none-eabi/16.1.0/thumb/crtn.o
 EXCLUDE_FILE(*.twl.*) *(.text.unlikely .text.*_unlikely .text.unlikely.*)
 EXCLUDE_FILE(*.twl.*) *(.text.exit .text.exit.*)
 .text.exit     0x020013cc       0x24 /opt/devkitpro/devkitARM/lib/gcc/arm-none-eabi/16.1.0/../../../../arm-none-eabi/lib/thumb/libg.a(libc_a-exit.o)
                0x020013cc                exit
 EXCLUDE_FILE(*.twl.*) *(.text.startup .text.startup.*)
 .text.startup.__stack_chk_init
                0x020013f0       0x18 /opt/devkitpro/devkitARM/lib/gcc/arm-none-eabi/16.1.0/../../../../arm-none-eabi/lib/thumb/libg.a(libc_a-stack_protector.o)
                0x020013f0                __stack_chk_init
 EXCLUDE_FILE(*.twl.*) *(.text.hot .text.hot.*)
 EXCLUDE_FILE(*.twl.*) *(.text .iplt .stub .text.* .gnu.linkonce.t.*)
 .text.__do_global_dtors_aux
                0x02001408       0x2c /opt/devkitpro/devkitARM/lib/gcc/arm-none-eabi/16.1.0/thumb/crtbegin.o
 .text.frame_dummy
                0x02001434       0x24 /opt/devkitpro/devkitARM/lib/gcc/arm-none-eabi/16.1.0/thumb/crtbegin.o
 .iplt          0x02001458        0x0 /opt/devkitpro/devkitARM/lib/gcc/arm-none-eabi/16.1.0/thumb/crtbegin.o
 .text          0x02001458    0x4aa54 build/junkbot.swift.o
                0x02001458                main
                0x02001aec                swift_allocObject
                0x02001af0                $e7Junkbot10GameEngineCACycfC
                0x02001b1c                $e7Junkbot9loadLevelyySiF
                0x02001ce8                $e7Junkbot11clampScrollyyF
                0x02001dec                $e7Junkbot10GameEngineC9mouseDownyys5Int32V_AFtF
                0x02001f24                $e7Junkbot10GameEngineC9mouseMoveyys5Int32V_AFtF
                0x02002084                $e7Junkbot10GameEngineC7mouseUpyys5Int32V_AFtF
                0x020020bc                $e7Junkbot10GameEngineC4tickyyF
                0x020020cc                $e7Junkbot12consolePrintyySSF
                0x02002798                $e7Junkbot14drawStatusLineyyF
                0x02002808                $e7Junkbot11renderWorld4into7scrollX0E1YySpys6UInt16VG_s5Int32VAJtF
                0x02002c54                $e7Junkbot13showLevelInfoyyF
                0x02002ea4                $e7Junkbot10GameEngineC9loadLevel8fromTextySS_tF
                0x02002ef4                $e7Junkbot7YExtentV3tops5Int32Vvg
                0x02002ef8                $e7Junkbot7YExtentV3tops5Int32Vvs
                0x02002f00                $e7Junkbot7YExtentV3tops5Int32VvM
                0x02002f18                $e7Junkbot7YExtentV6bottoms5Int32Vvg
                0x02002f20                $e7Junkbot7YExtentV6bottoms5Int32Vvs
                0x02002f28                $e7Junkbot7YExtentV6bottoms5Int32VvM
                0x02002f40                $e7Junkbot7YExtentV3top6bottomACs5Int32V_AGtcfC
                0x02002f44                $e7Junkbot15groupIndicesByYySDys5Int32VSaySiGG5byTop_AF0F6BottomtSayAA7YExtentVGF
                0x02003354                $eSD17dictionaryLiteralSDyxq_Gx_q_td_tcfCSS_SaySS_SStGTt0g5
                0x020034fc                $eSD17dictionaryLiteralSDyxq_Gx_q_td_tcfCSS_s5Int32VTt0g5
                0x0200366c                $eSD17dictionaryLiteralSDyxq_Gx_q_td_tcfCs5Int32V_SaySiGTt0g5
                0x020037c0                $e7Junkbot15groupIndicesByYySDys5Int32VSaySiGG5byTop_AF0F6BottomtSayAA7YExtentVGFAEyXEfu_
                0x020037e4                $e7Junkbot15groupIndicesByYySDys5Int32VSaySiGG5byTop_AF0F6BottomtSayAA7YExtentVGFAEyXEfu0_
                0x020037f4                $e7Junkbot6ButtonV1xSfvg
                0x020037fc                $e7Junkbot6ButtonV1xSfvs
                0x02003804                $e7Junkbot6ButtonV1xSfvM
                0x0200381c                $e7Junkbot6ButtonV1ySfvg
                0x02003824                $e7Junkbot6ButtonV1ySfvs
                0x0200382c                $e7Junkbot6ButtonV1ySfvM
                0x02003844                $e7Junkbot6ButtonV5widthSfvg
                0x0200384c                $e7Junkbot6ButtonV5widthSfvs
                0x02003854                $e7Junkbot6ButtonV5widthSfvM
                0x0200386c                $e7Junkbot6ButtonV6heightSfvg
                0x02003874                $e7Junkbot6ButtonV6heightSfvs
                0x0200387c                $e7Junkbot6ButtonV6heightSfvM
                0x02003894                $e7Junkbot6ButtonV6actionyycvg
                0x020038e4                $e7Junkbot6ButtonV1x1y5width6height6actionACSf_S3fyyctcfC
                0x02003900                $e7Junkbot6ButtonV8containsySbSf_SftF
                0x0200398c                $e7Junkbot11handleClick_2at1ySbSayAA6ButtonVG_S2ftF
                0x02003aa0                $e7Junkbot10GameEngineC11CanvasPointV1xSdvg
                0x02003aa4                $e7Junkbot10GameEngineC11CanvasPointV1xSdvs
                0x02003aac                $e7Junkbot10GameEngineC11CanvasPointV1xSdvM
                0x02003ac4                $e7Junkbot10GameEngineC11CanvasPointV1ySdvg
                0x02003ad0                $e7Junkbot10GameEngineC11CanvasPointV1ySdvs
                0x02003ad8                $e7Junkbot10GameEngineC11CanvasPointV1ySdvM
                0x02003af0                $e7Junkbot10GameEngineC13worldToCanvas0D1X0D1Y7centerX0G1Y5scale11canvasWidth0I6HeightAC0F5PointVSd_S6dtF
                0x02003bc8                $e7Junkbot10GameEngineC13canvasToWorld0D1X0D1Y7centerX0G1Y5scale0D5Width0D6HeightAC11CanvasPointVSd_S6dtF
                0x02003ca0                $e7Junkbot10GameEngineC19rectanglesIntersectySbs5Int32V_A7FtF
                0x02003d14                $e7Junkbot10GameEngineC29rectangleLevelBoundsCollision1x1y5width6heightAA6EntityVSgs5Int32V_A3MtF
                0x02003f30                $e7Junkbot6EntityV2id4type1x1y5width6heightACs5Int32V_AA0B4TypeOA4KtcfC
                0x02003fd4                $e7Junkbot6CELL_Ws5Int32Vvau
                0x02003fe4                $e7Junkbot6CELL_Hs5Int32Vvau
                0x02003ff4                $e7Junkbot10GameEngineC12isNotDropletySbAA6EntityVF
                0x02004004                $e7Junkbot10GameEngineC17isNotBinOrDropletySbAA6EntityVF
                0x02004020                $e7Junkbot10GameEngineC017isNotBinOrDropletG8EnemyBotySbAA6EntityVF
                0x02004044                $e7Junkbot10GameEngineC014isNotDropletOrA0ySbAA6EntityVF
                0x02004060                $e7Junkbot10GameEngineC22rectangleCollisionTest1x1y5width6height6filter9excludingAA6EntityVSgs5Int32V_A3OSbALXESitF
                0x0200421c                $e7Junkbot10GameEngineC21rectangleCollisionAll1x1y5width6height6filter9excludingSayAA6EntityV6entity_Si5indextGs5Int32V_A3QSbALXESitF012$e7Junkbot10bc30C08simulateA05indexySi_tFSbAA6K7VXEfU2_ALTf1nnnncnn_n
                0x02004590                $e7Junkbot10GameEngineC21rectangleCollisionAll1x1y5width6height6filter9excludingSayAA6EntityV6entity_Si5indextGs5Int32V_A3QSbALXESitF
                0x0200485c                $e7Junkbot10GameEngineC19entityCollisionTest0D1X0D1Y0D5Index6filterAA6EntityVSgs5Int32V_AMSiSbAJXEtF012$e7Junkbot10bc30C08simulateA05indexySi_tFSbAA6I7VXEfU0_Tf1nnncn_n
                0x02004d28                $e7Junkbot10GameEngineC19entityCollisionTest0D1X0D1Y0D5Index6filterAA6EntityVSgs5Int32V_AMSiSbAJXEtF012$e7Junkbot10bc30C08simulateA05indexySi_tFSbAA6I7VXEfU4_Tf1nnncn_n
                0x02004f80                $e7Junkbot10GameEngineC19entityCollisionTest0D1X0D1Y0D5Index6filterAA6EntityVSgs5Int32V_AMSiSbAJXEtF
                0x0200553c                $e7Junkbot10GameEngineC18entityCollisionAll0D1X0D1Y0D5Index6filterSayAA6EntityV0D0_Si5indextGs5Int32V_AOSiSbAJXEtF
                0x02005894                $e7Junkbot10GameEngineC18entityCollisionAll0D1X0D1Y0D5Index6filterSayAA6EntityV0D0_Si5indextGs5Int32V_AOSiSbAJXEtFSbAJXEfU_
                0x020058b8                $e7Junkbot10GameEngineC7raycast6startX0E1Y5width6height10directionX0H1Y8maxSteps6filterAA10RaycastHitVs5Int32V_A6PSbAA6EntityVXEtF
                0x02005b38                $e7Junkbot10GameEngineC11entityMoved5indexySi_tF
                0x02005e08                $eSDyq_SgxcigSS_SaySS_SStGTg5
                0x02005e80                $eSDyq_SgxcigSS_s5Int32VTg5
                0x02005ec8                $eSDyq_Sgxcigs5Int32V_SaySiGTg5
                0x02005f34                $eSTsSQ7ElementRpzrlE8containsySbABFSaySSG_Tg5
                0x020061b0                $eSTsSQ7ElementRpzrlE8containsySbABFSaySiG_Tg5
                0x020061e4                $e7Junkbot10GameEngineC29rebuildAccelerationStructuresyyF
                0x020062b0                $e7Junkbot10GameEngineC15connectsToFixed10startIndex9direction13ignoreIndicesSbSi_s5Int32VSaySiGtF
                0x02006364                $e7Junkbot10GameEngineC15connectsToFixed10startIndex9direction13ignoreIndicesSbSi_s5Int32VSaySiGtF6searchL_04fromH0SbSi_tFTf0nnnnns_n
                0x02006644                $e7Junkbot10GameEngineC8connects__9directionSbSi_Sis5Int32VtF
                0x02006718                $e7Junkbot10GameEngineC19allConnectedToFixedSaySiGyF
                0x02006848                $e7Junkbot10GameEngineC19allConnectedToFixedSaySiGyF14addAnyAttachedL_yySiFTf0nns_n
                0x02006a54                $e7Junkbot5ColorV1rs5UInt8Vvg
                0x02006a58                $e7Junkbot5ColorV1rs5UInt8Vvs
                0x02006a60                $e7Junkbot5ColorV1rs5UInt8VvM
                0x02006a78                $e7Junkbot5ColorV1gs5UInt8Vvg
                0x02006a80                $e7Junkbot5ColorV1gs5UInt8Vvs
                0x02006a88                $e7Junkbot5ColorV1gs5UInt8VvM
                0x02006aa0                $e7Junkbot5ColorV1bs5UInt8Vvg
                0x02006aa8                $e7Junkbot5ColorV1bs5UInt8Vvs
                0x02006ab0                $e7Junkbot5ColorV1bs5UInt8VvM
                0x02006ac8                $e7Junkbot5ColorV1as5UInt8Vvg
                0x02006ad0                $e7Junkbot5ColorV1as5UInt8Vvs
                0x02006ad8                $e7Junkbot5ColorV1as5UInt8VvM
                0x02006af0                $e7Junkbot5ColorV1r1g1b1aACs5UInt8V_A3ItcfC
                0x02006b10                $e7Junkbot5ColorV5blackACvau
                0x02006b20                $e7Junkbot5ColorV5blackACvgZ
                0x02006b28                $e7Junkbot5ColorV5whiteACvau
                0x02006b38                $e7Junkbot5ColorV5whiteACvgZ
                0x02006b40                $e7Junkbot10GameEngineC9makeBrick1x1y12widthInStuds10colorIndex5fixedAA6EntityVs5Int32V_A3MSbtF
                0x02006c0c                $e7Junkbot10GameEngineC5getIDs5Int32VyF
                0x02006c20                $e7Junkbot10GameEngineC04makeA01x1y6facing7armoredAA6EntityVs5Int32V_A2LSbtF
                0x02006cdc                $e7Junkbot10GameEngineC11makeGearbot1x1y6facingAA6EntityVs5Int32V_A2KtF
                0x02006cf0                $e7Junkbot10GameEngineC12makeClimbbot1x1y6facing0F1YAA6EntityVs5Int32V_A3LtF
                0x02006d0c                $e7Junkbot10GameEngineC10makeFlybot1x1y6facingAA6EntityVs5Int32V_A2KtF
                0x02006dd0                $e7Junkbot10GameEngineC10makeEyebot1x1y6facing0F1YAA6EntityVs5Int32V_A3LtF
                0x02006e98                $e7Junkbot10GameEngineC7makeBin1x1y6facing7scaredyAA6EntityVs5Int32V_A2LSbtF
                0x02006f54                $e7Junkbot10GameEngineC9makeCrate1x1yAA6EntityVs5Int32V_AJtF
                0x02006f70                $e7Junkbot10GameEngineC8makeFire1x1y2on8switchIDAA6EntityVs5Int32V_ALSbALtF
                0x02006f94                $e7Junkbot10GameEngineC7makeFan1x1y2on8switchIDAA6EntityVs5Int32V_ALSbALtF
                0x02006fb8                $e7Junkbot10GameEngineC10makeSwitch1x1y2on8switchIDAA6EntityVs5Int32V_ALSbALtF
                0x020070a0                $e7Junkbot10GameEngineC12makeTeleport1x1y10teleportIDAA6EntityVs5Int32V_A2KtF
                0x02007158                $e7Junkbot10GameEngineC9makeLaser1x1y6facing2on8switchIDAA6EntityVs5Int32V_A2MSbAMtF
                0x02007218                $e7Junkbot10GameEngineC8makeJump1x1y5fixedAA6EntityVs5Int32V_AKSbtF
                0x020072d4                $e7Junkbot10GameEngineC10makeShield1x1y4used5fixedAA6EntityVs5Int32V_ALS2btF
                0x0200739c                $e7Junkbot10GameEngineC8makePipe1x1yAA6EntityVs5Int32V_AJtF
                0x02007474                $e7Junkbot10GameEngineC9randomIntys5Int32VAFF
                0x02007548                $e7Junkbot10GameEngineC11makeDroplet1x1yAA6EntityVs5Int32V_AJtF
                0x02007610                $e7Junkbot4FontO10characters_WZ
                0x02007614                $e7Junkbot4FontO10charactersSaySJGvau
                0x02007624                $e7Junkbot4FontO10charactersSaySJGvgZ
                0x02007634                $e7Junkbot4FontO15characterWidths_WZ
                0x02007638                $e7Junkbot4FontO15characterWidthsSays5Int32VGvau
                0x02007648                $e7Junkbot4FontO15characterWidthsSays5Int32VGvgZ
                0x02007658                $e7Junkbot4FontO16characterOffsets_WZ
                0x02007768                $e7Junkbot4FontO16characterOffsetsSays5Int32VGvau
                0x02007794                $e7Junkbot4FontO16characterOffsetsSays5Int32VGvgZ
                0x020077fc                $e7Junkbot4FontO15characterHeights5Int32Vvau
                0x0200780c                $e7Junkbot4FontO15characterHeights5Int32VvgZ
                0x02007814                $e7Junkbot4FontO16indexByCharacter33_53B5AAF442E24363F0C0EFF55622FF48LL_WZ
                0x02007a64                $e7Junkbot4FontO14GlyphPlacementV10atlasIndexSiSgvg
                0x02007a70                $e7Junkbot4FontO14GlyphPlacementV1xs5Int32Vvg
                0x02007a78                $e7Junkbot4FontO14GlyphPlacementV1ys5Int32Vvg
                0x02007a80                $e7Junkbot4FontO14GlyphPlacementV7advances5Int32Vvg
                0x02007a88                $e7Junkbot4FontO14GlyphPlacementV23__derived_struct_equalsySbAE_AEtFZ
                0x02007b00                $e7Junkbot4FontO10layoutTextySayAC14GlyphPlacementVGSSFZ
                0x02007f74                $eSS8IteratorV4nextSJSgyF
                0x02008380                $e7Junkbot10GameEngineC8entitiesSayAA6EntityVGvpfi
                0x02008390                $e7Junkbot10GameEngineC8entitiesSayAA6EntityVGvg
                0x020083d8                $e7Junkbot10GameEngineC8entitiesSayAA6EntityVGvs
                0x020083e8                $e7Junkbot10GameEngineC8entitiesSayAA6EntityVGvM
                0x02008400                $e7Junkbot10GameEngineC4windSayAA10WindEffectVGvpfi
                0x02008410                $e7Junkbot10GameEngineC4windSayAA10WindEffectVGvg
                0x02008458                $e7Junkbot10GameEngineC4windSayAA10WindEffectVGvs
                0x02008468                $e7Junkbot10GameEngineC4windSayAA10WindEffectVGvM
                0x02008480                $e7Junkbot10GameEngineC10laserBeamsSayAA9LaserBeamVGvpfi
                0x02008490                $e7Junkbot10GameEngineC10laserBeamsSayAA9LaserBeamVGvg
                0x020084d8                $e7Junkbot10GameEngineC10laserBeamsSayAA9LaserBeamVGvs
                0x020084e8                $e7Junkbot10GameEngineC10laserBeamsSayAA9LaserBeamVGvM
                0x02008500                $e7Junkbot10GameEngineC15teleportEffectsSayAA14TeleportEffectVGvpfi
                0x02008510                $e7Junkbot10GameEngineC15teleportEffectsSayAA14TeleportEffectVGvg
                0x02008558                $e7Junkbot10GameEngineC15teleportEffectsSayAA14TeleportEffectVGvs
                0x02008568                $e7Junkbot10GameEngineC15teleportEffectsSayAA14TeleportEffectVGvM
                0x02008580                $e7Junkbot10GameEngineC11levelBoundsAA05LevelE0VSgvpfi
                0x020085a0                $e7Junkbot10GameEngineC11levelBoundsAA05LevelE0VSgvg
                0x020085b8                $e7Junkbot10GameEngineC11levelBoundsAA05LevelE0VSgvs
                0x020085d4                $e7Junkbot10GameEngineC11levelBoundsAA05LevelE0VSgvM
                0x020085ec                $e7Junkbot10GameEngineC9idCounters5Int32Vvpfi
                0x020085f4                $e7Junkbot10GameEngineC12frameCounters5Int32Vvpfi
                0x020085fc                $e7Junkbot10GameEngineC12frameCounters5Int32Vvg
                0x02008604                $e7Junkbot10GameEngineC12frameCounters5Int32Vvs
                0x0200860c                $e7Junkbot10GameEngineC12frameCounters5Int32VvM
                0x02008624                $e7Junkbot10GameEngineC5movess5Int32Vvpfi
                0x0200862c                $e7Junkbot10GameEngineC5movess5Int32Vvg
                0x02008634                $e7Junkbot10GameEngineC5movess5Int32Vvs
                0x0200863c                $e7Junkbot10GameEngineC5movess5Int32VvM
                0x02008654                $e7Junkbot10GameEngineC12winLoseStates5Int32Vvpfi
                0x0200865c                $e7Junkbot10GameEngineC12winLoseStates5Int32Vvg
                0x02008664                $e7Junkbot10GameEngineC12winLoseStates5Int32Vvs
                0x0200866c                $e7Junkbot10GameEngineC12winLoseStates5Int32VvM
                0x02008684                $e7Junkbot10GameEngineC14entitiesByTopYSDys5Int32VSaySiGGvpfi
                0x02008694                $e7Junkbot10GameEngineC11mouseWorldXs5Int32Vvpfi
                0x0200869c                $e7Junkbot10GameEngineC11mouseWorldYs5Int32Vvpfi
                0x020086a4                $e7Junkbot10GameEngineC15draggingIndicesSaySiGvpfi
                0x020086b4                $e7Junkbot10GameEngineC14hoveredIndicesSaySiGvpfi
                0x020086c4                $e7Junkbot10GameEngineC17pendingGrabUpwardSaySiGSgvpfi
                0x020086cc                $e7Junkbot10GameEngineC19pendingGrabDownwardSaySiGSgvpfi
                0x020086d4                $e7Junkbot10GameEngineC15mouseDownWorldXs5Int32Vvpfi
                0x020086dc                $e7Junkbot10GameEngineC15mouseDownWorldYs5Int32Vvpfi
                0x020086e4                $e7Junkbot10GameEngineC9undoStackSayAA0C8SnapshotVGvpfi
                0x020086f4                $e7Junkbot10GameEngineC12rewindBufferSayAA0C8SnapshotVSgGvpfi
                0x02008724                $eSa9repeating5countSayxGx_SitcfC7Junkbot14EngineSnapshotVSg_Tt1g5
                0x020087b0                $e7Junkbot10GameEngineC11isRewindingSbvpfi
                0x020087b8                $e7Junkbot10GameEngineC21wasPausedBeforeRewindSbvpfi
                0x020087c0                $e7Junkbot10GameEngineC16backdropSpriteIDs5Int32Vvpfi
                0x020087c8                $e7Junkbot10GameEngineC16backgroundDecalsSayAA13DecalInstanceVGvpfi
                0x020087d8                $e7Junkbot10GameEngineC6decalsSayAA13DecalInstanceVGvpfi
                0x020087e8                $e7Junkbot10GameEngineC14renderRNGStates6UInt32Vvpfi
                0x020087f4                $e7Junkbot10GameEngineC15viewportCenterXs5Int32Vvpfi
                0x020087fc                $e7Junkbot10GameEngineC15viewportCenterXs5Int32Vvg
                0x02008804                $e7Junkbot10GameEngineC15viewportCenterXs5Int32Vvs
                0x0200880c                $e7Junkbot10GameEngineC15viewportCenterXs5Int32VvM
                0x02008824                $e7Junkbot10GameEngineC15viewportCenterYs5Int32Vvpfi
                0x0200882c                $e7Junkbot10GameEngineC15viewportCenterYs5Int32Vvg
                0x02008834                $e7Junkbot10GameEngineC15viewportCenterYs5Int32Vvs
                0x0200883c                $e7Junkbot10GameEngineC15viewportCenterYs5Int32VvM
                0x02008854                $e7Junkbot10GameEngineC13viewportScaleSfvpfi
                0x0200885c                $e7Junkbot10GameEngineC13viewportScaleSfvg
                0x02008864                $e7Junkbot10GameEngineC13viewportScaleSfvs
                0x0200886c                $e7Junkbot10GameEngineC13viewportScaleSfvM
                0x02008884                $e7Junkbot10GameEngineC10levelTitleSSvpfi
                0x02008894                $e7Junkbot10GameEngineC10levelTitleSSvg
                0x020088cc                $e7Junkbot10GameEngineC10levelTitleSSvs
                0x020088f8                $e7Junkbot10GameEngineC10levelTitleSSvM
                0x02008910                $e7Junkbot10GameEngineC9levelHintSSvpfi
                0x02008920                $e7Junkbot10GameEngineC9levelHintSSvg
                0x02008958                $e7Junkbot10GameEngineC9levelHintSSvs
                0x02008984                $e7Junkbot10GameEngineC9levelHintSSvM
                0x0200899c                $e7Junkbot10GameEngineC8levelParSivpfi
                0x020089a4                $e7Junkbot10GameEngineC8levelParSivg
                0x020089ac                $e7Junkbot10GameEngineC8levelParSivs
                0x020089b4                $e7Junkbot10GameEngineC8levelParSivM
                0x020089cc                $e7Junkbot10GameEngineC6pausedSbvpfi
                0x020089d4                $e7Junkbot10GameEngineC6pausedSbvg
                0x020089dc                $e7Junkbot10GameEngineC6pausedSbvs
                0x020089e8                $e7Junkbot10GameEngineC6pausedSbvM
                0x02008a00                $e7Junkbot10GameEngineC8rngStates6UInt32Vvpfi
                0x02008a0c                $e7Junkbot10GameEngineC3rngSfycvpfi
                0x02008a20                $e7Junkbot10GameEngineC3rngSfycvpfiSfycfU_
                0x02008a28                $e7Junkbot10GameEngineC3rngSfycvg
                0x02008a78                $e7Junkbot10GameEngineC3rngSfycvs
                0x02008a88                $e7Junkbot10GameEngineC3rngSfycvM
                0x02008aa0                $e7Junkbot10GameEngineC11onPlaySoundys5Int32VcSgvpfi
                0x02008aac                $e7Junkbot10GameEngineC11onPlaySoundys5Int32VcSgvg
                0x02008ad0                $e7Junkbot10GameEngineC11onPlaySoundys5Int32VcSgvs
                0x02008aec                $e7Junkbot10GameEngineC11onPlaySoundys5Int32VcSgvM
                0x02008b04                $e7Junkbot10GameEngineC11onDragEventySb_s5Int32VA2FtcSgvpfi
                0x02008b10                $e7Junkbot10GameEngineC11onDragEventySb_s5Int32VA2FtcSgvg
                0x02008b34                $e7Junkbot10GameEngineC11onDragEventySb_s5Int32VA2FtcSgvs
                0x02008b50                $e7Junkbot10GameEngineC11onDragEventySb_s5Int32VA2FtcSgvM
                0x02008b68                $e7Junkbot10GameEngineCACycfc
                0x02008d1c                swift_beginAccess
                0x02008d20                $es13_StringObjectV7VariantOWOe
                0x02008d34                swift_release
                0x02008db4                $e7Junkbot10GameEngineCACycfcSfycfU_
                0x02008f74                $e7Junkbot10GameEngineC9playSoundyyAA0E2IDOF
                0x02008fdc                $e7Junkbot10GameEngineC10resetLevelyyF
                0x02009628                $e7Junkbot10GameEngineC14loadLevelState8entities11levelBounds6nextIDySayAA6EntityVG_AA0eI0VSgs5Int32VtF
                0x020096bc                $e7Junkbot10GameEngineC11maxEntityID33_16B9FE15A1DEABB878A6971F5EE581BELL2ins5Int32VSayAA0E0VG_tF
                0x020096f0                $e7Junkbot10GameEngineC9winOrLoses5Int32VyF
                0x020098b8                $e7Junkbot10GameEngineC16replaceLiveState8entities11levelBounds6nextIDySayAA6EntityVG_AA05LevelI0VSgs5Int32VtF
                0x02009958                $es3maxyxx_xxxdtSLRzlFs5Int32V_Tg5
                0x020099a4                $e7Junkbot10GameEngineC22ensureIDCounterAtLeastyys5Int32VF
                0x020099b8                $e7Junkbot10GameEngineC10initializeyyF
                0x020099c4                $e7Junkbot10GameEngineC8simulateyyF
                0x0200a650                $e7Junkbot10GameEngineC14beginLoadLevelyys5Int32V_A3FtF
                0x0200a68c                $e7Junkbot10GameEngineC15initLevelBounds1x1y5width6heightys5Int32V_A3JtF
                0x0200a6cc                $e7Junkbot10GameEngineC15finishLoadLevelyyF
                0x0200a6e0                $e7Junkbot10GameEngineC8addBrickyys5Int32V_A3FSbtF
                0x0200a770                $e7Junkbot10GameEngineC03addA0yys5Int32V_A2FSbtF
                0x0200a8c4                $e7Junkbot10GameEngineC10addGearbotyys5Int32V_A2FtF
                0x0200a8cc                $e7Junkbot10GameEngineC11addClimbbotyys5Int32V_A3FtF
                0x0200a8e0                $e7Junkbot10GameEngineC9addFlybotyys5Int32V_A2FtF
                0x0200aa30                $e7Junkbot10GameEngineC9addEyebotyys5Int32V_A3FtF
                0x0200ab90                $e7Junkbot10GameEngineC6addBinyys5Int32V_A2FSbtF
                0x0200accc                $e7Junkbot10GameEngineC8addCrateyys5Int32V_AFtF
                0x0200ae00                $e7Junkbot10GameEngineC7addFireyys5Int32V_AFSbAFtF
                0x0200ae1c                $e7Junkbot10GameEngineC6addFanyys5Int32V_AFSbAFtF
                0x0200af7c                $e7Junkbot10GameEngineC9addSwitchyys5Int32V_AFSbAFtF
                0x0200af98                $e7Junkbot10GameEngineC7addPipeyys5Int32V_AFtF
                0x0200b014                $e7Junkbot10GameEngineC9addShieldyys5Int32V_AFS2btF
                0x0200b174                $e7Junkbot10GameEngineC7addJumpyys5Int32V_AFSbtF
                0x0200b2c4                $e7Junkbot10GameEngineC11addTeleportyys5Int32V_A2FtF
                0x0200b408                $e7Junkbot10GameEngineC8addLaseryys5Int32V_A2FSbAFtF
                0x0200b550                $e7Junkbot10GameEngineC15possibleGrabsAt6worldX0G1YSaySiGs5Int32V_AItF
                0x0200b6dc                $e7Junkbot10GameEngineC25possibleGrabsInDirections10startIndexSb15canGrabDownward_SaySiG04grabL0Sb0jK6UpwardAG0mN0tSi_tF
                0x0200b7a0                $e7Junkbot10GameEngineC9startDrag7indices6worldX0G1Y9directionySaySiG_s5Int32VA2KtF
                0x0200ba40                $e7Junkbot10GameEngineC10updateDrag6worldX0F1Yys5Int32V_AHtF
                0x0200bbb4                $e7Junkbot10GameEngineC10canReleaseSbyF
                0x0200bff8                $e7Junkbot10GameEngineC10finishDragyyF
                0x0200c1dc                $e7Junkbot10GameEngineC10isDraggingSbvg
                0x0200c1f0                $e7Junkbot10GameEngineC17draggingEntityIDsShys5Int32VGvg
                0x0200c358                $eShyShyxGqd__nc7ElementQyd__RszSTRd__lufCs5Int32V_SayAEGTt0g5
                0x0200c3f8                $e7Junkbot10GameEngineC11setViewportyys5Int32V_AFSftF
                0x0200c404                $e7Junkbot10GameEngineCfd
                0x0200c4b8                $e7Junkbot10GameEngineCfD
                0x0200c4d4                $e7Junkbot10GameEngineC17findAttachedGroup10startIndex9directionSaySiGSgSi_s5Int32VtF
                0x0200c7ec                $e7Junkbot10GameEngineC17findAttachedGroup10startIndex9directionSaySiGSgSi_s5Int32VtF20walkInitialDirectionL_ySbSiFTf0nnsn_n
                0x0200c9c8                $e7Junkbot10GameEngineC8snapshotAA0C8SnapshotVyF
                0x0200cb10                $e7Junkbot10GameEngineC10snapToGridys5Int32VAF_AFtF
                0x0200cb90                $e7Junkbot10GameEngineC10canReleaseSbyFSbAA6EntityVXEfU_
                0x0200cbb4                $e7Junkbot10GameEngineC10CursorHintO21__derived_enum_equalsySbAE_AEtFZ
                0x0200cbcc                $e7Junkbot10GameEngineC10CursorHintO4hash4intoys6HasherVz_tF
                0x0200cbe0                $e7Junkbot10GameEngineC10CursorHintO9hashValueSivg
                0x0200cbe4                $e7Junkbot10GameEngineC10cursorHint6worldX0F1YAC06CursorE0Os5Int32V_AJtF
                0x0200cc78                $e7Junkbot5LevelV5titleSSvg
                0x0200ccac                $e7Junkbot5LevelV5titleSSvs
                0x0200cce8                $e7Junkbot5LevelV5titleSSvM
                0x0200cd00                $e7Junkbot5LevelV3parSiSgvpfi
                0x0200cd0c                $e7Junkbot5LevelV3parSiSgvg
                0x0200cd18                $e7Junkbot5LevelV3parSiSgvs
                0x0200cd24                $e7Junkbot5LevelV3parSiSgvM
                0x0200cd3c                $e7Junkbot5LevelV4hintSSvg
                0x0200cd74                $e7Junkbot5LevelV4hintSSvs
                0x0200cdb0                $e7Junkbot5LevelV4hintSSvM
                0x0200cdc8                $e7Junkbot5LevelV10backgroundAA0B10BackgroundVSgvpfi
                0x0200cdd8                $e7Junkbot5LevelV10backgroundAA0B10BackgroundVSgvg
                0x0200cdec                $e7Junkbot5LevelV10backgroundAA0B10BackgroundVSgvs
                0x0200cdf4                $e7Junkbot5LevelV10backgroundAA0B10BackgroundVSgvM
                0x0200ce0c                $e7Junkbot5LevelV9playfieldAA0B9PlayfieldVvg
                0x0200ce30                $e7Junkbot5LevelV9playfieldAA0B9PlayfieldVvs
                0x0200ce4c                $e7Junkbot5LevelV9playfieldAA0B9PlayfieldVvM
                0x0200ce64                $e7Junkbot5LevelV5partsSayAA0B4PartVGvg
                0x0200ceac                $e7Junkbot5LevelV5partsSayAA0B4PartVGvs
                0x0200cec4                $e7Junkbot5LevelV5partsSayAA0B4PartVGvM
                0x0200cedc                $e7Junkbot14LevelPlayfieldV7columns4rows8spacingX0F1Y5scale15hasExplicitSizeACSi_S3iSdSbtcfC
                0x0200cf04                $e7Junkbot5LevelV5title3par4hint10background9playfield5partsACSS_SiSgSSAA0B10BackgroundVSgAA0B9PlayfieldVSayAA0B4PartVGtcfC
                0x0200d074                $e7Junkbot5LevelV23__derived_struct_equalsySbAC_ACtFZ
                0x0200d9bc                $eSasSQRzlE2eeoiySbSayxG_ABtFZ7Junkbot10LevelDecalV_Tt1g5
                0x0200de10                $eSasSQRzlE2eeoiySbSayxG_ABtFZ7Junkbot9LevelPartV_Tt1g5
                0x0200e81c                $e7Junkbot15LevelBackgroundV8backdropSSvg
                0x0200e850                $e7Junkbot15LevelBackgroundV8backdropSSvs
                0x0200e88c                $e7Junkbot15LevelBackgroundV8backdropSSvM
                0x0200e8a4                $e7Junkbot15LevelBackgroundV6decalsSayAA0B5DecalVGvg
                0x0200e8ec                $e7Junkbot15LevelBackgroundV6decalsSayAA0B5DecalVGvs
                0x0200e904                $e7Junkbot15LevelBackgroundV6decalsSayAA0B5DecalVGvM
                0x0200e91c                $e7Junkbot15LevelBackgroundV16backgroundDecalsSayAA0B5DecalVGvg
                0x0200e964                $e7Junkbot15LevelBackgroundV16backgroundDecalsSayAA0B5DecalVGvs
                0x0200e97c                $e7Junkbot15LevelBackgroundV16backgroundDecalsSayAA0B5DecalVGvM
                0x0200e994                $e7Junkbot15LevelBackgroundV8backdrop6decals16backgroundDecalsACSS_SayAA0B5DecalVGAItcfC
                0x0200e9c0                $e7Junkbot15LevelBackgroundV23__derived_struct_equalsySbAC_ACtFZ
                0x0200ebd4                $e7Junkbot10LevelDecalV1xSdvg
                0x0200ebdc                $e7Junkbot10LevelDecalV1xSdvs
                0x0200ebe4                $e7Junkbot10LevelDecalV1xSdvM
                0x0200ebfc                $e7Junkbot10LevelDecalV1ySdvg
                0x0200ec04                $e7Junkbot10LevelDecalV1ySdvs
                0x0200ec0c                $e7Junkbot10LevelDecalV1ySdvM
                0x0200ec24                $e7Junkbot10LevelDecalV4nameSSvg
                0x0200ec58                $e7Junkbot10LevelDecalV4nameSSvs
                0x0200ec94                $e7Junkbot10LevelDecalV4nameSSvM
                0x0200ecac                $e7Junkbot10LevelDecalV1x1y4nameACSd_SdSStcfC
                0x0200ecec                $e7Junkbot10LevelDecalV23__derived_struct_equalsySbAC_ACtFZ
                0x0200eed4                $e7Junkbot14LevelPlayfieldV7columnsSivg
                0x0200eedc                $e7Junkbot14LevelPlayfieldV7columnsSivs
                0x0200eee4                $e7Junkbot14LevelPlayfieldV7columnsSivM
                0x0200eefc                $e7Junkbot14LevelPlayfieldV4rowsSivg
                0x0200ef04                $e7Junkbot14LevelPlayfieldV4rowsSivs
                0x0200ef0c                $e7Junkbot14LevelPlayfieldV4rowsSivM
                0x0200ef24                $e7Junkbot14LevelPlayfieldV8spacingXSivg
                0x0200ef2c                $e7Junkbot14LevelPlayfieldV8spacingXSivs
                0x0200ef34                $e7Junkbot14LevelPlayfieldV8spacingXSivM
                0x0200ef4c                $e7Junkbot14LevelPlayfieldV8spacingYSivg
                0x0200ef54                $e7Junkbot14LevelPlayfieldV8spacingYSivs
                0x0200ef5c                $e7Junkbot14LevelPlayfieldV8spacingYSivM
                0x0200ef74                $e7Junkbot14LevelPlayfieldV5scaleSdvg
                0x0200ef7c                $e7Junkbot14LevelPlayfieldV5scaleSdvs
                0x0200ef84                $e7Junkbot14LevelPlayfieldV5scaleSdvM
                0x0200ef9c                $e7Junkbot14LevelPlayfieldV15hasExplicitSizeSbvg
                0x0200efa4                $e7Junkbot14LevelPlayfieldV15hasExplicitSizeSbvs
                0x0200efb0                $e7Junkbot14LevelPlayfieldV15hasExplicitSizeSbvM
                0x0200efc8                $e7Junkbot14LevelPlayfieldV10pixelWidthSivg
                0x0200efe0                $e7Junkbot14LevelPlayfieldV11pixelHeightSivg
                0x0200eff8                $e7Junkbot14LevelPlayfieldV23__derived_struct_equalsySbAC_ACtFZ
                0x0200f070                $e7Junkbot9PartStateOyACSScfC
                0x020104f0                $e7Junkbot9PartStateO21__derived_enum_equalsySbAC_ACtFZ
                0x020107d4                $e7Junkbot9PartStateO4hash4intoys6HasherVz_tF
                0x020108a0                $e7Junkbot9PartStateO9hashValueSivg
                0x020108e4                $e7Junkbot9LevelPartV5gridXSdvg
                0x020108ec                $e7Junkbot9LevelPartV5gridXSdvs
                0x020108f4                $e7Junkbot9LevelPartV5gridXSdvM
                0x0201090c                $e7Junkbot9LevelPartV5gridYSdvg
                0x02010914                $e7Junkbot9LevelPartV5gridYSdvs
                0x0201091c                $e7Junkbot9LevelPartV5gridYSdvM
                0x02010934                $e7Junkbot9LevelPartV8typeNameSSvg
                0x02010968                $e7Junkbot9LevelPartV8typeNameSSvs
                0x020109a4                $e7Junkbot9LevelPartV8typeNameSSvM
                0x020109bc                $e7Junkbot9LevelPartV10colorIndexSivg
                0x020109c4                $e7Junkbot9LevelPartV10colorIndexSivs
                0x020109cc                $e7Junkbot9LevelPartV10colorIndexSivM
                0x020109e4                $e7Junkbot9LevelPartV9colorNameSSvg
                0x02010a18                $e7Junkbot9LevelPartV9colorNameSSvs
                0x02010a54                $e7Junkbot9LevelPartV9colorNameSSvM
                0x02010a6c                $e7Junkbot9LevelPartV5stateAA0C5StateOvg
                0x02010a98                $e7Junkbot9LevelPartV5stateAA0C5StateOvs
                0x02010ac4                $e7Junkbot9LevelPartV5stateAA0C5StateOvM
                0x02010adc                $e7Junkbot9LevelPartV5valueSivg
                0x02010ae4                $e7Junkbot9LevelPartV5valueSivs
                0x02010aec                $e7Junkbot9LevelPartV5valueSivM
                0x02010b04                $e7Junkbot9LevelPartV10relationIDSSvg
                0x02010b3c                $e7Junkbot9LevelPartV10relationIDSSvs
                0x02010b78                $e7Junkbot9LevelPartV10relationIDSSvM
                0x02010b90                $e7Junkbot9LevelPartV5gridX0D1Y8typeName10colorIndex0gF05state5value10relationIDACSd_SdSSSiSSAA0C5StateOSiSStcfC
                0x02010c48                $e7Junkbot9LevelPartV23__derived_struct_equalsySbAC_ACtFZ
                0x0201123c                $e7Junkbot11LevelBoundsV1x1y5width6heightACs5Int32V_A3ItcfC
                0x02011240                $e7Junkbot10GameEngineC9loadLevelyyAA0E0VF
                0x020147c8                $e7Junkbot10GameEngineC9loadLevelyyAA0E0VF10relationIDL_ys5Int32VSSFTf0nss_n
                0x020148b8                $eSlsSQ7ElementRpzrlE10firstIndex2of0C0QzSgAB_tFSaySSG_Tg5
                0x02014b24                $eSS9hasPrefixySbSSF
                0x0201509c                $eSlsE9dropFirsty11SubSequenceQzSiFSs_Tg5
                0x020151dc                $eSlsE9dropFirsty11SubSequenceQzSiFSS_Tg5
                0x020155b0                $e7Junkbot10GameEngineC9loadLevelyyAA0E0VF13resolveDecalsL_ySayAA13DecalInstanceVGSayAA0eH0VGF
                0x0201596c                $e7Junkbot25backgroundSpriteIDForNameys5Int32VSgSSF
                0x020159a8                $e7Junkbot13DecalInstanceV1x1y8spriteIDACs5Int32V_A2HtcfC
                0x020159ac                $e7Junkbot10GameEngineC13setBackground16backdropSpriteID16backgroundDecals6decalsys5Int32V_SayAA13DecalInstanceVGALtF
                0x02015a4c                $e7Junkbot5LevelV4textACSS_tcfC
                0x02019b3c                $eSlsSQ7ElementRpzrlE5split9separator9maxSplits25omittingEmptySubsequencesSay11SubSequenceQzGAB_SiSbtFSs_Tg5
                0x0201a514                $eSlsE8dropLasty11SubSequenceQzSiFSs_Tg5
                0x0201a690                $e7Junkbot5LevelV4textACSS_tcfcSaySS_SStGyXEfu2_
                0x0201a6a0                $es17FixedWidthIntegerPsEyxSgSScfCSi_Tt1g5
                0x0201ab90                $e7Junkbot5LevelV4textACSS_tcfc14parseDecalListL_ySayAA0bE0VGSSF
                0x0201b2a4                $e7Junkbot5LevelV4textACSS_tcfc14parseDecalListL_ySayAA0bE0VGSSFSSSshcfu_
                0x0201b2a8                $eSa6append10contentsOfyqd__n_t7ElementQyd__RszSTRd__lF7Junkbot10LevelDecalV_SayAGGTg5
                0x0201b3d4                $eSa6append10contentsOfyqd__n_t7ElementQyd__RszSTRd__lFSS_SaySSGTg5
                0x0201b4f4                $e7Junkbot9PartStateO7rawTextSSvg
                0x0201b578                $e7Junkbot14formatJSNumberySSSdF
                0x0201b69c                $e7Junkbot15brickColorNames_WZ
                0x0201b6a0                $e7Junkbot5LevelV4textSSvg
                0x0201cae8                $e7Junkbot5LevelV4textSSvg10decalsTextL_ySSSayAA0B5DecalVGF
                0x0201cdf8                $eSKsSS7ElementRtzrlE6joined9separatorS2S_tFSaySSG_Tg5
                0x0201d3a0                $e7Junkbot13RenderCommandV4KindO8rawValueAESgs5Int32V_tcfC
                0x0201d3b8                $e7Junkbot13RenderCommandV4kindAC4KindOvg
                0x0201d3c0                $e7Junkbot13RenderCommandV4kindAC4KindOvs
                0x0201d3c8                $e7Junkbot13RenderCommandV4kindAC4KindOvM
                0x0201d3e0                $e7Junkbot13RenderCommandV8spriteIDs5Int32Vvg
                0x0201d3e8                $e7Junkbot13RenderCommandV8spriteIDs5Int32Vvs
                0x0201d3f0                $e7Junkbot13RenderCommandV8spriteIDs5Int32VvM
                0x0201d408                $e7Junkbot13RenderCommandV1xs5Int32Vvg
                0x0201d410                $e7Junkbot13RenderCommandV1xs5Int32Vvs
                0x0201d418                $e7Junkbot13RenderCommandV1xs5Int32VvM
                0x0201d430                $e7Junkbot13RenderCommandV1ys5Int32Vvg
                0x0201d438                $e7Junkbot13RenderCommandV1ys5Int32Vvs
                0x0201d440                $e7Junkbot13RenderCommandV1ys5Int32VvM
                0x0201d458                $e7Junkbot13RenderCommandV1as5Int32Vvg
                0x0201d460                $e7Junkbot13RenderCommandV1as5Int32Vvs
                0x0201d468                $e7Junkbot13RenderCommandV1as5Int32VvM
                0x0201d480                $e7Junkbot13RenderCommandV1bs5Int32Vvg
                0x0201d488                $e7Junkbot13RenderCommandV1bs5Int32Vvs
                0x0201d490                $e7Junkbot13RenderCommandV1bs5Int32VvM
                0x0201d4a8                $e7Junkbot13RenderCommandV1cs5Int32Vvg
                0x0201d4b0                $e7Junkbot13RenderCommandV1cs5Int32Vvs
                0x0201d4b8                $e7Junkbot13RenderCommandV1cs5Int32VvM
                0x0201d4d0                $e7Junkbot13RenderCommandV6sprite_1x1y5alpha12rotationMrad9clipWidthACs5Int32V_A5KtFZ
                0x0201d4f4                $e7Junkbot13RenderCommandV9solidRect1x1y5width6height4rgbaACs5Int32V_A4KtFZ
                0x0201d524                $e7Junkbot11RenderFrameV8commandsSayAA0B7CommandVGvpfi
                0x0201d534                $e7Junkbot11RenderFrameV8commandsSayAA0B7CommandVGvg
                0x0201d57c                $e7Junkbot11RenderFrameV8commandsSayAA0B7CommandVGvs
                0x0201d594                $e7Junkbot11RenderFrameV8commandsSayAA0B7CommandVGvM
                0x0201d5ac                $e7Junkbot11RenderFrameV15backgroundCountSivpfi
                0x0201d5b4                $e7Junkbot11RenderFrameV15backgroundCountSivg
                0x0201d5bc                $e7Junkbot11RenderFrameV15backgroundCountSivs
                0x0201d5c4                $e7Junkbot11RenderFrameV15backgroundCountSivM
                0x0201d5dc                $e7Junkbot11RenderFrameV9placeableSbvpfi
                0x0201d5e4                $e7Junkbot11RenderFrameV9placeableSbvg
                0x0201d5ec                $e7Junkbot11RenderFrameV9placeableSbvs
                0x0201d5f8                $e7Junkbot11RenderFrameV9placeableSbvM
                0x0201d610                $e7Junkbot11RenderFrameVACycfC
                0x0201d628                $e7Junkbot13DecalInstanceV1xs5Int32Vvg
                0x0201d62c                $e7Junkbot13DecalInstanceV1xs5Int32Vvs
                0x0201d634                $e7Junkbot13DecalInstanceV1xs5Int32VvM
                0x0201d64c                $e7Junkbot13DecalInstanceV1ys5Int32Vvg
                0x0201d654                $e7Junkbot13DecalInstanceV1ys5Int32Vvs
                0x0201d65c                $e7Junkbot13DecalInstanceV1ys5Int32VvM
                0x0201d674                $e7Junkbot13DecalInstanceV8spriteIDs5Int32Vvg
                0x0201d67c                $e7Junkbot13DecalInstanceV8spriteIDs5Int32Vvs
                0x0201d684                $e7Junkbot13DecalInstanceV8spriteIDs5Int32VvM
                0x0201d69c                $e7Junkbot10GameEngineC16buildRenderFrame4into7editing16entitiesOverrideyAA0eF0Vz_SbSayAA6EntityVGSgtF
                0x0201df80                $e7Junkbot9RenderBoxV1x1y5width6heightACSd_S3dtcfC
                0x0201dfb8                $e7Junkbot21sortOrderForRenderingySaySiGSayAA9RenderBoxVGF
                0x0201e190                $e7Junkbot10GameEngineC19appendEntityCommand_9placeable7editing4into9isPreviewyAA0E0V_S2bSayAA06RenderF0VGzSbtF
                0x0201e58c                $e7Junkbot10GameEngineC18appendWindCommands33_E9066A679403A996D50626318B53C136LL4intoySayAA13RenderCommandVGz_tF
                0x0201e658                $e7Junkbot10GameEngineC23appendLaserBeamCommands33_E9066A679403A996D50626318B53C136LL4intoySayAA13RenderCommandVGz_tF
                0x0201e934                $e7Junkbot10GameEngineC28appendTeleportEffectCommands33_E9066A679403A996D50626318B53C136LL4intoySayAA13RenderCommandVGz_tF
                0x0201e9a0                $e7Junkbot10GameEngineC23buildEntityListCommandsySayAA13RenderCommandVGSayAA0E0VGF
                0x0201ebb4                $e7Junkbot10GameEngineC20buildPreviewCommands3for7editingSayAA13RenderCommandVGAA6EntityV_SbtF
                0x0201ec8c                $e7Junkbot10WindEffectV14fanEntityIndexACSi_tcfC
                0x0201eca0                $e7Junkbot10WindEffectV9addExtentyys5Int32VF
                0x0201eccc                $e7Junkbot10GameEngineC18appendWindCommands33_E9066A679403A996D50626318B53C136LL3for3fan4intoyAA0E6EffectV_AA6EntityVSayAA13RenderCommandVGztF
                0x0201ef74                $e7Junkbot10GameEngineC27appendTeleportEffectCommand33_E9066A679403A996D50626318B53C136LL_4intoyAA0eF0V_SayAA06RenderG0VGztF
                0x0201f038                $e7Junkbot10GameEngineC12junkbotFrame_9isPreviews5Int32V8spriteID_AG2dxAG2dytAA6EntityV_SbtF
                0x0201f238                $e7Junkbot17spriteHeightTableSays5Int32VGvau
                0x0201f248                $e7Junkbot10GameEngineC12entitySprite33_E9066A679403A996D50626318B53C136LL_7editings5Int32V2id_AH12rotationMradtSgAA6EntityV_SbtF
                0x0201f618                $e7Junkbot16spriteWidthTableSays5Int32VGvau
                0x0201f628                $e7Junkbot8SpriteIDO14brickWhiteBases5Int32Vvau
                0x0201f638                $e7Junkbot8SpriteIDO12brickRedBases5Int32Vvau
                0x0201f648                $e7Junkbot8SpriteIDO14brickGreenBases5Int32Vvau
                0x0201f658                $e7Junkbot8SpriteIDO13brickBlueBases5Int32Vvau
                0x0201f668                $e7Junkbot8SpriteIDO15brickYellowBases5Int32Vvau
                0x0201f678                $e7Junkbot8SpriteIDO17brickImmobileBases5Int32Vvau
                0x0201f688                $e7Junkbot8SpriteIDO15scaredyWalkR1S3s5Int32Vvau
                0x0201f698                $e7Junkbot8SpriteIDO15scaredyWalkR2S3s5Int32Vvau
                0x0201f6a8                $e7Junkbot8SpriteIDO15scaredyWalkL1S3s5Int32Vvau
                0x0201f6b8                $e7Junkbot8SpriteIDO15scaredyWalkL2S3s5Int32Vvau
                0x0201f6c8                $e7Junkbot10GameEngineC24renderRandomMilliradians33_E9066A679403A996D50626318B53C136LL5ranges5Int32VAH_tF
                0x0201f77c                $e7Junkbot8SpriteIDO3bins5Int32Vvau
                0x0201f78c                $e7Junkbot8SpriteIDO13hazSlickcrates5Int32Vvau
                0x0201f79c                $e7Junkbot8SpriteIDO19hazSlickFireOffBases5Int32Vvau
                0x0201f7ac                $e7Junkbot8SpriteIDO18hazSlickFireOnBases5Int32Vvau
                0x0201f7bc                $e7Junkbot8SpriteIDO18hazSlickFanOffBases5Int32Vvau
                0x0201f7cc                $e7Junkbot8SpriteIDO17hazSlickFanOnBases5Int32Vvau
                0x0201f7dc                $e7Junkbot8SpriteIDO20hazSlickSwitchOnBases5Int32Vvau
                0x0201f7ec                $e7Junkbot8SpriteIDO21hazSlickSwitchOffBases5Int32Vvau
                0x0201f7fc                $e7Junkbot8SpriteIDO19hazSlickPipeDryBases5Int32Vvau
                0x0201f80c                $e7Junkbot8SpriteIDO19hazSlickPipeWetBases5Int32Vvau
                0x0201f81c                $e7Junkbot8SpriteIDO17hazSlickshieldOffs5Int32Vvau
                0x0201f82c                $e7Junkbot8SpriteIDO16hazSlickshieldOns5Int32Vvau
                0x0201f83c                $e7Junkbot8SpriteIDO19brickSlickshieldOffs5Int32Vvau
                0x0201f84c                $e7Junkbot8SpriteIDO18brickSlickshieldOns5Int32Vvau
                0x0201f85c                $e7Junkbot8SpriteIDO26hazSlickTeleportActiveBases5Int32Vvau
                0x0201f86c                $e7Junkbot8SpriteIDO22hazSlickTeleportOnBases5Int32Vvau
                0x0201f87c                $e7Junkbot8SpriteIDO23hazSlickTeleportOffBases5Int32Vvau
                0x0201f88c                $e7Junkbot8SpriteIDO20hazSlickLaserLOnBases5Int32Vvau
                0x0201f89c                $e7Junkbot8SpriteIDO20hazSlickLaserROnBases5Int32Vvau
                0x0201f8ac                $e7Junkbot8SpriteIDO22hazSlickJumpActiveBases5Int32Vvau
                0x0201f8bc                $e7Junkbot8SpriteIDO24brickSlickJumpActiveBases5Int32Vvau
                0x0201f8cc                $e7Junkbot8SpriteIDO23hazSlickJumpDormantBases5Int32Vvau
                0x0201f8dc                $e7Junkbot8SpriteIDO25brickSlickJumpDormantBases5Int32Vvau
                0x0201f8ec                $e7Junkbot8SpriteIDO15dripFallingBases5Int32Vvau
                0x0201f8fc                $e7Junkbot8SpriteIDO18dripSplashingCounts5Int32Vvau
                0x0201f90c                $e7Junkbot8SpriteIDO17dripSplashingBases5Int32Vvau
                0x0201f91c                $e7Junkbot8SpriteIDO16gearbotWalkRBases5Int32Vvau
                0x0201f92c                $e7Junkbot8SpriteIDO16gearbotWalkLBases5Int32Vvau
                0x0201f93c                $e7Junkbot8SpriteIDO17climbbotWalkUBases5Int32Vvau
                0x0201f94c                $e7Junkbot8SpriteIDO17climbbotWalkDBases5Int32Vvau
                0x0201f95c                $e7Junkbot8SpriteIDO17climbbotWalkRBases5Int32Vvau
                0x0201f96c                $e7Junkbot8SpriteIDO17climbbotWalkLBases5Int32Vvau
                0x0201f97c                $e7Junkbot8SpriteIDO10flybotBases5Int32Vvau
                0x0201f98c                $e7Junkbot8SpriteIDO16eyebotActiveBases5Int32Vvau
                0x0201f99c                $e7Junkbot8SpriteIDO10eyebotBases5Int32Vvau
                0x0201f9ac                $e7Junkbot8SpriteIDO11minifigDeads5Int32Vvau
                0x0201f9bc                $e7Junkbot8SpriteIDO19minifigWaterDieBases5Int32Vvau
                0x0201f9cc                $e7Junkbot8SpriteIDO14minifigDieBases5Int32Vvau
                0x0201f9dc                $e7Junkbot8SpriteIDO20minifigShieldEatBases5Int32Vvau
                0x0201f9ec                $e7Junkbot8SpriteIDO19minifigEatStartBases5Int32Vvau
                0x0201f9fc                $e7Junkbot8SpriteIDO20minifigShieldOnRBases5Int32Vvau
                0x0201fa0c                $e7Junkbot8SpriteIDO20minifigShieldOnLBases5Int32Vvau
                0x0201fa1c                $e7Junkbot25junkbotAnim_shield_walk_rSayAA0A8KeyframeVGvau
                0x0201fa2c                $e7Junkbot25junkbotAnim_shield_walk_lSayAA0A8KeyframeVGvau
                0x0201fa3c                $e7Junkbot18junkbotAnim_walk_rSayAA0A8KeyframeVGvau
                0x0201fa4c                $e7Junkbot18junkbotAnim_walk_lSayAA0A8KeyframeVGvau
                0x0201fa5c                $e7Junkbot8SpriteIDO11fanAir1Bases5Int32Vvau
                0x0201fa6c                $e7Junkbot10WindEffectV6extent2ats5Int32VSi_tF
                0x0201fa84                $e7Junkbot8SpriteIDO14laserbeam1Bases5Int32Vvau
                0x0201fa94                $e7Junkbot8SpriteIDO12transEfxBases5Int32Vvau
                0x0201faa4                $e7Junkbot9RenderBoxV1xSdvg
                0x0201faa8                $e7Junkbot9RenderBoxV1xSdvs
                0x0201fab0                $e7Junkbot9RenderBoxV1xSdvM
                0x0201fac8                $e7Junkbot9RenderBoxV1ySdvg
                0x0201fad4                $e7Junkbot9RenderBoxV1ySdvs
                0x0201fadc                $e7Junkbot9RenderBoxV1ySdvM
                0x0201faf4                $e7Junkbot9RenderBoxV5widthSdvg
                0x0201fafc                $e7Junkbot9RenderBoxV5widthSdvs
                0x0201fb04                $e7Junkbot9RenderBoxV5widthSdvM
                0x0201fb1c                $e7Junkbot9RenderBoxV6heightSdvg
                0x0201fb28                $e7Junkbot9RenderBoxV6heightSdvs
                0x0201fb30                $e7Junkbot9RenderBoxV6heightSdvM
                0x0201fb48                $eSaySayxGqd__c7ElementQyd__RszSTRd__lufCSi_SnySiGTt0g5
                0x0201fbec                $e7Junkbot21sortOrderForRenderingySaySiGSayAA9RenderBoxVGFSbSi_SitXEfU_
                0x0201fc54                $eSMsSkRzrlE4sort2byySb7ElementSTQz_ADtKXE_tKFSaySiG_Tg5060$e7Junkbot21sortOrderForRenderingySaySiGSayAA9RenderBoxVGFSbJ9_SitXEfU_Say7Junkbot0mN0VGTf1cn_n
                0x0201fefc                $e7Junkbot10GameEngineC04hurtA05index5causeySi_s5Int32VtF
                0x02020190                $e7Junkbot10GameEngineC15simulateGravityyyF
                0x020209c0                $e7Junkbot10GameEngineC4walk12junkbotIndexSbSi_tF
                0x02021910                $e7Junkbot10GameEngineC4walk12junkbotIndexSbSi_tFSbAA6EntityVcACcfu10_SbAGcfu11_
                0x02021934                $e7Junkbot10GameEngineC23findLinkedTeleportIndex3forS2i_tF
                0x020219ac                $e7Junkbot10GameEngineC08simulateA05indexySi_tF
                0x02023d3c                $e7Junkbot10GameEngineC08simulateA05indexySi_tFSbAA6EntityVXEfU0_
                0x02023d50                $e7Junkbot10GameEngineC08simulateA05indexySi_tFSbAA6EntityVXEfU2_
                0x02023da8                $e7Junkbot10GameEngineC08simulateA05indexySi_tFSbAA6EntityV6entity_SiAEt_tXEfU3_SbAGcACcfu_SbAGcfu0_
                0x02023db8                $e7Junkbot10GameEngineC08simulateA05indexySi_tFSbAA6EntityVXEfU4_
                0x02023dcc                $e7Junkbot10GameEngineC15simulateGearbot5indexySi_tF
                0x02024544                $e7Junkbot10GameEngineC16simulateClimbbot5indexySi_tF
                0x020258ac                $e7Junkbot10GameEngineC16simulateClimbbot5indexySi_tFSbAA6EntityVcACcfu1_SbAGcfu2_
                0x020258c8                $e7Junkbot10GameEngineC14simulateFlybot5indexySi_tF
                0x02025b78                $e7Junkbot10GameEngineC14simulateFlybot5indexySi_tFSbAA6EntityVXEfU_
                0x02025b88                $e7Junkbot10GameEngineC17doEyebotTargeting5indexySi_tF
                0x02025e9c                $e7Junkbot10GameEngineC17doEyebotTargeting5indexySi_tFSbAA6EntityVXEfU_
                0x02025ec4                $e7Junkbot10GameEngineC16doEyebotMovement5indexySi_tF
                0x020261f4                $e7Junkbot10GameEngineC15simulateScaredy5indexySi_tF
                0x02026764                $e7Junkbot10GameEngineC15simulateScaredy5indexySi_tFSbAA6EntityVXEfU_
                0x02026778                $e7Junkbot10GameEngineC15simulateDroplet5indexySi_tF
                0x02026a60                $e7Junkbot10GameEngineC12simulatePipe5indexySi_tF
                0x02026cac                $e7Junkbot10GameEngineC12simulateJump5indexySi_tF
                0x02026de8                $e7Junkbot10GameEngineC16simulateTeleport5indexySi_tF
                0x020273f0                $e7Junkbot10GameEngineC16simulateTeleport5indexySi_tFSbAA6EntityVcACcfu1_SbAGcfu2_
                0x0202740c                $e7Junkbot10GameEngineC16simulateSwitchesyyF
                0x020276f8                $e7Junkbot10GameEngineC21simulateFansAndLasersyyF
                0x02027fcc                $e7Junkbot10GameEngineC8simulateyyF13indicesForIDsL_ySaySiGSays5Int32VGF
                0x020280e0                $e7Junkbot15spriteIDForName_5sheets5Int32VSgSS_AA11SpriteSheetOtF
                0x020281e4                $e7Junkbot15spriteNameTableSays12StaticStringVGvau
                0x020281f4                $e7Junkbot16spriteSheetTableSays5Int32VGvau
                0x02028204                $e7Junkbot11SpriteSheetO8rawValues5Int32Vvg
                0x0202820c                $e7Junkbot10EntityTypeO8rawValueACSgs5UInt8V_tcfC
                0x02028230                $e7Junkbot10EntityTypeO8rawValues5UInt8Vvg
                0x02028248                $e7Junkbot7SoundIDO8rawValueACSgs5Int32V_tcfC
                0x02028254                $e7Junkbot7SoundIDOSYAASY8rawValuexSg03RawE0Qz_tcfCTW
                0x02028270                $e7Junkbot7SoundIDOSYAASY8rawValue03RawE0QzvgTW
                0x02028288                $e7Junkbot11LevelBoundsV1xs5Int32Vvg
                0x0202828c                $e7Junkbot11LevelBoundsV1xs5Int32Vvs
                0x02028294                $e7Junkbot11LevelBoundsV1xs5Int32VvM
                0x020282ac                $e7Junkbot11LevelBoundsV1ys5Int32Vvg
                0x020282b4                $e7Junkbot11LevelBoundsV1ys5Int32Vvs
                0x020282bc                $e7Junkbot11LevelBoundsV1ys5Int32VvM
                0x020282d4                $e7Junkbot11LevelBoundsV5widths5Int32Vvg
                0x020282dc                $e7Junkbot11LevelBoundsV5widths5Int32Vvs
                0x020282e4                $e7Junkbot11LevelBoundsV5widths5Int32VvM
                0x020282fc                $e7Junkbot11LevelBoundsV6heights5Int32Vvg
                0x02028304                $e7Junkbot11LevelBoundsV6heights5Int32Vvs
                0x0202830c                $e7Junkbot11LevelBoundsV6heights5Int32VvM
                0x02028324                $e7Junkbot10WindEffectV14fanEntityIndexSivg
                0x0202832c                $e7Junkbot10WindEffectV14fanEntityIndexSivs
                0x02028334                $e7Junkbot10WindEffectV14fanEntityIndexSivM
                0x0202834c                $e7Junkbot10WindEffectV10numExtentsSivg
                0x02028354                $e7Junkbot10WindEffectV10numExtentsSivs
                0x0202835c                $e7Junkbot10WindEffectV10numExtentsSivM
                0x02028374                $e7Junkbot9LaserBeamV16laserEntityIndexSivg
                0x02028378                $e7Junkbot9LaserBeamV16laserEntityIndexSivM
                0x02028390                $e7Junkbot9LaserBeamV6extents5Int32Vvg
                0x02028398                $e7Junkbot9LaserBeamV6extents5Int32VvM
                0x020283b0                $e7Junkbot9LaserBeamV14hitEntityIndexSivg
                0x020283b8                $e7Junkbot9LaserBeamV14hitEntityIndexSivM
                0x020283d0                $e7Junkbot10RaycastHitV5stepss5Int32Vvg
                0x020283d8                $e7Junkbot10RaycastHitV5stepss5Int32Vvs
                0x020283e0                $e7Junkbot10RaycastHitV5stepss5Int32VvM
                0x020283f8                $e7Junkbot10RaycastHitV6entityAA6EntityVSgvpfi
                0x02028428                $e7Junkbot10RaycastHitV6entityAA6EntityVSgvg
                0x0202843c                $e7Junkbot10RaycastHitV6entityAA6EntityVSgvs
                0x02028454                $e7Junkbot10RaycastHitV6entityAA6EntityVSgvM
                0x0202846c                $e7Junkbot10RaycastHitV11entityIndexSivg
                0x02028474                $e7Junkbot10RaycastHitV11entityIndexSivs
                0x0202847c                $e7Junkbot10RaycastHitV11entityIndexSivM
                0x02028494                $e7Junkbot14TeleportEffectV1xs5Int32Vvg
                0x02028498                $e7Junkbot14TeleportEffectV1xs5Int32VvM
                0x020284b0                $e7Junkbot14TeleportEffectV1ys5Int32Vvg
                0x020284b8                $e7Junkbot14TeleportEffectV1ys5Int32VvM
                0x020284d0                $e7Junkbot14TeleportEffectV10frameIndexs5Int32Vvg
                0x020284d8                $e7Junkbot14TeleportEffectV10frameIndexs5Int32VvM
                0x020284f0                $e7Junkbot6EntityV2ids5Int32Vvg
                0x020284f8                $e7Junkbot6EntityV2ids5Int32Vvs
                0x02028500                $e7Junkbot6EntityV2ids5Int32VvM
                0x02028518                $e7Junkbot6EntityV4typeAA0B4TypeOvg
                0x02028520                $e7Junkbot6EntityV4typeAA0B4TypeOvs
                0x02028528                $e7Junkbot6EntityV4typeAA0B4TypeOvM
                0x02028540                $e7Junkbot6EntityV1xs5Int32Vvg
                0x02028548                $e7Junkbot6EntityV1xs5Int32Vvs
                0x02028550                $e7Junkbot6EntityV1xs5Int32VvM
                0x02028568                $e7Junkbot6EntityV1ys5Int32Vvg
                0x02028570                $e7Junkbot6EntityV1ys5Int32Vvs
                0x02028578                $e7Junkbot6EntityV1ys5Int32VvM
                0x02028590                $e7Junkbot6EntityV5widths5Int32Vvg
                0x02028598                $e7Junkbot6EntityV5widths5Int32Vvs
                0x020285a0                $e7Junkbot6EntityV5widths5Int32VvM
                0x020285b8                $e7Junkbot6EntityV6heights5Int32Vvg
                0x020285c0                $e7Junkbot6EntityV6heights5Int32Vvs
                0x020285c8                $e7Junkbot6EntityV6heights5Int32VvM
                0x020285e0                $e7Junkbot6EntityV7grabbedSbvg
                0x020285e8                $e7Junkbot6EntityV7grabbedSbvs
                0x020285f4                $e7Junkbot6EntityV7grabbedSbvM
                0x0202860c                $e7Junkbot6EntityV5fixedSbvg
                0x02028614                $e7Junkbot6EntityV5fixedSbvs
                0x02028620                $e7Junkbot6EntityV5fixedSbvM
                0x02028638                $e7Junkbot6EntityV8floatingSbvg
                0x02028640                $e7Junkbot6EntityV8floatingSbvs
                0x0202864c                $e7Junkbot6EntityV8floatingSbvM
                0x02028664                $e7Junkbot6EntityV11wasFloatingSbvg
                0x0202866c                $e7Junkbot6EntityV11wasFloatingSbvs
                0x02028678                $e7Junkbot6EntityV11wasFloatingSbvM
                0x02028690                $e7Junkbot6EntityV18removeBeforeRenderSbvg
                0x02028698                $e7Junkbot6EntityV18removeBeforeRenderSbvs
                0x020286a4                $e7Junkbot6EntityV18removeBeforeRenderSbvM
                0x020286bc                $e7Junkbot6EntityV6facings5Int32Vvg
                0x020286c4                $e7Junkbot6EntityV6facings5Int32Vvs
                0x020286cc                $e7Junkbot6EntityV6facings5Int32VvM
                0x020286e4                $e7Junkbot6EntityV7facingYs5Int32Vvg
                0x020286ec                $e7Junkbot6EntityV7facingYs5Int32Vvs
                0x020286f4                $e7Junkbot6EntityV7facingYs5Int32VvM
                0x0202870c                $e7Junkbot6EntityV14animationFrames5Int32Vvg
                0x02028714                $e7Junkbot6EntityV14animationFrames5Int32Vvs
                0x0202871c                $e7Junkbot6EntityV14animationFrames5Int32VvM
                0x02028734                $e7Junkbot6EntityV12widthInStudss5Int32Vvg
                0x0202873c                $e7Junkbot6EntityV12widthInStudss5Int32Vvs
                0x02028744                $e7Junkbot6EntityV12widthInStudss5Int32VvM
                0x0202875c                $e7Junkbot6EntityV10colorIndexs5Int32Vvg
                0x02028764                $e7Junkbot6EntityV10colorIndexs5Int32Vvs
                0x0202876c                $e7Junkbot6EntityV10colorIndexs5Int32VvM
                0x02028784                $e7Junkbot6EntityV7armoredSbvg
                0x0202878c                $e7Junkbot6EntityV7armoredSbvs
                0x02028798                $e7Junkbot6EntityV7armoredSbvM
                0x020287b0                $e7Junkbot6EntityV12losingShieldSbvg
                0x020287b8                $e7Junkbot6EntityV12losingShieldSbvs
                0x020287c4                $e7Junkbot6EntityV12losingShieldSbvM
                0x020287dc                $e7Junkbot6EntityV16losingShieldTimes5Int32Vvg
                0x020287e4                $e7Junkbot6EntityV16losingShieldTimes5Int32Vvs
                0x020287ec                $e7Junkbot6EntityV16losingShieldTimes5Int32VvM
                0x02028804                $e7Junkbot6EntityV13gettingShieldSbvg
                0x0202880c                $e7Junkbot6EntityV13gettingShieldSbvs
                0x02028818                $e7Junkbot6EntityV13gettingShieldSbvM
                0x02028830                $e7Junkbot6EntityV5dyingSbvg
                0x02028838                $e7Junkbot6EntityV5dyingSbvs
                0x02028844                $e7Junkbot6EntityV5dyingSbvM
                0x0202885c                $e7Junkbot6EntityV14dyingFromWaterSbvg
                0x02028864                $e7Junkbot6EntityV14dyingFromWaterSbvs
                0x02028870                $e7Junkbot6EntityV14dyingFromWaterSbvM
                0x02028888                $e7Junkbot6EntityV4deadSbvg
                0x02028890                $e7Junkbot6EntityV4deadSbvs
                0x0202889c                $e7Junkbot6EntityV4deadSbvM
                0x020288b4                $e7Junkbot6EntityV13collectingBinSbvg
                0x020288bc                $e7Junkbot6EntityV13collectingBinSbvs
                0x020288c8                $e7Junkbot6EntityV13collectingBinSbvM
                0x020288e0                $e7Junkbot6EntityV10headLoadedSbvg
                0x020288e8                $e7Junkbot6EntityV10headLoadedSbvs
                0x020288f4                $e7Junkbot6EntityV10headLoadedSbvM
                0x0202890c                $e7Junkbot6EntityV9momentumXs5Int32Vvg
                0x02028914                $e7Junkbot6EntityV9momentumXs5Int32Vvs
                0x0202891c                $e7Junkbot6EntityV9momentumXs5Int32VvM
                0x02028934                $e7Junkbot6EntityV9momentumYs5Int32Vvg
                0x0202893c                $e7Junkbot6EntityV9momentumYs5Int32Vvs
                0x02028944                $e7Junkbot6EntityV9momentumYs5Int32VvM
                0x0202895c                $e7Junkbot6EntityV7scaredySbvg
                0x02028964                $e7Junkbot6EntityV7scaredySbvs
                0x02028970                $e7Junkbot6EntityV7scaredySbvM
                0x02028988                $e7Junkbot6EntityV2onSbvg
                0x02028990                $e7Junkbot6EntityV2onSbvs
                0x0202899c                $e7Junkbot6EntityV2onSbvM
                0x020289b4                $e7Junkbot6EntityV4usedSbvg
                0x020289bc                $e7Junkbot6EntityV4usedSbvs
                0x020289c8                $e7Junkbot6EntityV4usedSbvM
                0x020289e0                $e7Junkbot6EntityV8switchIDs5Int32Vvg
                0x020289e8                $e7Junkbot6EntityV8switchIDs5Int32Vvs
                0x020289f0                $e7Junkbot6EntityV8switchIDs5Int32VvM
                0x02028a08                $e7Junkbot6EntityV9steppedOnSbvg
                0x02028a10                $e7Junkbot6EntityV9steppedOnSbvs
                0x02028a1c                $e7Junkbot6EntityV9steppedOnSbvM
                0x02028a34                $e7Junkbot6EntityV10teleportIDs5Int32Vvg
                0x02028a3c                $e7Junkbot6EntityV10teleportIDs5Int32Vvs
                0x02028a44                $e7Junkbot6EntityV10teleportIDs5Int32VvM
                0x02028a5c                $e7Junkbot6EntityV5timers5Int32Vvg
                0x02028a64                $e7Junkbot6EntityV5timers5Int32Vvs
                0x02028a6c                $e7Junkbot6EntityV5timers5Int32VvM
                0x02028a84                $e7Junkbot6EntityV7blockedSbvg
                0x02028a8c                $e7Junkbot6EntityV7blockedSbvs
                0x02028a98                $e7Junkbot6EntityV7blockedSbvM
                0x02028ab0                $e7Junkbot6EntityV6energys5Int32Vvg
                0x02028ab8                $e7Junkbot6EntityV6energys5Int32Vvs
                0x02028ac0                $e7Junkbot6EntityV6energys5Int32VvM
                0x02028ad8                $e7Junkbot6EntityV6activeSbvg
                0x02028ae0                $e7Junkbot6EntityV6activeSbvs
                0x02028aec                $e7Junkbot6EntityV6activeSbvM
                0x02028b04                $e7Junkbot6EntityV11activeTimers5Int32Vvg
                0x02028b0c                $e7Junkbot6EntityV11activeTimers5Int32Vvs
                0x02028b14                $e7Junkbot6EntityV11activeTimers5Int32VvM
                0x02028b2c                $e7Junkbot6EntityV9splashingSbvg
                0x02028b34                $e7Junkbot6EntityV9splashingSbvs
                0x02028b40                $e7Junkbot6EntityV9splashingSbvM
                0x02028b58                $e7Junkbot6EntityV11grabOffsetXs5Int32Vvg
                0x02028b60                $e7Junkbot6EntityV11grabOffsetXs5Int32Vvs
                0x02028b68                $e7Junkbot6EntityV11grabOffsetXs5Int32VvM
                0x02028b80                $e7Junkbot6EntityV11grabOffsetYs5Int32Vvg
                0x02028b88                $e7Junkbot6EntityV11grabOffsetYs5Int32Vvs
                0x02028b90                $e7Junkbot6EntityV11grabOffsetYs5Int32VvM
                0x02028ba8                $e7Junkbot10GameEngineC4undoSbyF
                0x02028d10                $e7Junkbot10GameEngineC7restoreyyAA0C8SnapshotVF
                0x02028e64                $e7Junkbot10GameEngineC7canUndoSbvg
                0x02028e78                $e7Junkbot10GameEngineC11beginRewindyyF
                0x02028e9c                $e7Junkbot10GameEngineC10stepRewindSbyF
                0x02028f7c                $e7Junkbot10GameEngineC9endRewindyyF
                0x02028f98                $e7Junkbot0A8KeyframeV8spriteIDs5Int32Vvg
                0x02028f9c                $e7Junkbot0A8KeyframeV2dxs5Int32Vvg
                0x02028fa4                $e7Junkbot0A8KeyframeV2dys5Int32Vvg
                0x02028fac                $e7Junkbot25junkbotAnim_shield_walk_l_WZ
                0x02028fb0                $e7Junkbot25junkbotAnim_shield_walk_r_WZ
                0x02028fb4                $e7Junkbot18junkbotAnim_walk_l_WZ
                0x02028fb8                $e7Junkbot18junkbotAnim_walk_r_WZ
                0x02028fbc                $e7Junkbot11SpriteSheetO8rawValueACSgs5Int32V_tcfC
                0x02028fc8                $e7Junkbot15spriteNameTable_WZ
                0x02028fcc                $e7Junkbot16spriteSheetTable_WZ
                0x02028fd0                $e7Junkbot16spriteWidthTable_WZ
                0x02028fd4                $e7Junkbot17spriteHeightTable_WZ
                0x02028fd8                $e7Junkbot8SpriteIDO13brickBlueBases5Int32VvgZ
                0x02028fe0                $e7Junkbot8SpriteIDO14brickBlueCounts5Int32Vvau
                0x02028ff0                $e7Junkbot8SpriteIDO14brickBlueCounts5Int32VvgZ
                0x02028ff8                $e7Junkbot8SpriteIDO14brickGreenBases5Int32VvgZ
                0x02029000                $e7Junkbot8SpriteIDO15brickGreenCounts5Int32Vvau
                0x02029010                $e7Junkbot8SpriteIDO15brickGreenCounts5Int32VvgZ
                0x02029018                $e7Junkbot8SpriteIDO17brickImmobileBases5Int32VvgZ
                0x02029020                $e7Junkbot8SpriteIDO18brickImmobileCounts5Int32Vvau
                0x02029030                $e7Junkbot8SpriteIDO18brickImmobileCounts5Int32VvgZ
                0x02029038                $e7Junkbot8SpriteIDO12brickRedBases5Int32VvgZ
                0x02029040                $e7Junkbot8SpriteIDO13brickRedCounts5Int32Vvau
                0x02029050                $e7Junkbot8SpriteIDO13brickRedCounts5Int32VvgZ
                0x02029058                $e7Junkbot8SpriteIDO24brickSlickJumpActiveBases5Int32VvgZ
                0x02029060                $e7Junkbot8SpriteIDO25brickSlickJumpActiveCounts5Int32Vvau
                0x02029070                $e7Junkbot8SpriteIDO25brickSlickJumpActiveCounts5Int32VvgZ
                0x02029078                $e7Junkbot8SpriteIDO25brickSlickJumpDormantBases5Int32VvgZ
                0x02029080                $e7Junkbot8SpriteIDO26brickSlickJumpDormantCounts5Int32Vvau
                0x02029090                $e7Junkbot8SpriteIDO26brickSlickJumpDormantCounts5Int32VvgZ
                0x02029098                $e7Junkbot8SpriteIDO14brickWhiteBases5Int32VvgZ
                0x020290a0                $e7Junkbot8SpriteIDO15brickWhiteCounts5Int32Vvau
                0x020290b0                $e7Junkbot8SpriteIDO15brickWhiteCounts5Int32VvgZ
                0x020290b8                $e7Junkbot8SpriteIDO15brickYellowBases5Int32VvgZ
                0x020290c0                $e7Junkbot8SpriteIDO16brickYellowCounts5Int32Vvau
                0x020290d0                $e7Junkbot8SpriteIDO16brickYellowCounts5Int32VvgZ
                0x020290d8                $e7Junkbot8SpriteIDO17climbbotWalkDBases5Int32VvgZ
                0x020290e0                $e7Junkbot8SpriteIDO18climbbotWalkDCounts5Int32Vvau
                0x020290f0                $e7Junkbot8SpriteIDO18climbbotWalkDCounts5Int32VvgZ
                0x020290f8                $e7Junkbot8SpriteIDO17climbbotWalkLBases5Int32VvgZ
                0x02029100                $e7Junkbot8SpriteIDO18climbbotWalkLCounts5Int32Vvau
                0x02029110                $e7Junkbot8SpriteIDO18climbbotWalkLCounts5Int32VvgZ
                0x02029118                $e7Junkbot8SpriteIDO17climbbotWalkRBases5Int32VvgZ
                0x02029120                $e7Junkbot8SpriteIDO18climbbotWalkRCounts5Int32Vvau
                0x02029130                $e7Junkbot8SpriteIDO18climbbotWalkRCounts5Int32VvgZ
                0x02029138                $e7Junkbot8SpriteIDO17climbbotWalkUBases5Int32VvgZ
                0x02029140                $e7Junkbot8SpriteIDO18climbbotWalkUCounts5Int32Vvau
                0x02029150                $e7Junkbot8SpriteIDO18climbbotWalkUCounts5Int32VvgZ
                0x02029158                $e7Junkbot8SpriteIDO15dripFallingBases5Int32VvgZ
                0x02029160                $e7Junkbot8SpriteIDO16dripFallingCounts5Int32Vvau
                0x02029170                $e7Junkbot8SpriteIDO16dripFallingCounts5Int32VvgZ
                0x02029178                $e7Junkbot8SpriteIDO17dripSplashingBases5Int32VvgZ
                0x02029180                $e7Junkbot8SpriteIDO18dripSplashingCounts5Int32VvgZ
                0x02029188                $e7Junkbot8SpriteIDO10eyebotBases5Int32VvgZ
                0x02029190                $e7Junkbot8SpriteIDO11eyebotCounts5Int32Vvau
                0x020291a0                $e7Junkbot8SpriteIDO11eyebotCounts5Int32VvgZ
                0x020291a8                $e7Junkbot8SpriteIDO16eyebotActiveBases5Int32VvgZ
                0x020291b0                $e7Junkbot8SpriteIDO17eyebotActiveCounts5Int32Vvau
                0x020291c0                $e7Junkbot8SpriteIDO17eyebotActiveCounts5Int32VvgZ
                0x020291c8                $e7Junkbot8SpriteIDO11fanAir1Bases5Int32VvgZ
                0x020291d0                $e7Junkbot8SpriteIDO12fanAir1Counts5Int32Vvau
                0x020291e0                $e7Junkbot8SpriteIDO12fanAir1Counts5Int32VvgZ
                0x020291e8                $e7Junkbot8SpriteIDO10flybotBases5Int32VvgZ
                0x020291f0                $e7Junkbot8SpriteIDO11flybotCounts5Int32Vvau
                0x02029200                $e7Junkbot8SpriteIDO11flybotCounts5Int32VvgZ
                0x02029208                $e7Junkbot8SpriteIDO16gearbotWalkLBases5Int32VvgZ
                0x02029210                $e7Junkbot8SpriteIDO17gearbotWalkLCounts5Int32Vvau
                0x02029220                $e7Junkbot8SpriteIDO17gearbotWalkLCounts5Int32VvgZ
                0x02029228                $e7Junkbot8SpriteIDO16gearbotWalkRBases5Int32VvgZ
                0x02029230                $e7Junkbot8SpriteIDO17gearbotWalkRCounts5Int32Vvau
                0x02029240                $e7Junkbot8SpriteIDO17gearbotWalkRCounts5Int32VvgZ
                0x02029248                $e7Junkbot8SpriteIDO18hazSlickFanOffBases5Int32VvgZ
                0x02029250                $e7Junkbot8SpriteIDO19hazSlickFanOffCounts5Int32Vvau
                0x02029260                $e7Junkbot8SpriteIDO19hazSlickFanOffCounts5Int32VvgZ
                0x02029268                $e7Junkbot8SpriteIDO17hazSlickFanOnBases5Int32VvgZ
                0x02029270                $e7Junkbot8SpriteIDO18hazSlickFanOnCounts5Int32Vvau
                0x02029280                $e7Junkbot8SpriteIDO18hazSlickFanOnCounts5Int32VvgZ
                0x02029288                $e7Junkbot8SpriteIDO19hazSlickFireOffBases5Int32VvgZ
                0x02029290                $e7Junkbot8SpriteIDO20hazSlickFireOffCounts5Int32Vvau
                0x020292a0                $e7Junkbot8SpriteIDO20hazSlickFireOffCounts5Int32VvgZ
                0x020292a8                $e7Junkbot8SpriteIDO18hazSlickFireOnBases5Int32VvgZ
                0x020292b0                $e7Junkbot8SpriteIDO19hazSlickFireOnCounts5Int32Vvau
                0x020292c0                $e7Junkbot8SpriteIDO19hazSlickFireOnCounts5Int32VvgZ
                0x020292c8                $e7Junkbot8SpriteIDO22hazSlickJumpActiveBases5Int32VvgZ
                0x020292d0                $e7Junkbot8SpriteIDO23hazSlickJumpActiveCounts5Int32Vvau
                0x020292e0                $e7Junkbot8SpriteIDO23hazSlickJumpActiveCounts5Int32VvgZ
                0x020292e8                $e7Junkbot8SpriteIDO23hazSlickJumpDormantBases5Int32VvgZ
                0x020292f0                $e7Junkbot8SpriteIDO24hazSlickJumpDormantCounts5Int32Vvau
                0x02029300                $e7Junkbot8SpriteIDO24hazSlickJumpDormantCounts5Int32VvgZ
                0x02029308                $e7Junkbot8SpriteIDO19hazSlickPipeDryBases5Int32VvgZ
                0x02029310                $e7Junkbot8SpriteIDO20hazSlickPipeDryCounts5Int32Vvau
                0x02029320                $e7Junkbot8SpriteIDO20hazSlickPipeDryCounts5Int32VvgZ
                0x02029328                $e7Junkbot8SpriteIDO19hazSlickPipeWetBases5Int32VvgZ
                0x02029330                $e7Junkbot8SpriteIDO20hazSlickPipeWetCounts5Int32Vvau
                0x02029340                $e7Junkbot8SpriteIDO20hazSlickPipeWetCounts5Int32VvgZ
                0x02029348                $e7Junkbot8SpriteIDO21hazSlickSwitchOffBases5Int32VvgZ
                0x02029350                $e7Junkbot8SpriteIDO22hazSlickSwitchOffCounts5Int32Vvau
                0x02029360                $e7Junkbot8SpriteIDO22hazSlickSwitchOffCounts5Int32VvgZ
                0x02029368                $e7Junkbot8SpriteIDO20hazSlickSwitchOnBases5Int32VvgZ
                0x02029370                $e7Junkbot8SpriteIDO21hazSlickSwitchOnCounts5Int32Vvau
                0x02029380                $e7Junkbot8SpriteIDO21hazSlickSwitchOnCounts5Int32VvgZ
                0x02029388                $e7Junkbot8SpriteIDO14minifigDieBases5Int32VvgZ
                0x02029390                $e7Junkbot8SpriteIDO15minifigDieCounts5Int32Vvau
                0x020293a0                $e7Junkbot8SpriteIDO15minifigDieCounts5Int32VvgZ
                0x020293a8                $e7Junkbot8SpriteIDO19minifigEatStartBases5Int32VvgZ
                0x020293b0                $e7Junkbot8SpriteIDO20minifigEatStartCounts5Int32Vvau
                0x020293c0                $e7Junkbot8SpriteIDO20minifigEatStartCounts5Int32VvgZ
                0x020293c8                $e7Junkbot8SpriteIDO20minifigShieldEatBases5Int32VvgZ
                0x020293d0                $e7Junkbot8SpriteIDO21minifigShieldEatCounts5Int32Vvau
                0x020293e0                $e7Junkbot8SpriteIDO21minifigShieldEatCounts5Int32VvgZ
                0x020293e8                $e7Junkbot8SpriteIDO20minifigShieldOnLBases5Int32VvgZ
                0x020293f0                $e7Junkbot8SpriteIDO21minifigShieldOnLCounts5Int32Vvau
                0x02029400                $e7Junkbot8SpriteIDO21minifigShieldOnLCounts5Int32VvgZ
                0x02029408                $e7Junkbot8SpriteIDO20minifigShieldOnRBases5Int32VvgZ
                0x02029410                $e7Junkbot8SpriteIDO21minifigShieldOnRCounts5Int32Vvau
                0x02029420                $e7Junkbot8SpriteIDO21minifigShieldOnRCounts5Int32VvgZ
                0x02029428                $e7Junkbot8SpriteIDO22minifigShieldWalkLBases5Int32Vvau
                0x02029438                $e7Junkbot8SpriteIDO22minifigShieldWalkLBases5Int32VvgZ
                0x02029440                $e7Junkbot8SpriteIDO23minifigShieldWalkLCounts5Int32Vvau
                0x02029450                $e7Junkbot8SpriteIDO23minifigShieldWalkLCounts5Int32VvgZ
                0x02029458                $e7Junkbot8SpriteIDO22minifigShieldWalkRBases5Int32Vvau
                0x02029468                $e7Junkbot8SpriteIDO22minifigShieldWalkRBases5Int32VvgZ
                0x02029470                $e7Junkbot8SpriteIDO23minifigShieldWalkRCounts5Int32Vvau
                0x02029480                $e7Junkbot8SpriteIDO23minifigShieldWalkRCounts5Int32VvgZ
                0x02029488                $e7Junkbot8SpriteIDO16minifigWalkLBases5Int32Vvau
                0x02029498                $e7Junkbot8SpriteIDO16minifigWalkLBases5Int32VvgZ
                0x020294a0                $e7Junkbot8SpriteIDO17minifigWalkLCounts5Int32Vvau
                0x020294b0                $e7Junkbot8SpriteIDO17minifigWalkLCounts5Int32VvgZ
                0x020294b8                $e7Junkbot8SpriteIDO16minifigWalkRBases5Int32Vvau
                0x020294c8                $e7Junkbot8SpriteIDO16minifigWalkRBases5Int32VvgZ
                0x020294d0                $e7Junkbot8SpriteIDO17minifigWalkRCounts5Int32Vvau
                0x020294e0                $e7Junkbot8SpriteIDO17minifigWalkRCounts5Int32VvgZ
                0x020294e8                $e7Junkbot8SpriteIDO19minifigWaterDieBases5Int32VvgZ
                0x020294f0                $e7Junkbot8SpriteIDO20minifigWaterDieCounts5Int32Vvau
                0x02029500                $e7Junkbot8SpriteIDO20minifigWaterDieCounts5Int32VvgZ
                0x02029508                $e7Junkbot8SpriteIDO20hazSlickLaserLOnBases5Int32VvgZ
                0x02029510                $e7Junkbot8SpriteIDO21hazSlickLaserLOnCounts5Int32Vvau
                0x02029520                $e7Junkbot8SpriteIDO21hazSlickLaserLOnCounts5Int32VvgZ
                0x02029528                $e7Junkbot8SpriteIDO20hazSlickLaserROnBases5Int32VvgZ
                0x02029530                $e7Junkbot8SpriteIDO21hazSlickLaserROnCounts5Int32Vvau
                0x02029540                $e7Junkbot8SpriteIDO21hazSlickLaserROnCounts5Int32VvgZ
                0x02029548                $e7Junkbot8SpriteIDO26hazSlickTeleportActiveBases5Int32VvgZ
                0x02029550                $e7Junkbot8SpriteIDO27hazSlickTeleportActiveCounts5Int32Vvau
                0x02029560                $e7Junkbot8SpriteIDO27hazSlickTeleportActiveCounts5Int32VvgZ
                0x02029568                $e7Junkbot8SpriteIDO23hazSlickTeleportOffBases5Int32VvgZ
                0x02029574                $e7Junkbot8SpriteIDO24hazSlickTeleportOffCounts5Int32Vvau
                0x02029584                $e7Junkbot8SpriteIDO24hazSlickTeleportOffCounts5Int32VvgZ
                0x0202958c                $e7Junkbot8SpriteIDO22hazSlickTeleportOnBases5Int32VvgZ
                0x02029598                $e7Junkbot8SpriteIDO23hazSlickTeleportOnCounts5Int32Vvau
                0x020295a8                $e7Junkbot8SpriteIDO23hazSlickTeleportOnCounts5Int32VvgZ
                0x020295b0                $e7Junkbot8SpriteIDO14laserbeam1Bases5Int32VvgZ
                0x020295bc                $e7Junkbot8SpriteIDO15laserbeam1Counts5Int32Vvau