Archive member included to satisfy reference by file (symbol)

/Users/coleman/Library/Developer/Toolchains/swift-6.3.2-RELEASE.xctoolchain/usr/lib/swift/embedded/armv4t-none-none-eabi/libswiftUnicodeDataTables.a(UnicodeEmoji.cpp.o)
                              build/junkbot.swift.o (_swift_stdlib_isExtendedPictographic)
/Users/coleman/Library/Developer/Toolchains/swift-6.3.2-RELEASE.xctoolchain/usr/lib/swift/embedded/armv4t-none-none-eabi/libswiftUnicodeDataTables.a(UnicodeGrapheme.cpp.o)
                              build/junkbot.swift.o (_swift_stdlib_getGraphemeBreakProperty)
/Users/coleman/Library/Developer/Toolchains/swift-6.3.2-RELEASE.xctoolchain/usr/lib/swift/embedded/armv4t-none-none-eabi/libswiftUnicodeDataTables.a(UnicodeNormalization.cpp.o)
                              build/junkbot.swift.o (_swift_stdlib_getNormData)
/Users/coleman/Library/Developer/Toolchains/swift-6.3.2-RELEASE.xctoolchain/usr/lib/swift/embedded/armv4t-none-none-eabi/libswiftUnicodeDataTables.a(UnicodeScalarProps.cpp.o)
                              build/junkbot.swift.o (_swift_stdlib_getMapping)
/Users/coleman/Library/Developer/Toolchains/swift-6.3.2-RELEASE.xctoolchain/usr/lib/swift/embedded/armv4t-none-none-eabi/libswiftUnicodeDataTables.a(UnicodeData.cpp.o)
                              /Users/coleman/Library/Developer/Toolchains/swift-6.3.2-RELEASE.xctoolchain/usr/lib/swift/embedded/armv4t-none-none-eabi/libswiftUnicodeDataTables.a(UnicodeNormalization.cpp.o) (_swift_stdlib_getMphIdx)
/opt/devkitpro/libnds/lib/libnds9.a(background.o)
                              build/junkbot.swift.o (bgState)
/opt/devkitpro/libnds/lib/libnds9.a(console.o)
                              build/junkbot.swift.o (consoleDemoInit)
/opt/devkitpro/libnds/lib/libnds9.a(keys.o)
                              build/junkbot.swift.o (scanKeys)
/opt/devkitpro/libnds/lib/libnds9.a(sprite.o)
                              build/shim.o (oamInit)
/opt/devkitpro/libnds/lib/libnds9.a(trig.o)
                              /opt/devkitpro/libnds/lib/libnds9.a(background.o) (sinLerp)
/opt/devkitpro/libnds/lib/libnds9.a(video.o)
                              build/junkbot.swift.o (vramSetPrimaryBanks)
/opt/devkitpro/libnds/lib/libnds9.a(default_font.bin.o)
                              /opt/devkitpro/libnds/lib/libnds9.a(console.o) (default_font_bin)
/opt/devkitpro/libnds/lib/libnds9.a(sprite_alloc.o)
                              /opt/devkitpro/libnds/lib/libnds9.a(sprite.o) (oamAllocReset)
/opt/devkitpro/calico/lib/libcalico_ds9.a(thread_cold.o)
                              build/junkbot.swift.o (threadIrqWait)
/opt/devkitpro/calico/lib/libcalico_ds9.a(thread_hot.32.o)
                              /opt/devkitpro/calico/lib/libcalico_ds9.a(thread_cold.o) (threadSwitchTo)
/opt/devkitpro/calico/lib/libcalico_ds9.a(mutex.o)
                              /opt/devkitpro/calico/lib/libcalico_ds9.a(thread_cold.o) (threadUpdateDynamicPrio)
/opt/devkitpro/calico/lib/libcalico_ds9.a(arm-copy-fill.32.o)
                              /opt/devkitpro/calico/lib/libcalico_ds9.a(thread_cold.o) (armCopyMem32)
/opt/devkitpro/calico/lib/libcalico_ds9.a(arm-context.32.o)
                              /opt/devkitpro/calico/lib/libcalico_ds9.a(thread_hot.32.o) (armContextSave)
/opt/devkitpro/calico/lib/libcalico_ds9.a(arm-shims.32.o)
                              /opt/devkitpro/calico/lib/libcalico_ds9.a(thread_cold.o) (armWaitForIrq)
/opt/devkitpro/calico/lib/libcalico_ds9.a(arm-cache.32.o)
                              /opt/devkitpro/libnds/lib/libnds9.a(sprite.o) (armDCacheFlush)
/opt/devkitpro/calico/lib/libcalico_ds9.a(keypad.o)
                              /opt/devkitpro/libnds/lib/libnds9.a(keys.o) (keypadGetState)
/opt/devkitpro/calico/lib/libcalico_ds9.a(pm.o)
                              build/junkbot.swift.o (pmMainLoop)
/opt/devkitpro/calico/lib/libcalico_ds9.a(bootstub_arm9.o)
                              (__ds9_bootstub)
/opt/devkitpro/calico/lib/libcalico_ds9.a(excpt_handler.32.o)
                              /opt/devkitpro/calico/lib/libcalico_ds9.a(bootstub_arm9.o) (__arm_excpt_rst)
/opt/devkitpro/calico/lib/libcalico_ds9.a(touch.o)
                              build/junkbot.swift.o (touchRead)
/opt/devkitpro/calico/lib/libcalico_ds9.a(tick.o)
                              /opt/devkitpro/calico/lib/libcalico_ds9.a(thread_cold.o) (tickTaskStart)
/opt/devkitpro/calico/lib/libcalico_ds9.a(mailbox.o)
                              /opt/devkitpro/calico/lib/libcalico_ds9.a(pm.o) (mailboxRecv)
/opt/devkitpro/calico/lib/libcalico_ds9.a(newlib_syscalls.o)
                              /opt/devkitpro/calico/lib/libcalico_ds9.a(bootstub_arm9.o) (__newlib_syscalls)
/opt/devkitpro/calico/lib/libcalico_ds9.a(startup.crt0.o)
                              /opt/devkitpro/calico/lib/libcalico_ds9.a(bootstub_arm9.o) (crt0Startup)
/opt/devkitpro/calico/lib/libcalico_ds9.a(utils.crt0.o)
[...]
Memory Configuration

Name             Origin             Length             Attributes
lma9             0x02004000         0x0027c000
lma9i            0x02400000         0x00280000
vectors          0x00000000         0x00000020
itcm             0x01ff8020         0x00007fe0
main             0x02001000         0x00f7f000
dtcm             0x02ff0000         0x00003e80
dldi             0x0380b000         0x00004000
stub             0x0e000000         0x00004000
tls              0x00000000         0x00000400
*default*        0x00000000         0xffffffff

Linker script and memory map

                0x00000000                        __sync_synchronize = __sync_synchronize_none
LOAD /opt/devkitpro/devkitARM/lib/gcc/arm-none-eabi/16.1.0/thumb/crti.o
LOAD /opt/devkitpro/devkitARM/lib/gcc/arm-none-eabi/16.1.0/thumb/crtbegin.o
LOAD build/junkbot.swift.o
LOAD build/shim.o
LOAD build/sprites_bin.o
LOAD /Users/coleman/Library/Developer/Toolchains/swift-6.3.2-RELEASE.xctoolchain/usr/lib/swift/embedded/armv4t-none-none-eabi/libswiftUnicodeDataTables.a
LOAD /opt/devkitpro/libnds/lib/libnds9.a
LOAD /opt/devkitpro/calico/lib/libcalico_ds9.a
LOAD /opt/devkitpro/devkitARM/lib/gcc/arm-none-eabi/16.1.0/../../../../arm-none-eabi/lib/thumb/libm.a
START GROUP
LOAD /opt/devkitpro/devkitARM/lib/gcc/arm-none-eabi/16.1.0/thumb/libgcc.a
LOAD /opt/devkitpro/devkitARM/lib/gcc/arm-none-eabi/16.1.0/../../../../arm-none-eabi/lib/thumb/libg.a
LOAD /opt/devkitpro/devkitARM/lib/gcc/arm-none-eabi/16.1.0/../../../../arm-none-eabi/lib/thumb/libc.a
LOAD /opt/devkitpro/devkitARM/lib/gcc/arm-none-eabi/16.1.0/../../../../arm-none-eabi/lib/thumb/libsysbase.a
END GROUP
LOAD /opt/devkitpro/devkitARM/lib/gcc/arm-none-eabi/16.1.0/thumb/crtend.o
LOAD /opt/devkitpro/devkitARM/lib/gcc/arm-none-eabi/16.1.0/thumb/crtn.o
                0x02ff3e80                        PROVIDE (__sp_usr = (ORIGIN (dtcm) + LENGTH (dtcm)))
                0x02ff3f80                        PROVIDE (__sp_irq = (__sp_usr + 0x100))
                0x02ff3fc0                        PROVIDE (__sp_svc = (__sp_irq + 0x40))
                0x02ff3ff8                        PROVIDE (__irq_flags = (__sp_svc + 0x38))
                [!provide]                        PROVIDE (__irq_vector = (__sp_svc + 0x3c))
                [!provide]                        PROVIDE (__arm_excpt_rst = 0xffff0000)
                [!provide]                        PROVIDE (__arm_excpt_und = 0xffff0004)
                0xffff0008                        PROVIDE (__arm_excpt_svc = 0xffff0008)
                [!provide]                        PROVIDE (__arm_excpt_pabt = 0xffff000c)
                [!provide]                        PROVIDE (__arm_excpt_dabt = 0xffff0010)
                [!provide]                        PROVIDE (__arm_excpt_irq = 0xffff0018)
                [!provide]                        PROVIDE (__arm_excpt_fiq = 0xffff001c)
                0x00000000                        PROVIDE (__end__ = 0x0)

.secure         0x0e000000      0x800 load address 0x02004000
                0x0e0007fc                        . = (. + 0x7fc)
 *fill*         0x0e000000      0x7fc 00000000
                0x0e0007fc        0x4 LONG 0x0

.bootstub       0x0e000800      0x198 load address 0x02004800
 *(.bootstub .bootstub.*)
 .bootstub.__ds9_bootstub
                0x0e000800      0x198 /opt/devkitpro/calico/lib/libcalico_ds9.a(bootstub_arm9.o)
                0x0e000800                __ds9_bootstub
                0x0e000998                        . = ALIGN (0x4)

.crt0           0x02001000      0x3c0 load address 0x02004998
 *(.crt0 .crt0.*)
 .crt0.__ds9_bootstub_trampoline
                0x02001000       0x60 /opt/devkitpro/calico/lib/libcalico_ds9.a(bootstub_arm9.o)
 *.crt0.*(.text .stub .text.* .gnu.linkonce.t.*)
 .text.crt0ProcessLoadList
                0x02001060       0x74 /opt/devkitpro/calico/lib/libcalico_ds9.a(startup.crt0.o)
                0x02001060                crt0ProcessLoadList
 .text.crt0Startup
                0x020010d4      0x180 /opt/devkitpro/calico/lib/libcalico_ds9.a(startup.crt0.o)
                0x020010d4                crt0Startup
 .text.crt0CopyMem32
                0x02001254       0x4c /opt/devkitpro/calico/lib/libcalico_ds9.a(utils.crt0.o)
                0x02001254                crt0CopyMem32
 .text.crt0FillMem32
                0x020012a0       0x58 /opt/devkitpro/calico/lib/libcalico_ds9.a(utils.crt0.o)
                0x020012a0                crt0FillMem32
 .text.crt0SetupMPU
                0x020012f8       0xb4 /opt/devkitpro/calico/lib/libcalico_ds9.a(mpu_setup.crt0.o)
                0x020012f8                crt0SetupMPU
 *.crt0.*(.glue_7t .glue_7 .vfp11_veneer .v4_bx)
 *.crt0.*(.rodata .rodata.* .gnu.linkonce.r.*)
 *.crt0.*(.rodata1)
                0x020013c0                        . = ALIGN (0x20)
 *fill*         0x020013ac       0x14 ff
                0x02004998                        PROVIDE (__crt0_lma = LOADADDR (.crt0))
                0x02001000                        PROVIDE (__crt0_start = ADDR (.crt0))
                0x020013c0                        PROVIDE (__crt0_end = (ADDR (.crt0) + SIZEOF (.crt0)))
                0x00000001                        ASSERT (((__crt0_end <= LOADADDR (.bootstub)) || (__crt0_start >= (LOADADDR (.bootstub) + SIZEOF (.bootstub)))), Error: crt0 section overlaps initial bootstrap)

.dldi           0x0380b000        0x0 load address 0x02004d58
 *(.dldi)
                0x00000000                        PROVIDE (__dldi_lma = SIZEOF (.dldi)?LOADADDR (.dldi):0x0)

.vectors        0x00000000       0x20 load address 0x02004d58
 *(.vectors)
 .vectors       0x00000000       0x20 /opt/devkitpro/calico/lib/libcalico_ds9.a(bootstub_arm9.o)

.itcm           0x01ff8020      0x66c load address 0x02004d78
 *(.itcm .itcm.*)
 .itcm          0x01ff8020       0x30 /opt/devkitpro/calico/lib/libcalico_ds9.a(bootstub_arm9.o)
                0x01ff8038                __excpt_vectors
 *.itcm.*(.text .stub .text.* .gnu.linkonce.t.*)
 *.32.o(.text .stub .text.* .gnu.linkonce.t.*)
 .text.threadSwitchTo
                0x01ff8050       0x7c /opt/devkitpro/calico/lib/libcalico_ds9.a(thread_hot.32.o)
                0x01ff8050                threadSwitchTo
 .text.threadBlock
                0x01ff80cc       0xd4 /opt/devkitpro/calico/lib/libcalico_ds9.a(thread_hot.32.o)
                0x01ff80cc                threadBlock
 .text.threadUnblockOneByValue
                0x01ff81a0       0xd4 /opt/devkitpro/calico/lib/libcalico_ds9.a(thread_hot.32.o)
                0x01ff81a0                threadUnblockOneByValue
 .text.threadUnblockAllByValue
                0x01ff8274      0x138 /opt/devkitpro/calico/lib/libcalico_ds9.a(thread_hot.32.o)
                0x01ff8274                threadUnblockAllByValue
 .text.threadUnblockAllByMask
                0x01ff83ac       0xf0 /opt/devkitpro/calico/lib/libcalico_ds9.a(thread_hot.32.o)
                0x01ff83ac                threadUnblockAllByMask
 .text.armContextSave
                0x01ff849c       0x2c /opt/devkitpro/calico/lib/libcalico_ds9.a(arm-context.32.o)
                0x01ff849c                armContextSave
 .text.armContextLoad
                0x01ff84c8       0x20 /opt/devkitpro/calico/lib/libcalico_ds9.a(arm-context.32.o)
                0x01ff84c8                armContextLoad
                0x01ff84cc                armContextLoadFromSvc
 .text.armWaitForIrq
                0x01ff84e8        0x8 /opt/devkitpro/calico/lib/libcalico_ds9.a(arm-shims.32.o)
                0x01ff84e8                armWaitForIrq
 .text.armIrqLockByPsr
                0x01ff84f0       0x14 /opt/devkitpro/calico/lib/libcalico_ds9.a(arm-shims.32.o)
                0x01ff84f0                armIrqLockByPsr
 .text.armIrqUnlockByPsr
                0x01ff8504       0x14 /opt/devkitpro/calico/lib/libcalico_ds9.a(arm-shims.32.o)
                0x01ff8504                armIrqUnlockByPsr
 .text.armDrainWriteBuffer
                0x01ff8518        0xc /opt/devkitpro/calico/lib/libcalico_ds9.a(arm-cache.32.o)
                0x01ff8518                armDrainWriteBuffer
 .text.armDCacheFlushAll
                0x01ff8524       0x28 /opt/devkitpro/calico/lib/libcalico_ds9.a(arm-cache.32.o)
                0x01ff8524                armDCacheFlushAll
 .text.armICacheInvalidateAll
                0x01ff854c        0xc /opt/devkitpro/calico/lib/libcalico_ds9.a(arm-cache.32.o)
                0x01ff854c                armICacheInvalidateAll
 .text.__excpt_entry
                0x01ff8558       0x50 /opt/devkitpro/calico/lib/libcalico_ds9.a(excpt_handler.32.o)
                0x01ff8558                __arm_excpt_rst
                0x01ff855c                __arm_excpt_pabt
                0x01ff8560                __arm_excpt_und
                0x01ff856c                __arm_excpt_dabt
 .text.__arm_excpt_irq
                0x01ff85a8       0xe4 /opt/devkitpro/calico/lib/libcalico_ds9.a(irq_handler.32.o)
                0x01ff85a8                __arm_excpt_irq
 *.itcm.*(.glue_7t .glue_7 .vfp11_veneer .v4_bx)
 *.32.o(.glue_7t .glue_7 .vfp11_veneer .v4_bx)
 *.itcm.*(.rodata .rodata.* .gnu.linkonce.r.*)
 *.32.o(.rodata .rodata.* .gnu.linkonce.r.*)
 *.itcm.*(.rodata1)
 *.32.o(.rodata1)
                0x01ff868c                        . = ALIGN (0x4)
                0x02004d58                        PROVIDE (__itcm_lma = LOADADDR (.vectors))
                0x01ff8000                        PROVIDE (__itcm_start = (ADDR (.itcm) - SIZEOF (.vectors)))
                0x01ff868c                        PROVIDE (__itcm_end = (ADDR (.itcm) + SIZEOF (.itcm)))
                0x00000001                        ASSERT (((__itcm_lma + SIZEOF (.vectors)) == LOADADDR (.itcm)), Error: gap between vectors and itcm)

.dtcm           0x02ff0000        0x0 load address 0x020053e4
 *(.dtcm .dtcm.*)
 *.32.o(.data .data.* .gnu.linkonce.d.*)
 *.32.o(.data1)
                0x02ff0000                        . = ALIGN (0x4)
                [!provide]                        PROVIDE (__dtcm_lma = LOADADDR (.dtcm))
                0x02ff0000                        PROVIDE (__dtcm_start = ADDR (.dtcm))
                0x02ff0000                        PROVIDE (__dtcm_end = (ADDR (.dtcm) + SIZEOF (.dtcm)))

.dtcm.bss       0x02ff0000       0x98 load address 0x020053e4
 *(.sbss .sbss.*)
 *.32.o(.dynbss)
 *.32.o(.bss .bss.* .gnu.linkonce.b.*)
 .bss.__irq_table
                0x02ff0000       0x80 /opt/devkitpro/calico/lib/libcalico_ds9.a(thread_hot.32.o)
                0x02ff0000                __irq_table
 .bss.__sched_state
                0x02ff0080       0x18 /opt/devkitpro/calico/lib/libcalico_ds9.a(thread_hot.32.o)
                0x02ff0080                __sched_state
 *.32.o(COMMON)
                0x02ff0098                        . = ALIGN (0x4)
                [!provide]                        PROVIDE (__dtcm_bss_start = ADDR (.dtcm.bss))
                0x02ff0098                        PROVIDE (__dtcm_bss_end = (ADDR (.dtcm.bss) + SIZEOF (.dtcm.bss)))

.main           0x020013c0   0x265c98 load address 0x020053e4
 *(SORT_NONE(.init))
 .init          0x020013c0        0x4 /opt/devkitpro/devkitARM/lib/gcc/arm-none-eabi/16.1.0/thumb/crti.o
                0x020013c0                _init
 .init          0x020013c4        0x8 /opt/devkitpro/devkitARM/lib/gcc/arm-none-eabi/16.1.0/thumb/crtn.o
 EXCLUDE_FILE(*.twl.*) *(.text.unlikely .text.*_unlikely .text.unlikely.*)
 EXCLUDE_FILE(*.twl.*) *(.text.exit .text.exit.*)
 .text.exit     0x020013cc       0x24 /opt/devkitpro/devkitARM/lib/gcc/arm-none-eabi/16.1.0/../../../../arm-none-eabi/lib/thumb/libg.a(libc_a-exit.o)
                0x020013cc                exit
 EXCLUDE_FILE(*.twl.*) *(.text.startup .text.startup.*)
 .text.startup.__stack_chk_init
                0x020013f0       0x18 /opt/devkitpro/devkitARM/lib/gcc/arm-none-eabi/16.1.0/../../../../arm-none-eabi/lib/thumb/libg.a(libc_a-stack_protector.o)
                0x020013f0                __stack_chk_init
 EXCLUDE_FILE(*.twl.*) *(.text.hot .text.hot.*)
 EXCLUDE_FILE(*.twl.*) *(.text .iplt .stub .text.* .gnu.linkonce.t.*)
 .text.__do_global_dtors_aux
                0x02001408       0x2c /opt/devkitpro/devkitARM/lib/gcc/arm-none-eabi/16.1.0/thumb/crtbegin.o
 .text.frame_dummy
                0x02001434       0x24 /opt/devkitpro/devkitARM/lib/gcc/arm-none-eabi/16.1.0/thumb/crtbegin.o
 .iplt          0x02001458        0x0 /opt/devkitpro/devkitARM/lib/gcc/arm-none-eabi/16.1.0/thumb/crtbegin.o
 .text          0x02001458    0xed1ac build/junkbot.swift.o
                0x02001458                main
                0x02001a34                $e7Junkbot10GameEngineCACycfC
                0x02001a60                $e7Junkbot9loadLevelyySiF
                0x02001c38                $e7Junkbot11clampScrollyyF
                0x02001d3c                $e7Junkbot10GameEngineC9mouseDownyys5Int32V_AFtF
                0x02001e74                $e7Junkbot10GameEngineC9mouseMoveyys5Int32V_AFtF
                0x02001fd4                $e7Junkbot10GameEngineC7mouseUpyys5Int32V_AFtF
                0x0200200c                $e7Junkbot10GameEngineC4tickyyF
                0x0200201c                $e7Junkbot12consolePrintyys12StaticStringVF
                0x02002038                $e7Junkbot14drawStatusLineyyF
                0x020020c0                $e7Junkbot11renderWorld4into7scrollX0E1YySpys6UInt16VG_s5Int32VAJtF
                0x0200250c                $e7Junkbot13showLevelInfoyyF
                0x02002608                $e7Junkbot10GameEngineC14loadLevelState8entities11levelBounds6nextIDySayAA6EntityVG_AA0eI0VSgs5Int32VtF
                0x0200269c                $e7Junkbot10GameEngineC13setBackground16backdropSpriteID16backgroundDecals6decalsys5Int32V_SayAA13DecalInstanceVGALtF
                0x0200273c                $e7Junkbot7YExtentV3tops5Int32Vvg
                0x02002740                $e7Junkbot7YExtentV3tops5Int32Vvs
                0x02002748                $e7Junkbot7YExtentV3tops5Int32VvM
                0x02002760                $e7Junkbot7YExtentV6bottoms5Int32Vvg
                0x02002768                $e7Junkbot7YExtentV6bottoms5Int32Vvs
                0x02002770                $e7Junkbot7YExtentV6bottoms5Int32VvM
                0x02002788                $e7Junkbot7YExtentV3top6bottomACs5Int32V_AGtcfC
                0x0200278c                $e7Junkbot15groupIndicesByYySDys5Int32VSaySiGG5byTop_AF0F6BottomtSayAA7YExtentVGF
                0x02002b9c                $eSD17dictionaryLiteralSDyxq_Gx_q_td_tcfCs5Int32V_SaySiGTt0g5
                0x02002cf0                $e7Junkbot15groupIndicesByYySDys5Int32VSaySiGG5byTop_AF0F6BottomtSayAA7YExtentVGFAEyXEfu_
                0x02002d14                $e7Junkbot15groupIndicesByYySDys5Int32VSaySiGG5byTop_AF0F6BottomtSayAA7YExtentVGFAEyXEfu0_
                0x02002d24                $e7Junkbot6ButtonV1xSfvg
                0x02002d2c                $e7Junkbot6ButtonV1xSfvs
                0x02002d34                $e7Junkbot6ButtonV1xSfvM
                0x02002d4c                $e7Junkbot6ButtonV1ySfvg
                0x02002d54                $e7Junkbot6ButtonV1ySfvs
                0x02002d5c                $e7Junkbot6ButtonV1ySfvM
                0x02002d74                $e7Junkbot6ButtonV5widthSfvg
                0x02002d7c                $e7Junkbot6ButtonV5widthSfvs
                0x02002d84                $e7Junkbot6ButtonV5widthSfvM
                0x02002d9c                $e7Junkbot6ButtonV6heightSfvg
                0x02002da4                $e7Junkbot6ButtonV6heightSfvs
                0x02002dac                $e7Junkbot6ButtonV6heightSfvM
                0x02002dc4                $e7Junkbot6ButtonV6actionyycvg
                0x02002e14                $e7Junkbot6ButtonV1x1y5width6height6actionACSf_S3fyyctcfC
                0x02002e30                $e7Junkbot6ButtonV8containsySbSf_SftF
                0x02002ebc                $e7Junkbot11handleClick_2at1ySbSayAA6ButtonVG_S2ftF
                0x02002fd0                $e7Junkbot10GameEngineC11CanvasPointV1xSdvg
                0x02002fd4                $e7Junkbot10GameEngineC11CanvasPointV1xSdvs
                0x02002fdc                $e7Junkbot10GameEngineC11CanvasPointV1xSdvM
                0x02002ff4                $e7Junkbot10GameEngineC11CanvasPointV1ySdvg
                0x02003000                $e7Junkbot10GameEngineC11CanvasPointV1ySdvs
                0x02003008                $e7Junkbot10GameEngineC11CanvasPointV1ySdvM
                0x02003020                $e7Junkbot10GameEngineC13worldToCanvas0D1X0D1Y7centerX0G1Y5scale11canvasWidth0I6HeightAC0F5PointVSd_S6dtF
                0x020030f8                $e7Junkbot10GameEngineC13canvasToWorld0D1X0D1Y7centerX0G1Y5scale0D5Width0D6HeightAC11CanvasPointVSd_S6dtF
                0x020031d0                $e7Junkbot10GameEngineC19rectanglesIntersectySbs5Int32V_A7FtF
                0x02003244                $e7Junkbot10GameEngineC29rectangleLevelBoundsCollision1x1y5width6heightAA6EntityVSgs5Int32V_A3MtF
                0x02003460                $e7Junkbot6EntityV2id4type1x1y5width6heightACs5Int32V_AA0B4TypeOA4KtcfC
                0x02003504                $e7Junkbot6CELL_Ws5Int32Vvau
                0x02003514                $e7Junkbot6CELL_Hs5Int32Vvau
                0x02003524                $e7Junkbot10GameEngineC12isNotDropletySbAA6EntityVF
                0x02003534                $e7Junkbot10GameEngineC17isNotBinOrDropletySbAA6EntityVF
                0x02003550                $e7Junkbot10GameEngineC017isNotBinOrDropletG8EnemyBotySbAA6EntityVF
                0x02003574                $e7Junkbot10GameEngineC014isNotDropletOrA0ySbAA6EntityVF
                0x02003590                $e7Junkbot10GameEngineC22rectangleCollisionTest1x1y5width6height6filter9excludingAA6EntityVSgs5Int32V_A3OSbALXESitF
                0x0200374c                $e7Junkbot10GameEngineC21rectangleCollisionAll1x1y5width6height6filter9excludingSayAA6EntityV6entity_Si5indextGs5Int32V_A3QSbALXESitF012$e7Junkbot10bc30C08simulateA05indexySi_tFSbAA6K7VXEfU2_ALTf1nnnncnn_n
                0x02003ac0                $e7Junkbot10GameEngineC21rectangleCollisionAll1x1y5width6height6filter9excludingSayAA6EntityV6entity_Si5indextGs5Int32V_A3QSbALXESitF
                0x02003d8c                $e7Junkbot10GameEngineC19entityCollisionTest0D1X0D1Y0D5Index6filterAA6EntityVSgs5Int32V_AMSiSbAJXEtF012$e7Junkbot10bc30C08simulateA05indexySi_tFSbAA6I7VXEfU0_Tf1nnncn_n
                0x02004258                $e7Junkbot10GameEngineC19entityCollisionTest0D1X0D1Y0D5Index6filterAA6EntityVSgs5Int32V_AMSiSbAJXEtF012$e7Junkbot10bc30C08simulateA05indexySi_tFSbAA6I7VXEfU4_Tf1nnncn_n
                0x020044b0                $e7Junkbot10GameEngineC19entityCollisionTest0D1X0D1Y0D5Index6filterAA6EntityVSgs5Int32V_AMSiSbAJXEtF
                0x02004a6c                $e7Junkbot10GameEngineC18entityCollisionAll0D1X0D1Y0D5Index6filterSayAA6EntityV0D0_Si5indextGs5Int32V_AOSiSbAJXEtF
                0x02004dc4                $e7Junkbot10GameEngineC18entityCollisionAll0D1X0D1Y0D5Index6filterSayAA6EntityV0D0_Si5indextGs5Int32V_AOSiSbAJXEtFSbAJXEfU_
                0x02004de8                $e7Junkbot10GameEngineC7raycast6startX0E1Y5width6height10directionX0H1Y8maxSteps6filterAA10RaycastHitVs5Int32V_A6PSbAA6EntityVXEtF
                0x02005068                $e7Junkbot10GameEngineC11entityMoved5indexySi_tF
                0x02005338                $eSDyq_Sgxcigs5Int32V_SaySiGTg5
                0x020053a4                $eSTsSQ7ElementRpzrlE8containsySbABFSaySiG_Tg5
                0x020053d8                $e7Junkbot10GameEngineC29rebuildAccelerationStructuresyyF
                0x020054a4                $e7Junkbot10GameEngineC15connectsToFixed10startIndex9direction13ignoreIndicesSbSi_s5Int32VSaySiGtF
                0x02005558                $e7Junkbot10GameEngineC15connectsToFixed10startIndex9direction13ignoreIndicesSbSi_s5Int32VSaySiGtF6searchL_04fromH0SbSi_tFTf0nnnnns_n
                0x02005838                $e7Junkbot10GameEngineC8connects__9directionSbSi_Sis5Int32VtF
                0x0200590c                $e7Junkbot10GameEngineC19allConnectedToFixedSaySiGyF
                0x02005a3c                $e7Junkbot10GameEngineC19allConnectedToFixedSaySiGyF14addAnyAttachedL_yySiFTf0nns_n
                0x02005c48                $e7Junkbot5ColorV1rs5UInt8Vvg
                0x02005c4c                $e7Junkbot5ColorV1rs5UInt8Vvs
                0x02005c54                $e7Junkbot5ColorV1rs5UInt8VvM
                0x02005c6c                $e7Junkbot5ColorV1gs5UInt8Vvg
                0x02005c74                $e7Junkbot5ColorV1gs5UInt8Vvs
                0x02005c7c                $e7Junkbot5ColorV1gs5UInt8VvM
                0x02005c94                $e7Junkbot5ColorV1bs5UInt8Vvg
                0x02005c9c                $e7Junkbot5ColorV1bs5UInt8Vvs
                0x02005ca4                $e7Junkbot5ColorV1bs5UInt8VvM
                0x02005cbc                $e7Junkbot5ColorV1as5UInt8Vvg
                0x02005cc4                $e7Junkbot5ColorV1as5UInt8Vvs
                0x02005ccc                $e7Junkbot5ColorV1as5UInt8VvM
                0x02005ce4                $e7Junkbot5ColorV1r1g1b1aACs5UInt8V_A3ItcfC
                0x02005d04                $e7Junkbot5ColorV5blackACvau
                0x02005d14                $e7Junkbot5ColorV5blackACvgZ
                0x02005d1c                $e7Junkbot5ColorV5whiteACvau
                0x02005d2c                $e7Junkbot5ColorV5whiteACvgZ
                0x02005d34                $e7Junkbot10GameEngineC9makeBrick1x1y12widthInStuds10colorIndex5fixedAA6EntityVs5Int32V_A3MSbtF
                0x02005e00                $e7Junkbot10GameEngineC5getIDs5Int32VyF
                0x02005e14                $e7Junkbot10GameEngineC04makeA01x1y6facing7armoredAA6EntityVs5Int32V_A2LSbtF
                0x02005ed0                $e7Junkbot10GameEngineC11makeGearbot1x1y6facingAA6EntityVs5Int32V_A2KtF
                0x02005ee4                $e7Junkbot10GameEngineC12makeClimbbot1x1y6facing0F1YAA6EntityVs5Int32V_A3LtF
                0x02005f00                $e7Junkbot10GameEngineC10makeFlybot1x1y6facingAA6EntityVs5Int32V_A2KtF
                0x02005fc4                $e7Junkbot10GameEngineC10makeEyebot1x1y6facing0F1YAA6EntityVs5Int32V_A3LtF
                0x0200608c                $e7Junkbot10GameEngineC7makeBin1x1y6facing7scaredyAA6EntityVs5Int32V_A2LSbtF
                0x02006148                $e7Junkbot10GameEngineC9makeCrate1x1yAA6EntityVs5Int32V_AJtF
                0x02006164                $e7Junkbot10GameEngineC8makeFire1x1y2on8switchIDAA6EntityVs5Int32V_ALSbALtF
                0x02006188                $e7Junkbot10GameEngineC7makeFan1x1y2on8switchIDAA6EntityVs5Int32V_ALSbALtF
                0x020061ac                $e7Junkbot10GameEngineC10makeSwitch1x1y2on8switchIDAA6EntityVs5Int32V_ALSbALtF
                0x02006294                $e7Junkbot10GameEngineC12makeTeleport1x1y10teleportIDAA6EntityVs5Int32V_A2KtF
                0x0200634c                $e7Junkbot10GameEngineC9makeLaser1x1y6facing2on8switchIDAA6EntityVs5Int32V_A2MSbAMtF
                0x0200640c                $e7Junkbot10GameEngineC8makeJump1x1y5fixedAA6EntityVs5Int32V_AKSbtF
                0x020064c8                $e7Junkbot10GameEngineC10makeShield1x1y4used5fixedAA6EntityVs5Int32V_ALS2btF
                0x02006590                $e7Junkbot10GameEngineC8makePipe1x1yAA6EntityVs5Int32V_AJtF
                0x02006668                $e7Junkbot10GameEngineC9randomIntys5Int32VAFF
                0x0200673c                $e7Junkbot10GameEngineC11makeDroplet1x1yAA6EntityVs5Int32V_AJtF
                0x02006804                $e7Junkbot4FontO10characters_WZ
                0x02006808                $e7Junkbot4FontO10charactersSaySJGvau
                0x02006818                $e7Junkbot4FontO10charactersSaySJGvgZ
                0x02006828                $e7Junkbot4FontO15characterWidths_WZ
                0x0200682c                $e7Junkbot4FontO15characterWidthsSays5Int32VGvau
                0x0200683c                $e7Junkbot4FontO15characterWidthsSays5Int32VGvgZ
                0x0200684c                $e7Junkbot4FontO16characterOffsets_WZ
                0x0200695c                $e7Junkbot4FontO16characterOffsetsSays5Int32VGvau
                0x02006988                $e7Junkbot4FontO16characterOffsetsSays5Int32VGvgZ
                0x020069f0                $e7Junkbot4FontO15characterHeights5Int32Vvau
                0x02006a00                $e7Junkbot4FontO15characterHeights5Int32VvgZ
                0x02006a08                $e7Junkbot4FontO16indexByCharacter33_53B5AAF442E24363F0C0EFF55622FF48LL_WZ
                0x02006c34                $e7Junkbot4FontO14GlyphPlacementV10atlasIndexSiSgvg
                0x02006c40                $e7Junkbot4FontO14GlyphPlacementV1xs5Int32Vvg
                0x02006c48                $e7Junkbot4FontO14GlyphPlacementV1ys5Int32Vvg
                0x02006c50                $e7Junkbot4FontO14GlyphPlacementV7advances5Int32Vvg
                0x02006c58                $e7Junkbot4FontO14GlyphPlacementV23__derived_struct_equalsySbAE_AEtFZ
                0x02006cd0                $e7Junkbot4FontO10layoutTextySayAC14GlyphPlacementVGSSFZ
                0x0200712c                $eSS8IteratorV4nextSJSgyF
                0x02007538                $e7Junkbot10GameEngineC8entitiesSayAA6EntityVGvpfi
                0x02007548                $e7Junkbot10GameEngineC8entitiesSayAA6EntityVGvg
                0x02007590                $e7Junkbot10GameEngineC8entitiesSayAA6EntityVGvs
                0x020075a0                $e7Junkbot10GameEngineC8entitiesSayAA6EntityVGvM
                0x020075b8                $e7Junkbot10GameEngineC4windSayAA10WindEffectVGvpfi
                0x020075c8                $e7Junkbot10GameEngineC4windSayAA10WindEffectVGvg
                0x02007610                $e7Junkbot10GameEngineC4windSayAA10WindEffectVGvs
                0x02007620                $e7Junkbot10GameEngineC4windSayAA10WindEffectVGvM
                0x02007638                $e7Junkbot10GameEngineC10laserBeamsSayAA9LaserBeamVGvpfi
                0x02007648                $e7Junkbot10GameEngineC10laserBeamsSayAA9LaserBeamVGvg
                0x02007690                $e7Junkbot10GameEngineC10laserBeamsSayAA9LaserBeamVGvs
                0x020076a0                $e7Junkbot10GameEngineC10laserBeamsSayAA9LaserBeamVGvM
                0x020076b8                $e7Junkbot10GameEngineC15teleportEffectsSayAA14TeleportEffectVGvpfi
                0x020076c8                $e7Junkbot10GameEngineC15teleportEffectsSayAA14TeleportEffectVGvg
                0x02007710                $e7Junkbot10GameEngineC15teleportEffectsSayAA14TeleportEffectVGvs
                0x02007720                $e7Junkbot10GameEngineC15teleportEffectsSayAA14TeleportEffectVGvM
                0x02007738                $e7Junkbot10GameEngineC11levelBoundsAA05LevelE0VSgvpfi
                0x02007758                $e7Junkbot10GameEngineC11levelBoundsAA05LevelE0VSgvg
                0x02007770                $e7Junkbot10GameEngineC11levelBoundsAA05LevelE0VSgvs
                0x0200778c                $e7Junkbot10GameEngineC11levelBoundsAA05LevelE0VSgvM
                0x020077a4                $e7Junkbot10GameEngineC9idCounters5Int32Vvpfi
                0x020077ac                $e7Junkbot10GameEngineC12frameCounters5Int32Vvpfi
                0x020077b4                $e7Junkbot10GameEngineC12frameCounters5Int32Vvg
                0x020077bc                $e7Junkbot10GameEngineC12frameCounters5Int32Vvs
                0x020077c4                $e7Junkbot10GameEngineC12frameCounters5Int32VvM
                0x020077dc                $e7Junkbot10GameEngineC5movess5Int32Vvpfi
                0x020077e4                $e7Junkbot10GameEngineC5movess5Int32Vvg
                0x020077ec                $e7Junkbot10GameEngineC5movess5Int32Vvs
                0x020077f4                $e7Junkbot10GameEngineC5movess5Int32VvM
                0x0200780c                $e7Junkbot10GameEngineC12winLoseStates5Int32Vvpfi
                0x02007814                $e7Junkbot10GameEngineC12winLoseStates5Int32Vvg
                0x0200781c                $e7Junkbot10GameEngineC12winLoseStates5Int32Vvs
                0x02007824                $e7Junkbot10GameEngineC12winLoseStates5Int32VvM
                0x0200783c                $e7Junkbot10GameEngineC14entitiesByTopYSDys5Int32VSaySiGGvpfi
                0x0200784c                $e7Junkbot10GameEngineC11mouseWorldXs5Int32Vvpfi
                0x02007854                $e7Junkbot10GameEngineC11mouseWorldYs5Int32Vvpfi
                0x0200785c                $e7Junkbot10GameEngineC15draggingIndicesSaySiGvpfi
                0x0200786c                $e7Junkbot10GameEngineC14hoveredIndicesSaySiGvpfi
                0x0200787c                $e7Junkbot10GameEngineC17pendingGrabUpwardSaySiGSgvpfi
                0x02007884                $e7Junkbot10GameEngineC19pendingGrabDownwardSaySiGSgvpfi
                0x0200788c                $e7Junkbot10GameEngineC15mouseDownWorldXs5Int32Vvpfi
                0x02007894                $e7Junkbot10GameEngineC15mouseDownWorldYs5Int32Vvpfi
                0x0200789c                $e7Junkbot10GameEngineC9undoStackSayAA0C8SnapshotVGvpfi
                0x020078ac                $e7Junkbot10GameEngineC12rewindBufferSayAA0C8SnapshotVSgGvpfi
                0x020078dc                $eSa9repeating5countSayxGx_SitcfC7Junkbot14EngineSnapshotVSg_Tt1g5
                0x02007968                $e7Junkbot10GameEngineC11isRewindingSbvpfi
                0x02007970                $e7Junkbot10GameEngineC21wasPausedBeforeRewindSbvpfi
                0x02007978                $e7Junkbot10GameEngineC16backdropSpriteIDs5Int32Vvpfi
                0x02007980                $e7Junkbot10GameEngineC16backgroundDecalsSayAA13DecalInstanceVGvpfi
                0x02007990                $e7Junkbot10GameEngineC6decalsSayAA13DecalInstanceVGvpfi
                0x020079a0                $e7Junkbot10GameEngineC14renderRNGStates6UInt32Vvpfi
                0x020079ac                $e7Junkbot10GameEngineC15viewportCenterXs5Int32Vvpfi
                0x020079b4                $e7Junkbot10GameEngineC15viewportCenterXs5Int32Vvg
                0x020079bc                $e7Junkbot10GameEngineC15viewportCenterXs5Int32Vvs
                0x020079c4                $e7Junkbot10GameEngineC15viewportCenterXs5Int32VvM
                0x020079dc                $e7Junkbot10GameEngineC15viewportCenterYs5Int32Vvpfi
                0x020079e4                $e7Junkbot10GameEngineC15viewportCenterYs5Int32Vvg
                0x020079ec                $e7Junkbot10GameEngineC15viewportCenterYs5Int32Vvs
                0x020079f4                $e7Junkbot10GameEngineC15viewportCenterYs5Int32VvM
                0x02007a0c                $e7Junkbot10GameEngineC13viewportScaleSfvpfi
                0x02007a14                $e7Junkbot10GameEngineC13viewportScaleSfvg
                0x02007a1c                $e7Junkbot10GameEngineC13viewportScaleSfvs
                0x02007a24                $e7Junkbot10GameEngineC13viewportScaleSfvM
                0x02007a3c                $e7Junkbot10GameEngineC10levelTitleSSvpfi
                0x02007a4c                $e7Junkbot10GameEngineC10levelTitleSSvg
                0x02007a84                $e7Junkbot10GameEngineC10levelTitleSSvs
                0x02007ab0                $e7Junkbot10GameEngineC10levelTitleSSvM
                0x02007ac8                $e7Junkbot10GameEngineC9levelHintSSvpfi
                0x02007ad8                $e7Junkbot10GameEngineC9levelHintSSvg
                0x02007b10                $e7Junkbot10GameEngineC9levelHintSSvs
                0x02007b3c                $e7Junkbot10GameEngineC9levelHintSSvM
                0x02007b54                $e7Junkbot10GameEngineC8levelParSivpfi
                0x02007b5c                $e7Junkbot10GameEngineC8levelParSivg
                0x02007b64                $e7Junkbot10GameEngineC8levelParSivs
                0x02007b6c                $e7Junkbot10GameEngineC8levelParSivM
                0x02007b84                $e7Junkbot10GameEngineC6pausedSbvpfi
                0x02007b8c                $e7Junkbot10GameEngineC6pausedSbvg
                0x02007b94                $e7Junkbot10GameEngineC6pausedSbvs
                0x02007ba0                $e7Junkbot10GameEngineC6pausedSbvM
                0x02007bb8                $e7Junkbot10GameEngineC8rngStates6UInt32Vvpfi
                0x02007bc4                $e7Junkbot10GameEngineC3rngSfycvpfi
                0x02007bd8                $e7Junkbot10GameEngineC3rngSfycvpfiSfycfU_
                0x02007be0                $e7Junkbot10GameEngineC3rngSfycvg
                0x02007c30                $e7Junkbot10GameEngineC3rngSfycvs
                0x02007c40                $e7Junkbot10GameEngineC3rngSfycvM
                0x02007c58                $e7Junkbot10GameEngineC11onPlaySoundys5Int32VcSgvpfi
                0x02007c64                $e7Junkbot10GameEngineC11onPlaySoundys5Int32VcSgvg
                0x02007c88                $e7Junkbot10GameEngineC11onPlaySoundys5Int32VcSgvs
                0x02007ca4                $e7Junkbot10GameEngineC11onPlaySoundys5Int32VcSgvM
                0x02007cbc                $e7Junkbot10GameEngineC11onDragEventySb_s5Int32VA2FtcSgvpfi
                0x02007cc8                $e7Junkbot10GameEngineC11onDragEventySb_s5Int32VA2FtcSgvg
                0x02007cec                $e7Junkbot10GameEngineC11onDragEventySb_s5Int32VA2FtcSgvs
                0x02007d08                $e7Junkbot10GameEngineC11onDragEventySb_s5Int32VA2FtcSgvM
                0x02007d20                $e7Junkbot10GameEngineCACycfc
                0x02007ed4                $e7Junkbot10GameEngineCACycfcSfycfU_
                0x02008094                $e7Junkbot10GameEngineC9playSoundyyAA0E2IDOF
                0x020080fc                $e7Junkbot10GameEngineC10resetLevelyyF
                0x02008748                $e7Junkbot10GameEngineC11maxEntityID33_16B9FE15A1DEABB878A6971F5EE581BELL2ins5Int32VSayAA0E0VG_tF
                0x0200877c                $e7Junkbot10GameEngineC9winOrLoses5Int32VyF
                0x02008944                $e7Junkbot10GameEngineC16replaceLiveState8entities11levelBounds6nextIDySayAA6EntityVG_AA05LevelI0VSgs5Int32VtF
                0x020089e4                $es3maxyxx_xxxdtSLRzlFs5Int32V_Tg5
                0x02008a30                $e7Junkbot10GameEngineC22ensureIDCounterAtLeastyys5Int32VF
                0x02008a44                $e7Junkbot10GameEngineC10initializeyyF
                0x02008a50                $e7Junkbot10GameEngineC8simulateyyF
                0x020096dc                $e7Junkbot10GameEngineC14beginLoadLevelyys5Int32V_A3FtF
                0x02009718                $e7Junkbot10GameEngineC15initLevelBounds1x1y5width6heightys5Int32V_A3JtF
                0x02009758                $e7Junkbot10GameEngineC15finishLoadLevelyyF
                0x0200976c                $e7Junkbot10GameEngineC8addBrickyys5Int32V_A3FSbtF
                0x020097fc                $e7Junkbot10GameEngineC03addA0yys5Int32V_A2FSbtF
                0x02009950                $e7Junkbot10GameEngineC10addGearbotyys5Int32V_A2FtF
                0x02009958                $e7Junkbot10GameEngineC11addClimbbotyys5Int32V_A3FtF
                0x0200996c                $e7Junkbot10GameEngineC9addFlybotyys5Int32V_A2FtF
                0x02009abc                $e7Junkbot10GameEngineC9addEyebotyys5Int32V_A3FtF
                0x02009c1c                $e7Junkbot10GameEngineC6addBinyys5Int32V_A2FSbtF
                0x02009d58                $e7Junkbot10GameEngineC8addCrateyys5Int32V_AFtF
                0x02009e8c                $e7Junkbot10GameEngineC7addFireyys5Int32V_AFSbAFtF
                0x02009ea8                $e7Junkbot10GameEngineC6addFanyys5Int32V_AFSbAFtF
                0x0200a008                $e7Junkbot10GameEngineC9addSwitchyys5Int32V_AFSbAFtF
                0x0200a024                $e7Junkbot10GameEngineC7addPipeyys5Int32V_AFtF
                0x0200a0a0                $e7Junkbot10GameEngineC9addShieldyys5Int32V_AFS2btF
                0x0200a200                $e7Junkbot10GameEngineC7addJumpyys5Int32V_AFSbtF
                0x0200a350                $e7Junkbot10GameEngineC11addTeleportyys5Int32V_A2FtF
                0x0200a494                $e7Junkbot10GameEngineC8addLaseryys5Int32V_A2FSbAFtF
                0x0200a5dc                $e7Junkbot10GameEngineC15possibleGrabsAt6worldX0G1YSaySiGs5Int32V_AItF
                0x0200a768                $e7Junkbot10GameEngineC25possibleGrabsInDirections10startIndexSb15canGrabDownward_SaySiG04grabL0Sb0jK6UpwardAG0mN0tSi_tF
                0x0200a82c                $e7Junkbot10GameEngineC9startDrag7indices6worldX0G1Y9directionySaySiG_s5Int32VA2KtF
                0x0200aacc                $e7Junkbot10GameEngineC10updateDrag6worldX0F1Yys5Int32V_AHtF
                0x0200ac40                $e7Junkbot10GameEngineC10canReleaseSbyF
                0x0200b084                $e7Junkbot10GameEngineC10finishDragyyF
                0x0200b268                $e7Junkbot10GameEngineC10isDraggingSbvg
                0x0200b27c                $e7Junkbot10GameEngineC17draggingEntityIDsShys5Int32VGvg
                0x0200b3e4                $eShyShyxGqd__nc7ElementQyd__RszSTRd__lufCs5Int32V_SayAEGTt0g5
                0x0200b484                $e7Junkbot10GameEngineC11setViewportyys5Int32V_AFSftF
                0x0200b490                $e7Junkbot10GameEngineCfd
                0x0200b544                $e7Junkbot10GameEngineCfD
                0x0200b560                $e7Junkbot10GameEngineC17findAttachedGroup10startIndex9directionSaySiGSgSi_s5Int32VtF
                0x0200b878                $e7Junkbot10GameEngineC17findAttachedGroup10startIndex9directionSaySiGSgSi_s5Int32VtF20walkInitialDirectionL_ySbSiFTf0nnsn_n
                0x0200ba54                $e7Junkbot10GameEngineC8snapshotAA0C8SnapshotVyF
                0x0200bb9c                $e7Junkbot10GameEngineC10snapToGridys5Int32VAF_AFtF
                0x0200bc1c                $e7Junkbot10GameEngineC10canReleaseSbyFSbAA6EntityVXEfU_
                0x0200bc40                $e7Junkbot10GameEngineC10CursorHintO21__derived_enum_equalsySbAE_AEtFZ
                0x0200bc58                $e7Junkbot10GameEngineC10CursorHintO4hash4intoys6HasherVz_tF
                0x0200bc6c                $e7Junkbot10GameEngineC10CursorHintO9hashValueSivg
                0x0200bc70                $e7Junkbot10GameEngineC10cursorHint6worldX0F1YAC06CursorE0Os5Int32V_AJtF
                0x0200bd04                $e7Junkbot5LevelV5titleSSvg
                0x0200bd38                $e7Junkbot5LevelV5titleSSvs
                0x0200bd74                $e7Junkbot5LevelV5titleSSvM
                0x0200bd8c                $e7Junkbot5LevelV3parSiSgvpfi
                0x0200bd98                $e7Junkbot5LevelV3parSiSgvg
                0x0200bda4                $e7Junkbot5LevelV3parSiSgvs
                0x0200bdb0                $e7Junkbot5LevelV3parSiSgvM
                0x0200bdc8                $e7Junkbot5LevelV4hintSSvg
                0x0200be00                $e7Junkbot5LevelV4hintSSvs
                0x0200be3c                $e7Junkbot5LevelV4hintSSvM
                0x0200be54                $e7Junkbot5LevelV10backgroundAA0B10BackgroundVSgvpfi
                0x0200be64                $e7Junkbot5LevelV10backgroundAA0B10BackgroundVSgvg
                0x0200be78                $e7Junkbot5LevelV10backgroundAA0B10BackgroundVSgvs
                0x0200be80                $e7Junkbot5LevelV10backgroundAA0B10BackgroundVSgvM
                0x0200be98                $e7Junkbot5LevelV9playfieldAA0B9PlayfieldVvg
                0x0200bebc                $e7Junkbot5LevelV9playfieldAA0B9PlayfieldVvs
                0x0200bed8                $e7Junkbot5LevelV9playfieldAA0B9PlayfieldVvM
                0x0200bef0                $e7Junkbot5LevelV5partsSayAA0B4PartVGvg
                0x0200bf38                $e7Junkbot5LevelV5partsSayAA0B4PartVGvs
                0x0200bf50                $e7Junkbot5LevelV5partsSayAA0B4PartVGvM
                0x0200bf68                $e7Junkbot14LevelPlayfieldV7columns4rows8spacingX0F1Y5scale15hasExplicitSizeACSi_S3iSdSbtcfC
                0x0200bf90                $e7Junkbot5LevelV5title3par4hint10background9playfield5partsACSS_SiSgSSAA0B10BackgroundVSgAA0B9PlayfieldVSayAA0B4PartVGtcfC
                0x0200c100                $e7Junkbot5LevelV23__derived_struct_equalsySbAC_ACtFZ
                0x0200ca48                $eSasSQRzlE2eeoiySbSayxG_ABtFZ7Junkbot10LevelDecalV_Tt1g5
                0x0200ce9c                $eSasSQRzlE2eeoiySbSayxG_ABtFZ7Junkbot9LevelPartV_Tt1g5
                0x0200d8a8                $e7Junkbot15LevelBackgroundV8backdropSSvg
                0x0200d8dc                $e7Junkbot15LevelBackgroundV8backdropSSvs
                0x0200d918                $e7Junkbot15LevelBackgroundV8backdropSSvM
                0x0200d930                $e7Junkbot15LevelBackgroundV6decalsSayAA0B5DecalVGvg
                0x0200d978                $e7Junkbot15LevelBackgroundV6decalsSayAA0B5DecalVGvs
                0x0200d990                $e7Junkbot15LevelBackgroundV6decalsSayAA0B5DecalVGvM
                0x0200d9a8                $e7Junkbot15LevelBackgroundV16backgroundDecalsSayAA0B5DecalVGvg
                0x0200d9f0                $e7Junkbot15LevelBackgroundV16backgroundDecalsSayAA0B5DecalVGvs
                0x0200da08                $e7Junkbot15LevelBackgroundV16backgroundDecalsSayAA0B5DecalVGvM
                0x0200da20                $e7Junkbot15LevelBackgroundV8backdrop6decals16backgroundDecalsACSS_SayAA0B5DecalVGAItcfC
                0x0200da4c                $e7Junkbot15LevelBackgroundV23__derived_struct_equalsySbAC_ACtFZ
                0x0200dc60                $e7Junkbot10LevelDecalV1xSdvg
                0x0200dc68                $e7Junkbot10LevelDecalV1xSdvs
                0x0200dc70                $e7Junkbot10LevelDecalV1xSdvM
                0x0200dc88                $e7Junkbot10LevelDecalV1ySdvg
                0x0200dc90                $e7Junkbot10LevelDecalV1ySdvs
                0x0200dc98                $e7Junkbot10LevelDecalV1ySdvM
                0x0200dcb0                $e7Junkbot10LevelDecalV4nameSSvg
                0x0200dce4                $e7Junkbot10LevelDecalV4nameSSvs
                0x0200dd20                $e7Junkbot10LevelDecalV4nameSSvM
                0x0200dd38                $e7Junkbot10LevelDecalV1x1y4nameACSd_SdSStcfC
                0x0200dd78                $e7Junkbot10LevelDecalV23__derived_struct_equalsySbAC_ACtFZ
                0x0200df60                $e7Junkbot14LevelPlayfieldV7columnsSivg
                0x0200df68                $e7Junkbot14LevelPlayfieldV7columnsSivs
                0x0200df70                $e7Junkbot14LevelPlayfieldV7columnsSivM
                0x0200df88                $e7Junkbot14LevelPlayfieldV4rowsSivg
                0x0200df90                $e7Junkbot14LevelPlayfieldV4rowsSivs
                0x0200df98                $e7Junkbot14LevelPlayfieldV4rowsSivM
                0x0200dfb0                $e7Junkbot14LevelPlayfieldV8spacingXSivg
                0x0200dfb8                $e7Junkbot14LevelPlayfieldV8spacingXSivs
                0x0200dfc0                $e7Junkbot14LevelPlayfieldV8spacingXSivM
                0x0200dfd8                $e7Junkbot14LevelPlayfieldV8spacingYSivg
                0x0200dfe0                $e7Junkbot14LevelPlayfieldV8spacingYSivs
                0x0200dfe8                $e7Junkbot14LevelPlayfieldV8spacingYSivM
                0x0200e000                $e7Junkbot14LevelPlayfieldV5scaleSdvg
                0x0200e008                $e7Junkbot14LevelPlayfieldV5scaleSdvs
                0x0200e010                $e7Junkbot14LevelPlayfieldV5scaleSdvM
                0x0200e028                $e7Junkbot14LevelPlayfieldV15hasExplicitSizeSbvg
                0x0200e030                $e7Junkbot14LevelPlayfieldV15hasExplicitSizeSbvs
                0x0200e03c                $e7Junkbot14LevelPlayfieldV15hasExplicitSizeSbvM
                0x0200e054                $e7Junkbot14LevelPlayfieldV10pixelWidthSivg
                0x0200e06c                $e7Junkbot14LevelPlayfieldV11pixelHeightSivg
                0x0200e084                $e7Junkbot14LevelPlayfieldV23__derived_struct_equalsySbAC_ACtFZ
                0x0200e0fc                $e7Junkbot9PartStateOyACSScfC
                0x0200f57c                $e7Junkbot9PartStateO21__derived_enum_equalsySbAC_ACtFZ
                0x0200f860                $e7Junkbot9PartStateO4hash4intoys6HasherVz_tF
                0x0200f92c                $e7Junkbot9PartStateO9hashValueSivg
                0x0200f970                $e7Junkbot9LevelPartV5gridXSdvg
                0x0200f978                $e7Junkbot9LevelPartV5gridXSdvs
                0x0200f980                $e7Junkbot9LevelPartV5gridXSdvM
                0x0200f998                $e7Junkbot9LevelPartV5gridYSdvg
                0x0200f9a0                $e7Junkbot9LevelPartV5gridYSdvs
                0x0200f9a8                $e7Junkbot9LevelPartV5gridYSdvM
                0x0200f9c0                $e7Junkbot9LevelPartV8typeNameSSvg
                0x0200f9f4                $e7Junkbot9LevelPartV8typeNameSSvs
                0x0200fa30                $e7Junkbot9LevelPartV8typeNameSSvM
                0x0200fa48                $e7Junkbot9LevelPartV10colorIndexSivg
                0x0200fa50                $e7Junkbot9LevelPartV10colorIndexSivs
                0x0200fa58                $e7Junkbot9LevelPartV10colorIndexSivM
                0x0200fa70                $e7Junkbot9LevelPartV9colorNameSSvg
                0x0200faa4                $e7Junkbot9LevelPartV9colorNameSSvs
                0x0200fae0                $e7Junkbot9LevelPartV9colorNameSSvM
                0x0200faf8                $e7Junkbot9LevelPartV5stateAA0C5StateOvg
                0x0200fb24                $e7Junkbot9LevelPartV5stateAA0C5StateOvs
                0x0200fb50                $e7Junkbot9LevelPartV5stateAA0C5StateOvM
                0x0200fb68                $e7Junkbot9LevelPartV5valueSivg
                0x0200fb70                $e7Junkbot9LevelPartV5valueSivs
                0x0200fb78                $e7Junkbot9LevelPartV5valueSivM
                0x0200fb90                $e7Junkbot9LevelPartV10relationIDSSvg
                0x0200fbc8                $e7Junkbot9LevelPartV10relationIDSSvs
                0x0200fc04                $e7Junkbot9LevelPartV10relationIDSSvM
                0x0200fc1c                $e7Junkbot9LevelPartV5gridX0D1Y8typeName10colorIndex0gF05state5value10relationIDACSd_SdSSSiSSAA0C5StateOSiSStcfC
                0x0200fcd4                $e7Junkbot9LevelPartV23__derived_struct_equalsySbAC_ACtFZ
                0x020102c8                $e7Junkbot11LevelBoundsV1x1y5width6heightACs5Int32V_A3ItcfC
                0x020102fc                $e7Junkbot13RenderCommandV4KindO8rawValueAESgs5Int32V_tcfC
                0x02010314                $e7Junkbot13RenderCommandV4kindAC4KindOvg
                0x0201031c                $e7Junkbot13RenderCommandV4kindAC4KindOvs
                0x02010324                $e7Junkbot13RenderCommandV4kindAC4KindOvM
                0x0201033c                $e7Junkbot13RenderCommandV8spriteIDs5Int32Vvg
                0x02010344                $e7Junkbot13RenderCommandV8spriteIDs5Int32Vvs
                0x0201034c                $e7Junkbot13RenderCommandV8spriteIDs5Int32VvM
                0x02010364                $e7Junkbot13RenderCommandV1xs5Int32Vvg
                0x0201036c                $e7Junkbot13RenderCommandV1xs5Int32Vvs
                0x02010374                $e7Junkbot13RenderCommandV1xs5Int32VvM
                0x0201038c                $e7Junkbot13RenderCommandV1ys5Int32Vvg
                0x02010394                $e7Junkbot13RenderCommandV1ys5Int32Vvs
                0x0201039c                $e7Junkbot13RenderCommandV1ys5Int32VvM
                0x020103b4                $e7Junkbot13RenderCommandV1as5Int32Vvg
                0x020103bc                $e7Junkbot13RenderCommandV1as5Int32Vvs
                0x020103c4                $e7Junkbot13RenderCommandV1as5Int32VvM
                0x020103dc                $e7Junkbot13RenderCommandV1bs5Int32Vvg
                0x020103e4                $e7Junkbot13RenderCommandV1bs5Int32Vvs
                0x020103ec                $e7Junkbot13RenderCommandV1bs5Int32VvM
                0x02010404                $e7Junkbot13RenderCommandV1cs5Int32Vvg
                0x0201040c                $e7Junkbot13RenderCommandV1cs5Int32Vvs
                0x02010414                $e7Junkbot13RenderCommandV1cs5Int32VvM
                0x0201042c                $e7Junkbot13RenderCommandV6sprite_1x1y5alpha12rotationMrad9clipWidthACs5Int32V_A5KtFZ
                0x02010450                $e7Junkbot13RenderCommandV9solidRect1x1y5width6height4rgbaACs5Int32V_A4KtFZ
                0x02010480                $e7Junkbot11RenderFrameV8commandsSayAA0B7CommandVGvpfi
                0x02010490                $e7Junkbot11RenderFrameV8commandsSayAA0B7CommandVGvg
                0x020104d8                $e7Junkbot11RenderFrameV8commandsSayAA0B7CommandVGvs
                0x020104f0                $e7Junkbot11RenderFrameV8commandsSayAA0B7CommandVGvM
                0x02010508                $e7Junkbot11RenderFrameV15backgroundCountSivpfi
                0x02010510                $e7Junkbot11RenderFrameV15backgroundCountSivg
                0x02010518                $e7Junkbot11RenderFrameV15backgroundCountSivs
                0x02010520                $e7Junkbot11RenderFrameV15backgroundCountSivM
                0x02010538                $e7Junkbot11RenderFrameV9placeableSbvpfi
                0x02010540                $e7Junkbot11RenderFrameV9placeableSbvg
                0x02010548                $e7Junkbot11RenderFrameV9placeableSbvs
                0x02010554                $e7Junkbot11RenderFrameV9placeableSbvM
                0x0201056c                $e7Junkbot11RenderFrameVACycfC
                0x02010584                $e7Junkbot13DecalInstanceV1xs5Int32Vvg
                0x02010588                $e7Junkbot13DecalInstanceV1xs5Int32Vvs
                0x02010590                $e7Junkbot13DecalInstanceV1xs5Int32VvM
                0x020105a8                $e7Junkbot13DecalInstanceV1ys5Int32Vvg
                0x020105b0                $e7Junkbot13DecalInstanceV1ys5Int32Vvs
                0x020105b8                $e7Junkbot13DecalInstanceV1ys5Int32VvM
                0x020105d0                $e7Junkbot13DecalInstanceV8spriteIDs5Int32Vvg
                0x020105d8                $e7Junkbot13DecalInstanceV8spriteIDs5Int32Vvs
                0x020105e0                $e7Junkbot13DecalInstanceV8spriteIDs5Int32VvM
                0x020105f8                $e7Junkbot13DecalInstanceV1x1y8spriteIDACs5Int32V_A2HtcfC
                0x020105fc                $e7Junkbot10GameEngineC16buildRenderFrame4into7editing16entitiesOverrideyAA0eF0Vz_SbSayAA6EntityVGSgtF
                0x02010ee0                $e7Junkbot9RenderBoxV1x1y5width6heightACSd_S3dtcfC
                0x02010f18                $e7Junkbot21sortOrderForRenderingySaySiGSayAA9RenderBoxVGF
                0x020110f0                $e7Junkbot10GameEngineC19appendEntityCommand_9placeable7editing4into9isPreviewyAA0E0V_S2bSayAA06RenderF0VGzSbtF
                0x020114ec                $e7Junkbot10GameEngineC18appendWindCommands33_E9066A679403A996D50626318B53C136LL4intoySayAA13RenderCommandVGz_tF
                0x020115b8                $e7Junkbot10GameEngineC23appendLaserBeamCommands33_E9066A679403A996D50626318B53C136LL4intoySayAA13RenderCommandVGz_tF
                0x02011894                $e7Junkbot10GameEngineC28appendTeleportEffectCommands33_E9066A679403A996D50626318B53C136LL4intoySayAA13RenderCommandVGz_tF
                0x02011900                $e7Junkbot10GameEngineC23buildEntityListCommandsySayAA13RenderCommandVGSayAA0E0VGF
                0x02011b14                $e7Junkbot10GameEngineC20buildPreviewCommands3for7editingSayAA13RenderCommandVGAA6EntityV_SbtF
                0x02011bec                $e7Junkbot10WindEffectV14fanEntityIndexACSi_tcfC
                0x02011c00                $e7Junkbot10WindEffectV9addExtentyys5Int32VF
                0x02011c2c                $e7Junkbot10GameEngineC18appendWindCommands33_E9066A679403A996D50626318B53C136LL3for3fan4intoyAA0E6EffectV_AA6EntityVSayAA13RenderCommandVGztF
                0x02011ed4                $e7Junkbot10GameEngineC27appendTeleportEffectCommand33_E9066A679403A996D50626318B53C136LL_4intoyAA0eF0V_SayAA06RenderG0VGztF
                0x02011f98                $e7Junkbot10GameEngineC12junkbotFrame_9isPreviews5Int32V8spriteID_AG2dxAG2dytAA6EntityV_SbtF
                0x02012198                $e7Junkbot17spriteHeightTableSays5Int32VGvau
                0x020121a8                $e7Junkbot10GameEngineC12entitySprite33_E9066A679403A996D50626318B53C136LL_7editings5Int32V2id_AH12rotationMradtSgAA6EntityV_SbtF
                0x02012578                $e7Junkbot16spriteWidthTableSays5Int32VGvau
                0x02012588                $e7Junkbot8SpriteIDO14brickWhiteBases5Int32Vvau
                0x02012598                $e7Junkbot8SpriteIDO12brickRedBases5Int32Vvau
                0x020125a8                $e7Junkbot8SpriteIDO14brickGreenBases5Int32Vvau
                0x020125b8                $e7Junkbot8SpriteIDO13brickBlueBases5Int32Vvau
                0x020125c8                $e7Junkbot8SpriteIDO15brickYellowBases5Int32Vvau
                0x020125d8                $e7Junkbot8SpriteIDO17brickImmobileBases5Int32Vvau
                0x020125e8                $e7Junkbot8SpriteIDO15scaredyWalkR1S3s5Int32Vvau
                0x020125f8                $e7Junkbot8SpriteIDO15scaredyWalkR2S3s5Int32Vvau
                0x02012608                $e7Junkbot8SpriteIDO15scaredyWalkL1S3s5Int32Vvau
                0x02012618                $e7Junkbot8SpriteIDO15scaredyWalkL2S3s5Int32Vvau
                0x02012628                $e7Junkbot10GameEngineC24renderRandomMilliradians33_E9066A679403A996D50626318B53C136LL5ranges5Int32VAH_tF
                0x020126dc                $e7Junkbot8SpriteIDO3bins5Int32Vvau
                0x020126ec                $e7Junkbot8SpriteIDO13hazSlickcrates5Int32Vvau
                0x020126fc                $e7Junkbot8SpriteIDO19hazSlickFireOffBases5Int32Vvau
                0x0201270c                $e7Junkbot8SpriteIDO18hazSlickFireOnBases5Int32Vvau
                0x0201271c                $e7Junkbot8SpriteIDO18hazSlickFanOffBases5Int32Vvau
                0x0201272c                $e7Junkbot8SpriteIDO17hazSlickFanOnBases5Int32Vvau
                0x0201273c                $e7Junkbot8SpriteIDO20hazSlickSwitchOnBases5Int32Vvau
                0x0201274c                $e7Junkbot8SpriteIDO21hazSlickSwitchOffBases5Int32Vvau
                0x0201275c                $e7Junkbot8SpriteIDO19hazSlickPipeDryBases5Int32Vvau
                0x0201276c                $e7Junkbot8SpriteIDO19hazSlickPipeWetBases5Int32Vvau
                0x0201277c                $e7Junkbot8SpriteIDO17hazSlickshieldOffs5Int32Vvau
                0x0201278c                $e7Junkbot8SpriteIDO16hazSlickshieldOns5Int32Vvau
                0x0201279c                $e7Junkbot8SpriteIDO19brickSlickshieldOffs5Int32Vvau
                0x020127ac                $e7Junkbot8SpriteIDO18brickSlickshieldOns5Int32Vvau
                0x020127bc                $e7Junkbot8SpriteIDO26hazSlickTeleportActiveBases5Int32Vvau
                0x020127cc                $e7Junkbot8SpriteIDO22hazSlickTeleportOnBases5Int32Vvau
                0x020127dc                $e7Junkbot8SpriteIDO23hazSlickTeleportOffBases5Int32Vvau
                0x020127ec                $e7Junkbot8SpriteIDO20hazSlickLaserLOnBases5Int32Vvau
                0x020127fc                $e7Junkbot8SpriteIDO20hazSlickLaserROnBases5Int32Vvau
                0x0201280c                $e7Junkbot8SpriteIDO22hazSlickJumpActiveBases5Int32Vvau
                0x0201281c                $e7Junkbot8SpriteIDO24brickSlickJumpActiveBases5Int32Vvau
                0x0201282c                $e7Junkbot8SpriteIDO23hazSlickJumpDormantBases5Int32Vvau
                0x0201283c                $e7Junkbot8SpriteIDO25brickSlickJumpDormantBases5Int32Vvau
                0x0201284c                $e7Junkbot8SpriteIDO15dripFallingBases5Int32Vvau
                0x0201285c                $e7Junkbot8SpriteIDO18dripSplashingCounts5Int32Vvau
                0x0201286c                $e7Junkbot8SpriteIDO17dripSplashingBases5Int32Vvau
                0x0201287c                $e7Junkbot8SpriteIDO16gearbotWalkRBases5Int32Vvau
                0x0201288c                $e7Junkbot8SpriteIDO16gearbotWalkLBases5Int32Vvau
                0x0201289c                $e7Junkbot8SpriteIDO17climbbotWalkUBases5Int32Vvau
                0x020128ac                $e7Junkbot8SpriteIDO17climbbotWalkDBases5Int32Vvau
                0x020128bc                $e7Junkbot8SpriteIDO17climbbotWalkRBases5Int32Vvau
                0x020128cc                $e7Junkbot8SpriteIDO17climbbotWalkLBases5Int32Vvau
                0x020128dc                $e7Junkbot8SpriteIDO10flybotBases5Int32Vvau
                0x020128ec                $e7Junkbot8SpriteIDO16eyebotActiveBases5Int32Vvau
                0x020128fc                $e7Junkbot8SpriteIDO10eyebotBases5Int32Vvau
                0x0201290c                $e7Junkbot8SpriteIDO11minifigDeads5Int32Vvau
                0x0201291c                $e7Junkbot8SpriteIDO19minifigWaterDieBases5Int32Vvau
                0x0201292c                $e7Junkbot8SpriteIDO14minifigDieBases5Int32Vvau
                0x0201293c                $e7Junkbot8SpriteIDO20minifigShieldEatBases5Int32Vvau
                0x0201294c                $e7Junkbot8SpriteIDO19minifigEatStartBases5Int32Vvau
                0x0201295c                $e7Junkbot8SpriteIDO20minifigShieldOnRBases5Int32Vvau
                0x0201296c                $e7Junkbot8SpriteIDO20minifigShieldOnLBases5Int32Vvau
                0x0201297c                $e7Junkbot25junkbotAnim_shield_walk_rSayAA0A8KeyframeVGvau
                0x0201298c                $e7Junkbot25junkbotAnim_shield_walk_lSayAA0A8KeyframeVGvau
                0x0201299c                $e7Junkbot18junkbotAnim_walk_rSayAA0A8KeyframeVGvau
                0x020129ac                $e7Junkbot18junkbotAnim_walk_lSayAA0A8KeyframeVGvau
                0x020129bc                $e7Junkbot8SpriteIDO11fanAir1Bases5Int32Vvau
                0x020129cc                $e7Junkbot10WindEffectV6extent2ats5Int32VSi_tF
                0x020129e4                $e7Junkbot8SpriteIDO14laserbeam1Bases5Int32Vvau
                0x020129f4                $e7Junkbot8SpriteIDO12transEfxBases5Int32Vvau
                0x02012a04                $e7Junkbot9RenderBoxV1xSdvg
                0x02012a08                $e7Junkbot9RenderBoxV1xSdvs
                0x02012a10                $e7Junkbot9RenderBoxV1xSdvM
                0x02012a28                $e7Junkbot9RenderBoxV1ySdvg
                0x02012a34                $e7Junkbot9RenderBoxV1ySdvs
                0x02012a3c                $e7Junkbot9RenderBoxV1ySdvM
                0x02012a54                $e7Junkbot9RenderBoxV5widthSdvg
                0x02012a5c                $e7Junkbot9RenderBoxV5widthSdvs
                0x02012a64                $e7Junkbot9RenderBoxV5widthSdvM
                0x02012a7c                $e7Junkbot9RenderBoxV6heightSdvg
                0x02012a88                $e7Junkbot9RenderBoxV6heightSdvs
                0x02012a90                $e7Junkbot9RenderBoxV6heightSdvM
                0x02012aa8                $eSaySayxGqd__c7ElementQyd__RszSTRd__lufCSi_SnySiGTt0g5
                0x02012b4c                $e7Junkbot21sortOrderForRenderingySaySiGSayAA9RenderBoxVGFSbSi_SitXEfU_
                0x02012bb4                $eSMsSkRzrlE4sort2byySb7ElementSTQz_ADtKXE_tKFSaySiG_Tg5060$e7Junkbot21sortOrderForRenderingySaySiGSayAA9RenderBoxVGFSbJ9_SitXEfU_Say7Junkbot0mN0VGTf1cn_n
                0x02012e5c                $e7Junkbot10GameEngineC04hurtA05index5causeySi_s5Int32VtF
                0x020130f0                $e7Junkbot10GameEngineC15simulateGravityyyF
                0x02013920                $e7Junkbot10GameEngineC4walk12junkbotIndexSbSi_tF
                0x02014870                $e7Junkbot10GameEngineC4walk12junkbotIndexSbSi_tFSbAA6EntityVcACcfu10_SbAGcfu11_
                0x02014894                $e7Junkbot10GameEngineC23findLinkedTeleportIndex3forS2i_tF
                0x0201490c                $e7Junkbot10GameEngineC08simulateA05indexySi_tF
                0x02016c9c                $e7Junkbot10GameEngineC08simulateA05indexySi_tFSbAA6EntityVXEfU0_
                0x02016cb0                $e7Junkbot10GameEngineC08simulateA05indexySi_tFSbAA6EntityVXEfU2_
                0x02016d08                $e7Junkbot10GameEngineC08simulateA05indexySi_tFSbAA6EntityV6entity_SiAEt_tXEfU3_SbAGcACcfu_SbAGcfu0_
                0x02016d18                $e7Junkbot10GameEngineC08simulateA05indexySi_tFSbAA6EntityVXEfU4_
                0x02016d2c                $e7Junkbot10GameEngineC15simulateGearbot5indexySi_tF
                0x020174a4                $e7Junkbot10GameEngineC16simulateClimbbot5indexySi_tF
                0x0201880c                $e7Junkbot10GameEngineC16simulateClimbbot5indexySi_tFSbAA6EntityVcACcfu1_SbAGcfu2_
                0x02018828                $e7Junkbot10GameEngineC14simulateFlybot5indexySi_tF
                0x02018ad8                $e7Junkbot10GameEngineC14simulateFlybot5indexySi_tFSbAA6EntityVXEfU_
                0x02018ae8                $e7Junkbot10GameEngineC17doEyebotTargeting5indexySi_tF
                0x02018dfc                $e7Junkbot10GameEngineC17doEyebotTargeting5indexySi_tFSbAA6EntityVXEfU_
                0x02018e24                $e7Junkbot10GameEngineC16doEyebotMovement5indexySi_tF
                0x02019154                $e7Junkbot10GameEngineC15simulateScaredy5indexySi_tF
                0x020196c4                $e7Junkbot10GameEngineC15simulateScaredy5indexySi_tFSbAA6EntityVXEfU_
                0x020196d8                $e7Junkbot10GameEngineC15simulateDroplet5indexySi_tF
                0x020199c0                $e7Junkbot10GameEngineC12simulatePipe5indexySi_tF
                0x02019c0c                $e7Junkbot10GameEngineC12simulateJump5indexySi_tF
                0x02019d48                $e7Junkbot10GameEngineC16simulateTeleport5indexySi_tF
                0x0201a350                $e7Junkbot10GameEngineC16simulateTeleport5indexySi_tFSbAA6EntityVcACcfu1_SbAGcfu2_
                0x0201a36c                $e7Junkbot10GameEngineC16simulateSwitchesyyF
                0x0201a658                $e7Junkbot10GameEngineC21simulateFansAndLasersyyF
                0x0201af2c                $e7Junkbot10GameEngineC8simulateyyF13indicesForIDsL_ySaySiGSays5Int32VGF
                0x0201b040                $e7Junkbot15spriteIDForName_5sheets5Int32VSgSS_AA11SpriteSheetOtF
                0x0201b144                $e7Junkbot15spriteNameTableSays12StaticStringVGvau
                0x0201b154                $e7Junkbot16spriteSheetTableSays5Int32VGvau
                0x0201b164                $e7Junkbot11SpriteSheetO8rawValues5Int32Vvg
                0x0201b16c                $e7Junkbot25backgroundSpriteIDForNameys5Int32VSgSSF
                0x0201b1a8                $e7Junkbot10EntityTypeO8rawValueACSgs5UInt8V_tcfC
                0x0201b1cc                $e7Junkbot10EntityTypeO8rawValues5UInt8Vvg
                0x0201b1e4                $e7Junkbot7SoundIDO8rawValueACSgs5Int32V_tcfC
                0x0201b1f0                $e7Junkbot7SoundIDOSYAASY8rawValuexSg03RawE0Qz_tcfCTW
                0x0201b20c                $e7Junkbot7SoundIDOSYAASY8rawValue03RawE0QzvgTW
                0x0201b224                $e7Junkbot11LevelBoundsV1xs5Int32Vvg
                0x0201b228                $e7Junkbot11LevelBoundsV1xs5Int32Vvs
                0x0201b230                $e7Junkbot11LevelBoundsV1xs5Int32VvM
                0x0201b248                $e7Junkbot11LevelBoundsV1ys5Int32Vvg
                0x0201b250                $e7Junkbot11LevelBoundsV1ys5Int32Vvs
                0x0201b258                $e7Junkbot11LevelBoundsV1ys5Int32VvM
                0x0201b270                $e7Junkbot11LevelBoundsV5widths5Int32Vvg
                0x0201b278                $e7Junkbot11LevelBoundsV5widths5Int32Vvs
                0x0201b280                $e7Junkbot11LevelBoundsV5widths5Int32VvM
                0x0201b298                $e7Junkbot11LevelBoundsV6heights5Int32Vvg
                0x0201b2a0                $e7Junkbot11LevelBoundsV6heights5Int32Vvs
                0x0201b2a8                $e7Junkbot11LevelBoundsV6heights5Int32VvM
                0x0201b2c0                $e7Junkbot10WindEffectV14fanEntityIndexSivg
                0x0201b2c8                $e7Junkbot10WindEffectV14fanEntityIndexSivs
                0x0201b2d0                $e7Junkbot10WindEffectV14fanEntityIndexSivM
                0x0201b2e8                $e7Junkbot10WindEffectV10numExtentsSivg
                0x0201b2f0                $e7Junkbot10WindEffectV10numExtentsSivs
                0x0201b2f8                $e7Junkbot10WindEffectV10numExtentsSivM
                0x0201b310                $e7Junkbot9LaserBeamV16laserEntityIndexSivg
                0x0201b314                $e7Junkbot9LaserBeamV16laserEntityIndexSivM
                0x0201b32c                $e7Junkbot9LaserBeamV6extents5Int32Vvg
                0x0201b334                $e7Junkbot9LaserBeamV6extents5Int32VvM
                0x0201b34c                $e7Junkbot9LaserBeamV14hitEntityIndexSivg
                0x0201b354                $e7Junkbot9LaserBeamV14hitEntityIndexSivM
                0x0201b36c                $e7Junkbot10RaycastHitV5stepss5Int32Vvg
                0x0201b374                $e7Junkbot10RaycastHitV5stepss5Int32Vvs
                0x0201b37c                $e7Junkbot10RaycastHitV5stepss5Int32VvM
                0x0201b394                $e7Junkbot10RaycastHitV6entityAA6EntityVSgvpfi
                0x0201b3c4                $e7Junkbot10RaycastHitV6entityAA6EntityVSgvg
                0x0201b3d8                $e7Junkbot10RaycastHitV6entityAA6EntityVSgvs
                0x0201b3f0                $e7Junkbot10RaycastHitV6entityAA6EntityVSgvM
                0x0201b408                $e7Junkbot10RaycastHitV11entityIndexSivg
                0x0201b410                $e7Junkbot10RaycastHitV11entityIndexSivs
                0x0201b418                $e7Junkbot10RaycastHitV11entityIndexSivM
                0x0201b430                $e7Junkbot14TeleportEffectV1xs5Int32Vvg
                0x0201b434                $e7Junkbot14TeleportEffectV1xs5Int32VvM
                0x0201b44c                $e7Junkbot14TeleportEffectV1ys5Int32Vvg
                0x0201b454                $e7Junkbot14TeleportEffectV1ys5Int32VvM
                0x0201b46c                $e7Junkbot14TeleportEffectV10frameIndexs5Int32Vvg
                0x0201b474                $e7Junkbot14TeleportEffectV10frameIndexs5Int32VvM
                0x0201b48c                $e7Junkbot6EntityV2ids5Int32Vvg
                0x0201b494                $e7Junkbot6EntityV2ids5Int32Vvs
                0x0201b49c                $e7Junkbot6EntityV2ids5Int32VvM
                0x0201b4b4                $e7Junkbot6EntityV4typeAA0B4TypeOvg
                0x0201b4bc                $e7Junkbot6EntityV4typeAA0B4TypeOvs
                0x0201b4c4                $e7Junkbot6EntityV4typeAA0B4TypeOvM
                0x0201b4dc                $e7Junkbot6EntityV1xs5Int32Vvg
                0x0201b4e4                $e7Junkbot6EntityV1xs5Int32Vvs
                0x0201b4ec                $e7Junkbot6EntityV1xs5Int32VvM
                0x0201b504                $e7Junkbot6EntityV1ys5Int32Vvg
                0x0201b50c                $e7Junkbot6EntityV1ys5Int32Vvs
                0x0201b514                $e7Junkbot6EntityV1ys5Int32VvM
                0x0201b52c                $e7Junkbot6EntityV5widths5Int32Vvg
                0x0201b534                $e7Junkbot6EntityV5widths5Int32Vvs
                0x0201b53c                $e7Junkbot6EntityV5widths5Int32VvM
                0x0201b554                $e7Junkbot6EntityV6heights5Int32Vvg
                0x0201b55c                $e7Junkbot6EntityV6heights5Int32Vvs
                0x0201b564                $e7Junkbot6EntityV6heights5Int32VvM
                0x0201b57c                $e7Junkbot6EntityV7grabbedSbvg
                0x0201b584                $e7Junkbot6EntityV7grabbedSbvs
                0x0201b590                $e7Junkbot6EntityV7grabbedSbvM
                0x0201b5a8                $e7Junkbot6EntityV5fixedSbvg
                0x0201b5b0                $e7Junkbot6EntityV5fixedSbvs
                0x0201b5bc                $e7Junkbot6EntityV5fixedSbvM
                0x0201b5d4                $e7Junkbot6EntityV8floatingSbvg
                0x0201b5dc                $e7Junkbot6EntityV8floatingSbvs
                0x0201b5e8                $e7Junkbot6EntityV8floatingSbvM
                0x0201b600                $e7Junkbot6EntityV11wasFloatingSbvg
                0x0201b608                $e7Junkbot6EntityV11wasFloatingSbvs
                0x0201b614                $e7Junkbot6EntityV11wasFloatingSbvM
                0x0201b62c                $e7Junkbot6EntityV18removeBeforeRenderSbvg
                0x0201b634                $e7Junkbot6EntityV18removeBeforeRenderSbvs
                0x0201b640                $e7Junkbot6EntityV18removeBeforeRenderSbvM
                0x0201b658                $e7Junkbot6EntityV6facings5Int32Vvg
                0x0201b660                $e7Junkbot6EntityV6facings5Int32Vvs
                0x0201b668                $e7Junkbot6EntityV6facings5Int32VvM
                0x0201b680                $e7Junkbot6EntityV7facingYs5Int32Vvg
                0x0201b688                $e7Junkbot6EntityV7facingYs5Int32Vvs
                0x0201b690                $e7Junkbot6EntityV7facingYs5Int32VvM
                0x0201b6a8                $e7Junkbot6EntityV14animationFrames5Int32Vvg
                0x0201b6b0                $e7Junkbot6EntityV14animationFrames5Int32Vvs
                0x0201b6b8                $e7Junkbot6EntityV14animationFrames5Int32VvM
                0x0201b6d0                $e7Junkbot6EntityV12widthInStudss5Int32Vvg
                0x0201b6d8                $e7Junkbot6EntityV12widthInStudss5Int32Vvs
                0x0201b6e0                $e7Junkbot6EntityV12widthInStudss5Int32VvM
                0x0201b6f8                $e7Junkbot6EntityV10colorIndexs5Int32Vvg
                0x0201b700                $e7Junkbot6EntityV10colorIndexs5Int32Vvs
                0x0201b708                $e7Junkbot6EntityV10colorIndexs5Int32VvM
                0x0201b720                $e7Junkbot6EntityV7armoredSbvg
                0x0201b728                $e7Junkbot6EntityV7armoredSbvs
                0x0201b734                $e7Junkbot6EntityV7armoredSbvM
                0x0201b74c                $e7Junkbot6EntityV12losingShieldSbvg
                0x0201b754                $e7Junkbot6EntityV12losingShieldSbvs
                0x0201b760                $e7Junkbot6EntityV12losingShieldSbvM
                0x0201b778                $e7Junkbot6EntityV16losingShieldTimes5Int32Vvg
                0x0201b780                $e7Junkbot6EntityV16losingShieldTimes5Int32Vvs
                0x0201b788                $e7Junkbot6EntityV16losingShieldTimes5Int32VvM
                0x0201b7a0                $e7Junkbot6EntityV13gettingShieldSbvg
                0x0201b7a8                $e7Junkbot6EntityV13gettingShieldSbvs
                0x0201b7b4                $e7Junkbot6EntityV13gettingShieldSbvM
                0x0201b7cc                $e7Junkbot6EntityV5dyingSbvg
                0x0201b7d4                $e7Junkbot6EntityV5dyingSbvs
                0x0201b7e0                $e7Junkbot6EntityV5dyingSbvM
                0x0201b7f8                $e7Junkbot6EntityV14dyingFromWaterSbvg
                0x0201b800                $e7Junkbot6EntityV14dyingFromWaterSbvs
                0x0201b80c                $e7Junkbot6EntityV14dyingFromWaterSbvM
                0x0201b824                $e7Junkbot6EntityV4deadSbvg
                0x0201b82c                $e7Junkbot6EntityV4deadSbvs
                0x0201b838                $e7Junkbot6EntityV4deadSbvM
                0x0201b850                $e7Junkbot6EntityV13collectingBinSbvg
                0x0201b858                $e7Junkbot6EntityV13collectingBinSbvs
                0x0201b864                $e7Junkbot6EntityV13collectingBinSbvM
                0x0201b87c                $e7Junkbot6EntityV10headLoadedSbvg
                0x0201b884                $e7Junkbot6EntityV10headLoadedSbvs
                0x0201b890                $e7Junkbot6EntityV10headLoadedSbvM
                0x0201b8a8                $e7Junkbot6EntityV9momentumXs5Int32Vvg
                0x0201b8b0                $e7Junkbot6EntityV9momentumXs5Int32Vvs
                0x0201b8b8                $e7Junkbot6EntityV9momentumXs5Int32VvM
                0x0201b8d0                $e7Junkbot6EntityV9momentumYs5Int32Vvg
                0x0201b8d8                $e7Junkbot6EntityV9momentumYs5Int32Vvs
                0x0201b8e0                $e7Junkbot6EntityV9momentumYs5Int32VvM
                0x0201b8f8                $e7Junkbot6EntityV7scaredySbvg
                0x0201b900                $e7Junkbot6EntityV7scaredySbvs
                0x0201b90c                $e7Junkbot6EntityV7scaredySbvM
                0x0201b924                $e7Junkbot6EntityV2onSbvg
                0x0201b92c                $e7Junkbot6EntityV2onSbvs
                0x0201b938                $e7Junkbot6EntityV2onSbvM
                0x0201b950                $e7Junkbot6EntityV4usedSbvg
                0x0201b958                $e7Junkbot6EntityV4usedSbvs
                0x0201b964                $e7Junkbot6EntityV4usedSbvM
                0x0201b97c                $e7Junkbot6EntityV8switchIDs5Int32Vvg
                0x0201b984                $e7Junkbot6EntityV8switchIDs5Int32Vvs
                0x0201b98c                $e7Junkbot6EntityV8switchIDs5Int32VvM
                0x0201b9a4                $e7Junkbot6EntityV9steppedOnSbvg
                0x0201b9ac                $e7Junkbot6EntityV9steppedOnSbvs
                0x0201b9b8                $e7Junkbot6EntityV9steppedOnSbvM
                0x0201b9d0                $e7Junkbot6EntityV10teleportIDs5Int32Vvg
                0x0201b9d8                $e7Junkbot6EntityV10teleportIDs5Int32Vvs
                0x0201b9e0                $e7Junkbot6EntityV10teleportIDs5Int32VvM
                0x0201b9f8                $e7Junkbot6EntityV5timers5Int32Vvg
                0x0201ba00                $e7Junkbot6EntityV5timers5Int32Vvs
                0x0201ba08                $e7Junkbot6EntityV5timers5Int32VvM
                0x0201ba20                $e7Junkbot6EntityV7blockedSbvg
                0x0201ba28                $e7Junkbot6EntityV7blockedSbvs
                0x0201ba34                $e7Junkbot6EntityV7blockedSbvM
                0x0201ba4c                $e7Junkbot6EntityV6energys5Int32Vvg
                0x0201ba54                $e7Junkbot6EntityV6energys5Int32Vvs
                0x0201ba5c                $e7Junkbot6EntityV6energys5Int32VvM
                0x0201ba74                $e7Junkbot6EntityV6activeSbvg
                0x0201ba7c                $e7Junkbot6EntityV6activeSbvs
                0x0201ba88                $e7Junkbot6EntityV6activeSbvM
                0x0201baa0                $e7Junkbot6EntityV11activeTimers5Int32Vvg
                0x0201baa8                $e7Junkbot6EntityV11activeTimers5Int32Vvs
                0x0201bab0                $e7Junkbot6EntityV11activeTimers5Int32VvM
                0x0201bac8                $e7Junkbot6EntityV9splashingSbvg
                0x0201bad0                $e7Junkbot6EntityV9splashingSbvs
                0x0201badc                $e7Junkbot6EntityV9splashingSbvM
                0x0201baf4                $e7Junkbot6EntityV11grabOffsetXs5Int32Vvg
                0x0201bafc                $e7Junkbot6EntityV11grabOffsetXs5Int32Vvs
                0x0201bb04                $e7Junkbot6EntityV11grabOffsetXs5Int32VvM
                0x0201bb1c                $e7Junkbot6EntityV11grabOffsetYs5Int32Vvg
                0x0201bb24                $e7Junkbot6EntityV11grabOffsetYs5Int32Vvs
                0x0201bb2c                $e7Junkbot6EntityV11grabOffsetYs5Int32VvM
                0x0201bb44                $e7Junkbot10GameEngineC4undoSbyF
                0x0201bcac                $e7Junkbot10GameEngineC7restoreyyAA0C8SnapshotVF
                0x0201be00                $e7Junkbot10GameEngineC7canUndoSbvg
                0x0201be14                $e7Junkbot10GameEngineC11beginRewindyyF
                0x0201be38                $e7Junkbot10GameEngineC10stepRewindSbyF
                0x0201bf18                $e7Junkbot10GameEngineC9endRewindyyF
                0x0201bf34                $e7Junkbot0A8KeyframeV8spriteIDs5Int32Vvg
                0x0201bf38                $e7Junkbot0A8KeyframeV2dxs5Int32Vvg
                0x0201bf40                $e7Junkbot0A8KeyframeV2dys5Int32Vvg
                0x0201bf48                $e7Junkbot25junkbotAnim_shield_walk_l_WZ
                0x0201bf4c                $e7Junkbot25junkbotAnim_shield_walk_r_WZ
                0x0201bf50                $e7Junkbot18junkbotAnim_walk_l_WZ
                0x0201bf54                $e7Junkbot18junkbotAnim_walk_r_WZ
                0x0201bf58                $e7Junkbot11SpriteSheetO8rawValueACSgs5Int32V_tcfC
                0x0201bf64                $e7Junkbot15spriteNameTable_WZ
                0x0201bf68                $e7Junkbot16spriteSheetTable_WZ
                0x0201bf6c                $e7Junkbot16spriteWidthTable_WZ
                0x0201bf70                $e7Junkbot17spriteHeightTable_WZ
                0x0201bf74                $e7Junkbot8SpriteIDO13brickBlueBases5Int32VvgZ
                0x0201bf7c                $e7Junkbot8SpriteIDO14brickBlueCounts5Int32Vvau
                0x0201bf8c                $e7Junkbot8SpriteIDO14brickBlueCounts5Int32VvgZ
                0x0201bf94                $e7Junkbot8SpriteIDO14brickGreenBases5Int32VvgZ
                0x0201bf9c                $e7Junkbot8SpriteIDO15brickGreenCounts5Int32Vvau
                0x0201bfac                $e7Junkbot8SpriteIDO15brickGreenCounts5Int32VvgZ
                0x0201bfb4                $e7Junkbot8SpriteIDO17brickImmobileBases5Int32VvgZ
                0x0201bfbc                $e7Junkbot8SpriteIDO18brickImmobileCounts5Int32Vvau
                0x0201bfcc                $e7Junkbot8SpriteIDO18brickImmobileCounts5Int32VvgZ
                0x0201bfd4                $e7Junkbot8SpriteIDO12brickRedBases5Int32VvgZ
                0x0201bfdc                $e7Junkbot8SpriteIDO13brickRedCounts5Int32Vvau
                0x0201bfec                $e7Junkbot8SpriteIDO13brickRedCounts5Int32VvgZ
                0x0201bff4                $e7Junkbot8SpriteIDO24brickSlickJumpActiveBases5Int32VvgZ
                0x0201bffc                $e7Junkbot8SpriteIDO25brickSlickJumpActiveCounts5Int32Vvau
                0x0201c00c                $e7Junkbot8SpriteIDO25brickSlickJumpActiveCounts5Int32VvgZ
                0x0201c014                $e7Junkbot8SpriteIDO25brickSlickJumpDormantBases5Int32VvgZ
                0x0201c01c                $e7Junkbot8SpriteIDO26brickSlickJumpDormantCounts5Int32Vvau
                0x0201c02c                $e7Junkbot8SpriteIDO26brickSlickJumpDormantCounts5Int32VvgZ
                0x0201c034                $e7Junkbot8SpriteIDO14brickWhiteBases5Int32VvgZ
                0x0201c03c                $e7Junkbot8SpriteIDO15brickWhiteCounts5Int32Vvau
                0x0201c04c                $e7Junkbot8SpriteIDO15brickWhiteCounts5Int32VvgZ
                0x0201c054                $e7Junkbot8SpriteIDO15brickYellowBases5Int32VvgZ
                0x0201c05c                $e7Junkbot8SpriteIDO16brickYellowCounts5Int32Vvau
                0x0201c06c                $e7Junkbot8SpriteIDO16brickYellowCounts5Int32VvgZ
                0x0201c074                $e7Junkbot8SpriteIDO17climbbotWalkDBases5Int32VvgZ
                0x0201c07c                $e7Junkbot8SpriteIDO18climbbotWalkDCounts5Int32Vvau
                0x0201c08c                $e7Junkbot8SpriteIDO18climbbotWalkDCounts5Int32VvgZ
                0x0201c094                $e7Junkbot8SpriteIDO17climbbotWalkLBases5Int32VvgZ
                0x0201c09c                $e7Junkbot8SpriteIDO18climbbotWalkLCounts5Int32Vvau
                0x0201c0ac                $e7Junkbot8SpriteIDO18climbbotWalkLCounts5Int32VvgZ
                0x0201c0b4                $e7Junkbot8SpriteIDO17climbbotWalkRBases5Int32VvgZ
                0x0201c0bc                $e7Junkbot8SpriteIDO18climbbotWalkRCounts5Int32Vvau
                0x0201c0cc                $e7Junkbot8SpriteIDO18climbbotWalkRCounts5Int32VvgZ
                0x0201c0d4                $e7Junkbot8SpriteIDO17climbbotWalkUBases5Int32VvgZ
                0x0201c0dc                $e7Junkbot8SpriteIDO18climbbotWalkUCounts5Int32Vvau
                0x0201c0ec                $e7Junkbot8SpriteIDO18climbbotWalkUCounts5Int32VvgZ
                0x0201c0f4                $e7Junkbot8SpriteIDO15dripFallingBases5Int32VvgZ
                0x0201c0fc                $e7Junkbot8SpriteIDO16dripFallingCounts5Int32Vvau
                0x0201c10c                $e7Junkbot8SpriteIDO16dripFallingCounts5Int32VvgZ
                0x0201c114                $e7Junkbot8SpriteIDO17dripSplashingBases5Int32VvgZ
                0x0201c11c                $e7Junkbot8SpriteIDO18dripSplashingCounts5Int32VvgZ
                0x0201c124                $e7Junkbot8SpriteIDO10eyebotBases5Int32VvgZ
                0x0201c12c                $e7Junkbot8SpriteIDO11eyebotCounts5Int32Vvau
                0x0201c13c                $e7Junkbot8SpriteIDO11eyebotCounts5Int32VvgZ
                0x0201c144                $e7Junkbot8SpriteIDO16eyebotActiveBases5Int32VvgZ
                0x0201c14c                $e7Junkbot8SpriteIDO17eyebotActiveCounts5Int32Vvau
                0x0201c15c                $e7Junkbot8SpriteIDO17eyebotActiveCounts5Int32VvgZ
                0x0201c164                $e7Junkbot8SpriteIDO11fanAir1Bases5Int32VvgZ
                0x0201c16c                $e7Junkbot8SpriteIDO12fanAir1Counts5Int32Vvau
                0x0201c17c                $e7Junkbot8SpriteIDO12fanAir1Counts5Int32VvgZ
                0x0201c184                $e7Junkbot8SpriteIDO10flybotBases5Int32VvgZ
                0x0201c18c                $e7Junkbot8SpriteIDO11flybotCounts5Int32Vvau
                0x0201c19c                $e7Junkbot8SpriteIDO11flybotCounts5Int32VvgZ
                0x0201c1a4                $e7Junkbot8SpriteIDO16gearbotWalkLBases5Int32VvgZ
                0x0201c1ac                $e7Junkbot8SpriteIDO17gearbotWalkLCounts5Int32Vvau
                0x0201c1bc                $e7Junkbot8SpriteIDO17gearbotWalkLCounts5Int32VvgZ
                0x0201c1c4                $e7Junkbot8SpriteIDO16gearbotWalkRBases5Int32VvgZ
                0x0201c1cc                $e7Junkbot8SpriteIDO17gearbotWalkRCounts5Int32Vvau
                0x0201c1dc                $e7Junkbot8SpriteIDO17gearbotWalkRCounts5Int32VvgZ
                0x0201c1e4                $e7Junkbot8SpriteIDO18hazSlickFanOffBases5Int32VvgZ
                0x0201c1ec                $e7Junkbot8SpriteIDO19hazSlickFanOffCounts5Int32Vvau
                0x0201c1fc                $e7Junkbot8SpriteIDO19hazSlickFanOffCounts5Int32VvgZ
                0x0201c204                $e7Junkbot8SpriteIDO17hazSlickFanOnBases5Int32VvgZ
                0x0201c20c                $e7Junkbot8SpriteIDO18hazSlickFanOnCounts5Int32Vvau
                0x0201c21c                $e7Junkbot8SpriteIDO18hazSlickFanOnCounts5Int32VvgZ
                0x0201c224                $e7Junkbot8SpriteIDO19hazSlickFireOffBases5Int32VvgZ
                0x0201c22c                $e7Junkbot8SpriteIDO20hazSlickFireOffCounts5Int32Vvau
                0x0201c23c                $e7Junkbot8SpriteIDO20hazSlickFireOffCounts5Int32VvgZ
                0x0201c244                $e7Junkbot8SpriteIDO18hazSlickFireOnBases5Int32VvgZ
                0x0201c24c                $e7Junkbot8SpriteIDO19hazSlickFireOnCounts5Int32Vvau
                0x0201c25c                $e7Junkbot8SpriteIDO19hazSlickFireOnCounts5Int32VvgZ
                0x0201c264                $e7Junkbot8SpriteIDO22hazSlickJumpActiveBases5Int32VvgZ
                0x0201c26c                $e7Junkbot8SpriteIDO23hazSlickJumpActiveCounts5Int32Vvau
                0x0201c27c                $e7Junkbot8SpriteIDO23hazSlickJumpActiveCounts5Int32VvgZ
                0x0201c284                $e7Junkbot8SpriteIDO23hazSlickJumpDormantBases5Int32VvgZ
                0x0201c28c                $e7Junkbot8SpriteIDO24hazSlickJumpDormantCounts5Int32Vvau
                0x0201c29c                $e7Junkbot8SpriteIDO24hazSlickJumpDormantCounts5Int32VvgZ
                0x0201c2a4                $e7Junkbot8SpriteIDO19hazSlickPipeDryBases5Int32VvgZ
                0x0201c2ac                $e7Junkbot8SpriteIDO20hazSlickPipeDryCounts5Int32Vvau
                0x0201c2bc                $e7Junkbot8SpriteIDO20hazSlickPipeDryCounts5Int32VvgZ
                0x0201c2c4                $e7Junkbot8SpriteIDO19hazSlickPipeWetBases5Int32VvgZ
                0x0201c2cc                $e7Junkbot8SpriteIDO20hazSlickPipeWetCounts5Int32Vvau
                0x0201c2dc                $e7Junkbot8SpriteIDO20hazSlickPipeWetCounts5Int32VvgZ
                0x0201c2e4                $e7Junkbot8SpriteIDO21hazSlickSwitchOffBases5Int32VvgZ
                0x0201c2ec                $e7Junkbot8SpriteIDO22hazSlickSwitchOffCounts5Int32Vvau
                0x0201c2fc                $e7Junkbot8SpriteIDO22hazSlickSwitchOffCounts5Int32VvgZ
                0x0201c304                $e7Junkbot8SpriteIDO20hazSlickSwitchOnBases5Int32VvgZ
                0x0201c30c                $e7Junkbot8SpriteIDO21hazSlickSwitchOnCounts5Int32Vvau
                0x0201c31c                $e7Junkbot8SpriteIDO21hazSlickSwitchOnCounts5Int32VvgZ
                0x0201c324                $e7Junkbot8SpriteIDO14minifigDieBases5Int32VvgZ
                0x0201c32c                $e7Junkbot8SpriteIDO15minifigDieCounts5Int32Vvau
                0x0201c33c                $e7Junkbot8SpriteIDO15minifigDieCounts5Int32VvgZ
                0x0201c344                $e7Junkbot8SpriteIDO19minifigEatStartBases5Int32VvgZ
                0x0201c34c                $e7Junkbot8SpriteIDO20minifigEatStartCounts5Int32Vvau
                0x0201c35c                $e7Junkbot8SpriteIDO20minifigEatStartCounts5Int32VvgZ
                0x0201c364                $e7Junkbot8SpriteIDO20minifigShieldEatBases5Int32VvgZ
                0x0201c36c                $e7Junkbot8SpriteIDO21minifigShieldEatCounts5Int32Vvau
                0x0201c37c                $e7Junkbot8SpriteIDO21minifigShieldEatCounts5Int32VvgZ
                0x0201c384                $e7Junkbot8SpriteIDO20minifigShieldOnLBases5Int32VvgZ
                0x0201c38c                $e7Junkbot8SpriteIDO21minifigShieldOnLCounts5Int32Vvau
                0x0201c39c                $e7Junkbot8SpriteIDO21minifigShieldOnLCounts5Int32VvgZ
                0x0201c3a4                $e7Junkbot8SpriteIDO20minifigShieldOnRBases5Int32VvgZ
                0x0201c3ac                $e7Junkbot8SpriteIDO21minifigShieldOnRCounts5Int32Vvau
                0x0201c3bc                $e7Junkbot8SpriteIDO21minifigShieldOnRCounts5Int32VvgZ
                0x0201c3c4                $e7Junkbot8SpriteIDO22minifigShieldWalkLBases5Int32Vvau
                0x0201c3d4                $e7Junkbot8SpriteIDO22minifigShieldWalkLBases5Int32VvgZ
                0x0201c3dc                $e7Junkbot8SpriteIDO23minifigShieldWalkLCounts5Int32Vvau
                0x0201c3ec                $e7Junkbot8SpriteIDO23minifigShieldWalkLCounts5Int32VvgZ
                0x0201c3f4                $e7Junkbot8SpriteIDO22minifigShieldWalkRBases5Int32Vvau
                0x0201c404                $e7Junkbot8SpriteIDO22minifigShieldWalkRBases5Int32VvgZ
                0x0201c40c                $e7Junkbot8SpriteIDO23minifigShieldWalkRCounts5Int32Vvau
                0x0201c41c                $e7Junkbot8SpriteIDO23minifigShieldWalkRCounts5Int32VvgZ
                0x0201c424                $e7Junkbot8SpriteIDO16minifigWalkLBases5Int32Vvau
                0x0201c434                $e7Junkbot8SpriteIDO16minifigWalkLBases5Int32VvgZ
                0x0201c43c                $e7Junkbot8SpriteIDO17minifigWalkLCounts5Int32Vvau
                0x0201c44c                $e7Junkbot8SpriteIDO17minifigWalkLCounts5Int32VvgZ
                0x0201c454                $e7Junkbot8SpriteIDO16minifigWalkRBases5Int32Vvau
                0x0201c464                $e7Junkbot8SpriteIDO16minifigWalkRBases5Int32VvgZ
                0x0201c46c                $e7Junkbot8SpriteIDO17minifigWalkRCounts5Int32Vvau
                0x0201c47c                $e7Junkbot8SpriteIDO17minifigWalkRCounts5Int32VvgZ
                0x0201c484                $e7Junkbot8SpriteIDO19minifigWaterDieBases5Int32VvgZ
                0x0201c48c                $e7Junkbot8SpriteIDO20minifigWaterDieCounts5Int32Vvau
                0x0201c49c                $e7Junkbot8SpriteIDO20minifigWaterDieCounts5Int32VvgZ
                0x0201c4a4                $e7Junkbot8SpriteIDO20hazSlickLaserLOnBases5Int32VvgZ
                0x0201c4ac                $e7Junkbot8SpriteIDO21hazSlickLaserLOnCounts5Int32Vvau
                0x0201c4bc                $e7Junkbot8SpriteIDO21hazSlickLaserLOnCounts5Int32VvgZ
                0x0201c4c4                $e7Junkbot8SpriteIDO20hazSlickLaserROnBases5Int32VvgZ
                0x0201c4cc                $e7Junkbot8SpriteIDO21hazSlickLaserROnCounts5Int32Vvau
                0x0201c4dc                $e7Junkbot8SpriteIDO21hazSlickLaserROnCounts5Int32VvgZ
                0x0201c4e4                $e7Junkbot8SpriteIDO26hazSlickTeleportActiveBases5Int32VvgZ
                0x0201c4ec                $e7Junkbot8SpriteIDO27hazSlickTeleportActiveCounts5Int32Vvau
                0x0201c4fc                $e7Junkbot8SpriteIDO27hazSlickTeleportActiveCounts5Int32VvgZ
                0x0201c504                $e7Junkbot8SpriteIDO23hazSlickTeleportOffBases5Int32VvgZ
                0x0201c510                $e7Junkbot8SpriteIDO24hazSlickTeleportOffCounts5Int32Vvau
                0x0201c520                $e7Junkbot8SpriteIDO24hazSlickTeleportOffCounts5Int32VvgZ
                0x0201c528                $e7Junkbot8SpriteIDO22hazSlickTeleportOnBases5Int32VvgZ
                0x0201c534                $e7Junkbot8SpriteIDO23hazSlickTeleportOnCounts5Int32Vvau
                0x0201c544                $e7Junkbot8SpriteIDO23hazSlickTeleportOnCounts5Int32VvgZ
                0x0201c54c                $e7Junkbot8SpriteIDO14laserbeam1Bases5Int32VvgZ
                0x0201c558                $e7Junkbot8SpriteIDO15laserbeam1Counts5Int32Vvau
                0x0201c568                $e7Junkbot8SpriteIDO15laserbeam1Counts5Int32VvgZ
                0x0201c570                $e7Junkbot8SpriteIDO12transEfxBases5Int32VvgZ
                0x0201c57c                $e7Junkbot8SpriteIDO13transEfxCounts5Int32Vvau
                0x0201c58c                $e7Junkbot8SpriteIDO13transEfxCounts5Int32VvgZ
                0x0201c594                $e7Junkbot8SpriteIDO16bgLiteNumberBases5Int32Vvau
                0x0201c5a4                $e7Junkbot8SpriteIDO16bgLiteNumberBases5Int32VvgZ
                0x0201c5b0                $e7Junkbot8SpriteIDO17bgLiteNumberCounts5Int32Vvau
                0x0201c5c0                $e7Junkbot8SpriteIDO17bgLiteNumberCounts5Int32VvgZ
                0x0201c5c8                $e7Junkbot8SpriteIDO12bgNumberBases5Int32Vvau
                0x0201c5d8                $e7Junkbot8SpriteIDO12bgNumberBases5Int32VvgZ
                0x0201c5e4                $e7Junkbot8SpriteIDO13bgNumberCounts5Int32Vvau
                0x0201c5f4                $e7Junkbot8SpriteIDO13bgNumberCounts5Int32VvgZ
                0x0201c5fc                $e7Junkbot8SpriteIDO12bgUA1BkgBases5Int32Vvau
                0x0201c60c                $e7Junkbot8SpriteIDO12bgUA1BkgBases5Int32VvgZ
                0x0201c618                $e7Junkbot8SpriteIDO13bgUA1BkgCounts5Int32Vvau
                0x0201c628                $e7Junkbot8SpriteIDO13bgUA1BkgCounts5Int32VvgZ
                0x0201c630                $e7Junkbot8SpriteIDO14bgUA4PanelBases5Int32Vvau
                0x0201c640                $e7Junkbot8SpriteIDO14bgUA4PanelBases5Int32VvgZ
                0x0201c64c                $e7Junkbot8SpriteIDO15bgUA4PanelCounts5Int32Vvau
                0x0201c65c                $e7Junkbot8SpriteIDO15bgUA4PanelCounts5Int32VvgZ
                0x0201c664                $e7Junkbot8SpriteIDO17hazFloatActive1S1s5Int32Vvau
                0x0201c674                $e7Junkbot8SpriteIDO17hazFloatActive1S1s5Int32VvgZ
                0x0201c67c                $e7Junkbot8SpriteIDO17hazFloatActive1S2s5Int32Vvau
                0x0201c68c                $e7Junkbot8SpriteIDO17hazFloatActive1S2s5Int32VvgZ
                0x0201c694                $e7Junkbot8SpriteIDO17hazSlickshieldOffs5Int32VvgZ
                0x0201c69c                $e7Junkbot8SpriteIDO16hazSlickshieldOns5Int32VvgZ
                0x0201c6a4                $e7Junkbot8SpriteIDO3bins5Int32VvgZ
                0x0201c6ac                $e7Junkbot8SpriteIDO16eyebotActive1fixs5Int32Vvau
                0x0201c6bc                $e7Junkbot8SpriteIDO16eyebotActive1fixs5Int32VvgZ
                0x0201c6c4                $e7Junkbot8SpriteIDO13largerBkgTests5Int32Vvau
                0x0201c6d4                $e7Junkbot8SpriteIDO13largerBkgTests5Int32VvgZ
                0x0201c6dc                $e7Junkbot8SpriteIDO11minifigDeads5Int32VvgZ